Archive member included to satisfy reference by file (symbol)

/Applications/STM32CubeIDE.app/Contents/Eclipse/plugins/com.st.stm32cube.ide.mcu.externaltools.gnu-tools-for-stm32.11.3.rel1.macos64_1.1.100.202310310803/tools/bin/../lib/gcc/arm-none-eabi/11.3.1/../../../../arm-none-eabi/lib/thumb/v7-m/nofp/libc.a(libc_a-exit.o)
                              /Applications/STM32CubeIDE.app/Contents/Eclipse/plugins/com.st.stm32cube.ide.mcu.externaltools.gnu-tools-for-stm32.11.3.rel1.macos64_1.1.100.202310310803/tools/bin/../lib/gcc/arm-none-eabi/11.3.1/../../../../arm-none-eabi/lib/thumb/v7-m/nofp/crt0.o (exit)
/Applications/STM32CubeIDE.app/Contents/Eclipse/plugins/com.st.stm32cube.ide.mcu.externaltools.gnu-tools-for-stm32.11.3.rel1.macos64_1.1.100.202310310803/tools/bin/../lib/gcc/arm-none-eabi/11.3.1/../../../../arm-none-eabi/lib/thumb/v7-m/nofp/libc.a(libc_a-malloc.o)
                              ./lib/bsp/stm32f1_sys.o (malloc)
/Applications/STM32CubeIDE.app/Contents/Eclipse/plugins/com.st.stm32cube.ide.mcu.externaltools.gnu-tools-for-stm32.11.3.rel1.macos64_1.1.100.202310310803/tools/bin/../lib/gcc/arm-none-eabi/11.3.1/../../../../arm-none-eabi/lib/thumb/v7-m/nofp/libc.a(libc_a-mallocr.o)
                              /Applications/STM32CubeIDE.app/Contents/Eclipse/plugins/com.st.stm32cube.ide.mcu.externaltools.gnu-tools-for-stm32.11.3.rel1.macos64_1.1.100.202310310803/tools/bin/../lib/gcc/arm-none-eabi/11.3.1/../../../../arm-none-eabi/lib/thumb/v7-m/nofp/libc.a(libc_a-malloc.o) (_malloc_r)
/Applications/STM32CubeIDE.app/Contents/Eclipse/plugins/com.st.stm32cube.ide.mcu.externaltools.gnu-tools-for-stm32.11.3.rel1.macos64_1.1.100.202310310803/tools/bin/../lib/gcc/arm-none-eabi/11.3.1/../../../../arm-none-eabi/lib/thumb/v7-m/nofp/libc.a(libc_a-printf.o)
                              ./lib/bsp/stm32f1_adc.o (printf)
/Applications/STM32CubeIDE.app/Contents/Eclipse/plugins/com.st.stm32cube.ide.mcu.externaltools.gnu-tools-for-stm32.11.3.rel1.macos64_1.1.100.202310310803/tools/bin/../lib/gcc/arm-none-eabi/11.3.1/../../../../arm-none-eabi/lib/thumb/v7-m/nofp/libc.a(libc_a-vfprintf.o)
                              /Applications/STM32CubeIDE.app/Contents/Eclipse/plugins/com.st.stm32cube.ide.mcu.externaltools.gnu-tools-for-stm32.11.3.rel1.macos64_1.1.100.202310310803/tools/bin/../lib/gcc/arm-none-eabi/11.3.1/../../../../arm-none-eabi/lib/thumb/v7-m/nofp/libc.a(libc_a-printf.o) (_vfprintf_r)
/Applications/STM32CubeIDE.app/Contents/Eclipse/plugins/com.st.stm32cube.ide.mcu.externaltools.gnu-tools-for-stm32.11.3.rel1.macos64_1.1.100.202310310803/tools/bin/../lib/gcc/arm-none-eabi/11.3.1/../../../../arm-none-eabi/lib/thumb/v7-m/nofp/libc.a(libc_a-vfiprintf.o)
                              /Applications/STM32CubeIDE.app/Contents/Eclipse/plugins/com.st.stm32cube.ide.mcu.externaltools.gnu-tools-for-stm32.11.3.rel1.macos64_1.1.100.202310310803/tools/bin/../lib/gcc/arm-none-eabi/11.3.1/../../../../arm-none-eabi/lib/thumb/v7-m/nofp/libc.a(libc_a-vfprintf.o) (__sprint_r)
/Applications/STM32CubeIDE.app/Contents/Eclipse/plugins/com.st.stm32cube.ide.mcu.externaltools.gnu-tools-for-stm32.11.3.rel1.macos64_1.1.100.202310310803/tools/bin/../lib/gcc/arm-none-eabi/11.3.1/../../../../arm-none-eabi/lib/thumb/v7-m/nofp/libc.a(libc_a-putchar.o)
                              ./lib/bsp/stm32f1_adc.o (putchar)
/Applications/STM32CubeIDE.app/Contents/Eclipse/plugins/com.st.stm32cube.ide.mcu.externaltools.gnu-tools-for-stm32.11.3.rel1.macos64_1.1.100.202310310803/tools/bin/../lib/gcc/arm-none-eabi/11.3.1/../../../../arm-none-eabi/lib/thumb/v7-m/nofp/libc.a(libc_a-mlock.o)
                              /Applications/STM32CubeIDE.app/Contents/Eclipse/plugins/com.st.stm32cube.ide.mcu.externaltools.gnu-tools-for-stm32.11.3.rel1.macos64_1.1.100.202310310803/tools/bin/../lib/gcc/arm-none-eabi/11.3.1/../../../../arm-none-eabi/lib/thumb/v7-m/nofp/libc.a(libc_a-mallocr.o) (__malloc_lock)
/Applications/STM32CubeIDE.app/Contents/Eclipse/plugins/com.st.stm32cube.ide.mcu.externaltools.gnu-tools-for-stm32.11.3.rel1.macos64_1.1.100.202310310803/tools/bin/../lib/gcc/arm-none-eabi/11.3.1/../../../../arm-none-eabi/lib/thumb/v7-m/nofp/libc.a(libc_a-puts.o)
                              ./lib/bsp/stm32f1_adc.o (puts)
/Applications/STM32CubeIDE.app/Contents/Eclipse/plugins/com.st.stm32cube.ide.mcu.externaltools.gnu-tools-for-stm32.11.3.rel1.macos64_1.1.100.202310310803/tools/bin/../lib/gcc/arm-none-eabi/11.3.1/../../../../arm-none-eabi/lib/thumb/v7-m/nofp/libc.a(libc_a-setvbuf.o)
                              ./lib/bsp/stm32f1_uart.o (setvbuf)
/Applications/STM32CubeIDE.app/Contents/Eclipse/plugins/com.st.stm32cube.ide.mcu.externaltools.gnu-tools-for-stm32.11.3.rel1.macos64_1.1.100.202310310803/tools/bin/../lib/gcc/arm-none-eabi/11.3.1/../../../../arm-none-eabi/lib/thumb/v7-m/nofp/libc.a(libc_a-fflush.o)
[...]
Memory Configuration

Name             Origin             Length             Attributes
FLASH            0x0000000008000000 0x000000000001fc00 xr
RAM              0x0000000020000000 0x0000000000005000 xrw
*default*        0x0000000000000000 0xffffffffffffffff

Linker script and memory map

LOAD /Applications/STM32CubeIDE.app/Contents/Eclipse/plugins/com.st.stm32cube.ide.mcu.externaltools.gnu-tools-for-stm32.11.3.rel1.macos64_1.1.100.202310310803/tools/bin/../lib/gcc/arm-none-eabi/11.3.1/thumb/v7-m/nofp/crti.o
LOAD /Applications/STM32CubeIDE.app/Contents/Eclipse/plugins/com.st.stm32cube.ide.mcu.externaltools.gnu-tools-for-stm32.11.3.rel1.macos64_1.1.100.202310310803/tools/bin/../lib/gcc/arm-none-eabi/11.3.1/thumb/v7-m/nofp/crtbegin.o
LOAD /Applications/STM32CubeIDE.app/Contents/Eclipse/plugins/com.st.stm32cube.ide.mcu.externaltools.gnu-tools-for-stm32.11.3.rel1.macos64_1.1.100.202310310803/tools/bin/../lib/gcc/arm-none-eabi/11.3.1/../../../../arm-none-eabi/lib/thumb/v7-m/nofp/crt0.o
LOAD ./appli/affichageTFT.o
LOAD ./appli/main.o
LOAD ./appli/mpc9701.o
LOAD ./lib/bsp/MPU6050/stm32f1_mpu6050.o
LOAD ./lib/bsp/stm32f1_adc.o
LOAD ./lib/bsp/stm32f1_gpio.o
LOAD ./lib/bsp/stm32f1_i2c.o
LOAD ./lib/bsp/stm32f1_rtc.o
LOAD ./lib/bsp/stm32f1_spi.o
LOAD ./lib/bsp/stm32f1_sys.o
LOAD ./lib/bsp/stm32f1_timer.o
LOAD ./lib/bsp/stm32f1_uart.o
LOAD ./lib/bsp/stm32f1_weak_it.o
LOAD ./lib/bsp/stm32f1xx_nucleo.o
LOAD ./lib/bsp/system_stm32f1xx.o
LOAD ./lib/bsp/systick.o
LOAD ./lib/bsp/tft_ili9341/TFT_basic.o
LOAD ./lib/bsp/tft_ili9341/stm32f1_fonts.o
LOAD ./lib/bsp/tft_ili9341/stm32f1_ili9341.o
LOAD ./lib/bsp/tft_ili9341/stm32f1_xpt2046.o
LOAD ./lib/hal/src/Legacy/stm32f1xx_hal_can.o
LOAD ./lib/hal/src/stm32f1xx_hal.o
LOAD ./lib/hal/src/stm32f1xx_hal_adc.o
LOAD ./lib/hal/src/stm32f1xx_hal_adc_ex.o
LOAD ./lib/hal/src/stm32f1xx_hal_can.o
LOAD ./lib/hal/src/stm32f1xx_hal_cec.o
LOAD ./lib/hal/src/stm32f1xx_hal_cortex.o
LOAD ./lib/hal/src/stm32f1xx_hal_crc.o
LOAD ./lib/hal/src/stm32f1xx_hal_dac.o
LOAD ./lib/hal/src/stm32f1xx_hal_dac_ex.o
LOAD ./lib/hal/src/stm32f1xx_hal_dma.o
LOAD ./lib/hal/src/stm32f1xx_hal_eth.o
LOAD ./lib/hal/src/stm32f1xx_hal_exti.o
LOAD ./lib/hal/src/stm32f1xx_hal_flash.o
LOAD ./lib/hal/src/stm32f1xx_hal_flash_ex.o
LOAD ./lib/hal/src/stm32f1xx_hal_gpio.o
LOAD ./lib/hal/src/stm32f1xx_hal_gpio_ex.o
LOAD ./lib/hal/src/stm32f1xx_hal_hcd.o
LOAD ./lib/hal/src/stm32f1xx_hal_i2c.o
LOAD ./lib/hal/src/stm32f1xx_hal_i2s.o
LOAD ./lib/hal/src/stm32f1xx_hal_irda.o
LOAD ./lib/hal/src/stm32f1xx_hal_iwdg.o
LOAD ./lib/hal/src/stm32f1xx_hal_mmc.o
LOAD ./lib/hal/src/stm32f1xx_hal_msp_template.o
LOAD ./lib/hal/src/stm32f1xx_hal_nand.o
LOAD ./lib/hal/src/stm32f1xx_hal_nor.o
LOAD ./lib/hal/src/stm32f1xx_hal_pccard.o
LOAD ./lib/hal/src/stm32f1xx_hal_pcd.o
LOAD ./lib/hal/src/stm32f1xx_hal_pcd_ex.o
LOAD ./lib/hal/src/stm32f1xx_hal_pwr.o
LOAD ./lib/hal/src/stm32f1xx_hal_rcc.o
LOAD ./lib/hal/src/stm32f1xx_hal_rcc_ex.o
LOAD ./lib/hal/src/stm32f1xx_hal_rtc.o
LOAD ./lib/hal/src/stm32f1xx_hal_rtc_ex.o
LOAD ./lib/hal/src/stm32f1xx_hal_sd.o
LOAD ./lib/hal/src/stm32f1xx_hal_smartcard.o
LOAD ./lib/hal/src/stm32f1xx_hal_spi.o
LOAD ./lib/hal/src/stm32f1xx_hal_spi_ex.o
LOAD ./lib/hal/src/stm32f1xx_hal_sram.o
LOAD ./lib/hal/src/stm32f1xx_hal_tim.o
LOAD ./lib/hal/src/stm32f1xx_hal_tim_ex.o
LOAD ./lib/hal/src/stm32f1xx_hal_uart.o
LOAD ./lib/hal/src/stm32f1xx_hal_usart.o
LOAD ./lib/hal/src/stm32f1xx_hal_wwdg.o
LOAD ./lib/hal/src/stm32f1xx_ll_adc.o
LOAD ./lib/hal/src/stm32f1xx_ll_crc.o
LOAD ./lib/hal/src/stm32f1xx_ll_dac.o
LOAD ./lib/hal/src/stm32f1xx_ll_dma.o
LOAD ./lib/hal/src/stm32f1xx_ll_exti.o
LOAD ./lib/hal/src/stm32f1xx_ll_fsmc.o
LOAD ./lib/hal/src/stm32f1xx_ll_gpio.o
LOAD ./lib/hal/src/stm32f1xx_ll_i2c.o
LOAD ./lib/hal/src/stm32f1xx_ll_pwr.o
LOAD ./lib/hal/src/stm32f1xx_ll_rcc.o
LOAD ./lib/hal/src/stm32f1xx_ll_rtc.o
LOAD ./lib/hal/src/stm32f1xx_ll_sdmmc.o
LOAD ./lib/hal/src/stm32f1xx_ll_spi.o
LOAD ./lib/hal/src/stm32f1xx_ll_tim.o
LOAD ./lib/hal/src/stm32f1xx_ll_usart.o
LOAD ./lib/hal/src/stm32f1xx_ll_usb.o
LOAD ./lib/hal/src/stm32f1xx_ll_utils.o
LOAD ./lib/startup_stm32f103xb.o
START GROUP
LOAD /Applications/STM32CubeIDE.app/Contents/Eclipse/plugins/com.st.stm32cube.ide.mcu.externaltools.gnu-tools-for-stm32.11.3.rel1.macos64_1.1.100.202310310803/tools/bin/../lib/gcc/arm-none-eabi/11.3.1/../../../../arm-none-eabi/lib/thumb/v7-m/nofp/libc.a
LOAD /Applications/STM32CubeIDE.app/Contents/Eclipse/plugins/com.st.stm32cube.ide.mcu.externaltools.gnu-tools-for-stm32.11.3.rel1.macos64_1.1.100.202310310803/tools/bin/../lib/gcc/arm-none-eabi/11.3.1/../../../../arm-none-eabi/lib/thumb/v7-m/nofp/libm.a
END GROUP
START GROUP
LOAD /Applications/STM32CubeIDE.app/Contents/Eclipse/plugins/com.st.stm32cube.ide.mcu.externaltools.gnu-tools-for-stm32.11.3.rel1.macos64_1.1.100.202310310803/tools/bin/../lib/gcc/arm-none-eabi/11.3.1/thumb/v7-m/nofp/libgcc.a
LOAD /Applications/STM32CubeIDE.app/Contents/Eclipse/plugins/com.st.stm32cube.ide.mcu.externaltools.gnu-tools-for-stm32.11.3.rel1.macos64_1.1.100.202310310803/tools/bin/../lib/gcc/arm-none-eabi/11.3.1/../../../../arm-none-eabi/lib/thumb/v7-m/nofp/libc.a
END GROUP
LOAD /Applications/STM32CubeIDE.app/Contents/Eclipse/plugins/com.st.stm32cube.ide.mcu.externaltools.gnu-tools-for-stm32.11.3.rel1.macos64_1.1.100.202310310803/tools/bin/../lib/gcc/arm-none-eabi/11.3.1/thumb/v7-m/nofp/crtend.o
LOAD /Applications/STM32CubeIDE.app/Contents/Eclipse/plugins/com.st.stm32cube.ide.mcu.externaltools.gnu-tools-for-stm32.11.3.rel1.macos64_1.1.100.202310310803/tools/bin/../lib/gcc/arm-none-eabi/11.3.1/thumb/v7-m/nofp/crtn.o
                0x0000000020005000                _estack = 0x20005000
                0x0000000000000200                _Min_Heap_Size = 0x200
                0x0000000000000400                _Min_Stack_Size = 0x400

.isr_vector     0x0000000008000000      0x10c
                0x0000000008000000                . = ALIGN (0x4)
 *(.isr_vector)
 .isr_vector    0x0000000008000000      0x10c ./lib/startup_stm32f103xb.o
                0x0000000008000000                g_pfnVectors
                0x000000000800010c                . = ALIGN (0x4)

.text           0x0000000008000110     0xad3c
                0x0000000008000110                . = ALIGN (0x4)
 *(.text)
 .text          0x0000000008000110       0x40 /Applications/STM32CubeIDE.app/Contents/Eclipse/plugins/com.st.stm32cube.ide.mcu.externaltools.gnu-tools-for-stm32.11.3.rel1.macos64_1.1.100.202310310803/tools/bin/../lib/gcc/arm-none-eabi/11.3.1/thumb/v7-m/nofp/crtbegin.o
 .text          0x0000000008000150       0x22 ./lib/startup_stm32f103xb.o
                0x0000000008000164                Delay_us
 .text          0x0000000008000172       0x10 /Applications/STM32CubeIDE.app/Contents/Eclipse/plugins/com.st.stm32cube.ide.mcu.externaltools.gnu-tools-for-stm32.11.3.rel1.macos64_1.1.100.202310310803/tools/bin/../lib/gcc/arm-none-eabi/11.3.1/../../../../arm-none-eabi/lib/thumb/v7-m/nofp/libc.a(libc_a-strlen.o)
                0x0000000008000172                strlen
 *fill*         0x0000000008000182        0x2 
 .text          0x0000000008000184      0x378 /Applications/STM32CubeIDE.app/Contents/Eclipse/plugins/com.st.stm32cube.ide.mcu.externaltools.gnu-tools-for-stm32.11.3.rel1.macos64_1.1.100.202310310803/tools/bin/../lib/gcc/arm-none-eabi/11.3.1/thumb/v7-m/nofp/libgcc.a(_arm_addsubdf3.o)
                0x0000000008000184                __aeabi_drsub
                0x000000000800018c                __subdf3
                0x000000000800018c                __aeabi_dsub
                0x0000000008000190                __aeabi_dadd
                0x0000000008000190                __adddf3
                0x0000000008000408                __aeabi_ui2d
                0x0000000008000408                __floatunsidf
                0x0000000008000428                __floatsidf
                0x0000000008000428                __aeabi_i2d
                0x000000000800044c                __extendsfdf2
                0x000000000800044c                __aeabi_f2d
                0x0000000008000490                __aeabi_ul2d
                0x0000000008000490                __floatundidf
                0x00000000080004a0                __aeabi_l2d
                0x00000000080004a0                __floatdidf
 .text          0x00000000080004fc      0x424 /Applications/STM32CubeIDE.app/Contents/Eclipse/plugins/com.st.stm32cube.ide.mcu.externaltools.gnu-tools-for-stm32.11.3.rel1.macos64_1.1.100.202310310803/tools/bin/../lib/gcc/arm-none-eabi/11.3.1/thumb/v7-m/nofp/libgcc.a(_arm_muldivdf3.o)
                0x00000000080004fc                __aeabi_dmul
                0x00000000080004fc                __muldf3
                0x0000000008000750                __aeabi_ddiv
                0x0000000008000750                __divdf3
 .text          0x0000000008000920      0x110 /Applications/STM32CubeIDE.app/Contents/Eclipse/plugins/com.st.stm32cube.ide.mcu.externaltools.gnu-tools-for-stm32.11.3.rel1.macos64_1.1.100.202310310803/tools/bin/../lib/gcc/arm-none-eabi/11.3.1/thumb/v7-m/nofp/libgcc.a(_arm_cmpdf2.o)
                0x0000000008000920                __gedf2
                0x0000000008000920                __gtdf2
                0x0000000008000928                __ledf2
                0x0000000008000928                __ltdf2
                0x0000000008000930                __cmpdf2
                0x0000000008000930                __eqdf2
                0x0000000008000930                __nedf2
                0x00000000080009ac                __aeabi_cdrcmple
                0x00000000080009bc                __aeabi_cdcmple
                0x00000000080009bc                __aeabi_cdcmpeq
                0x00000000080009cc                __aeabi_dcmpeq
                0x00000000080009e0                __aeabi_dcmplt
                0x00000000080009f4                __aeabi_dcmple
                0x0000000008000a08                __aeabi_dcmpge
                0x0000000008000a1c                __aeabi_dcmpgt
 .text          0x0000000008000a30       0x2c /Applications/STM32CubeIDE.app/Contents/Eclipse/plugins/com.st.stm32cube.ide.mcu.externaltools.gnu-tools-for-stm32.11.3.rel1.macos64_1.1.100.202310310803/tools/bin/../lib/gcc/arm-none-eabi/11.3.1/thumb/v7-m/nofp/libgcc.a(_arm_unorddf2.o)
                0x0000000008000a30                __aeabi_dcmpun
                0x0000000008000a30                __unorddf2
 .text          0x0000000008000a5c       0x50 /Applications/STM32CubeIDE.app/Contents/Eclipse/plugins/com.st.stm32cube.ide.mcu.externaltools.gnu-tools-for-stm32.11.3.rel1.macos64_1.1.100.202310310803/tools/bin/../lib/gcc/arm-none-eabi/11.3.1/thumb/v7-m/nofp/libgcc.a(_arm_fixdfsi.o)
                0x0000000008000a5c                __fixdfsi
                0x0000000008000a5c                __aeabi_d2iz
 .text          0x0000000008000aac       0xa0 /Applications/STM32CubeIDE.app/Contents/Eclipse/plugins/com.st.stm32cube.ide.mcu.externaltools.gnu-tools-for-stm32.11.3.rel1.macos64_1.1.100.202310310803/tools/bin/../lib/gcc/arm-none-eabi/11.3.1/thumb/v7-m/nofp/libgcc.a(_arm_truncdfsf2.o)
                0x0000000008000aac                __aeabi_d2f
                0x0000000008000aac                __truncdfsf2
 .text          0x0000000008000b4c      0x21c /Applications/STM32CubeIDE.app/Contents/Eclipse/plugins/com.st.stm32cube.ide.mcu.externaltools.gnu-tools-for-stm32.11.3.rel1.macos64_1.1.100.202310310803/tools/bin/../lib/gcc/arm-none-eabi/11.3.1/thumb/v7-m/nofp/libgcc.a(_arm_addsubsf3.o)
                0x0000000008000b4c                __aeabi_frsub
                0x0000000008000b54                __aeabi_fsub
                0x0000000008000b54                __subsf3
                0x0000000008000b58                __aeabi_fadd
                0x0000000008000b58                __addsf3
                0x0000000008000cb8                __aeabi_ui2f
                0x0000000008000cb8                __floatunsisf
                0x0000000008000cc0                __floatsisf
                0x0000000008000cc0                __aeabi_i2f
                0x0000000008000cdc                __aeabi_ul2f
                0x0000000008000cdc                __floatundisf
                0x0000000008000cec                __aeabi_l2f
                0x0000000008000cec                __floatdisf
 .text          0x0000000008000d68       0xa0 /Applications/STM32CubeIDE.app/Contents/Eclipse/plugins/com.st.stm32cube.ide.mcu.externaltools.gnu-tools-for-stm32.11.3.rel1.macos64_1.1.100.202310310803/tools/bin/../lib/gcc/arm-none-eabi/11.3.1/thumb/v7-m/nofp/libgcc.a(_aeabi_ldivmod.o)
                0x0000000008000d68                __aeabi_ldivmod
 .text          0x0000000008000e08       0x30 /Applications/STM32CubeIDE.app/Contents/Eclipse/plugins/com.st.stm32cube.ide.mcu.externaltools.gnu-tools-for-stm32.11.3.rel1.macos64_1.1.100.202310310803/tools/bin/../lib/gcc/arm-none-eabi/11.3.1/thumb/v7-m/nofp/libgcc.a(_aeabi_uldivmod.o)
                0x0000000008000e08                __aeabi_uldivmod
 .text          0x0000000008000e38      0x2cc /Applications/STM32CubeIDE.app/Contents/Eclipse/plugins/com.st.stm32cube.ide.mcu.externaltools.gnu-tools-for-stm32.11.3.rel1.macos64_1.1.100.202310310803/tools/bin/../lib/gcc/arm-none-eabi/11.3.1/thumb/v7-m/nofp/libgcc.a(_udivmoddi4.o)
                0x0000000008000e38                __udivmoddi4
 .text          0x0000000008001104        0x4 /Applications/STM32CubeIDE.app/Contents/Eclipse/plugins/com.st.stm32cube.ide.mcu.externaltools.gnu-tools-for-stm32.11.3.rel1.macos64_1.1.100.202310310803/tools/bin/../lib/gcc/arm-none-eabi/11.3.1/thumb/v7-m/nofp/libgcc.a(_dvmd_tls.o)
                0x0000000008001104                __aeabi_ldiv0
                0x0000000008001104                __aeabi_idiv0
 *(.text*)
 .text.writeValueFloat
                0x0000000008001108       0x34 ./appli/affichageTFT.o
 .text.initTemplate
                0x000000000800113c      0x168 ./appli/affichageTFT.o
                0x000000000800113c                initTemplate
 .text.writeTemp
                0x00000000080012a4        0xc ./appli/affichageTFT.o
                0x00000000080012a4                writeTemp
 .text.initBuffer
                0x00000000080012b0       0x14 ./appli/affichageTFT.o
                0x00000000080012b0                initBuffer
 .text.printCardioGraphe
                0x00000000080012c4       0x98 ./appli/affichageTFT.o
                0x00000000080012c4                printCardioGraphe
 .text.addValue
                0x000000000800135c       0x60 ./appli/affichageTFT.o
                0x000000000800135c                addValue
 .text.getCardio
                0x00000000080013bc        0x8 ./appli/main.o
                0x00000000080013bc                getCardio
 .text.Cardio_init
                0x00000000080013c4       0x28 ./appli/main.o
                0x00000000080013c4                Cardio_init
 .text.main     0x00000000080013ec       0xb4 ./appli/main.o
                0x00000000080013ec                main
 .text.getTemp  0x00000000080014a0       0x74 ./appli/mpc9701.o
                0x00000000080014a0                getTemp
 .text.PORTS_adc_init
                0x0000000008001514       0x98 ./lib/bsp/stm32f1_adc.o
 .text.ADC_init
                0x00000000080015ac       0xfc ./lib/bsp/stm32f1_adc.o
                0x00000000080015ac                ADC_init
 .text.ADC_getValue
                0x00000000080016a8       0x34 ./lib/bsp/stm32f1_adc.o
                0x00000000080016a8                ADC_getValue
 .text.DMA1_Channel1_IRQHandler
                0x00000000080016dc       0x24 ./lib/bsp/stm32f1_adc.o
                0x00000000080016dc                DMA1_Channel1_IRQHandler
 .text.BSP_GPIO_Enable
                0x0000000008001700       0x8c ./lib/bsp/stm32f1_gpio.o
                0x0000000008001700                BSP_GPIO_Enable
 .text.BSP_GPIO_PinCfg
                0x000000000800178c       0x1a ./lib/bsp/stm32f1_gpio.o
                0x000000000800178c                BSP_GPIO_PinCfg
 *fill*         0x00000000080017a6        0x2 
 .text.NVIC_SystemReset
                0x00000000080017a8       0x24 ./lib/bsp/stm32f1_spi.o
 .text.SPI_Init
                0x00000000080017cc      0x13c ./lib/bsp/stm32f1_spi.o
                0x00000000080017cc                SPI_Init
 .text.SPI_WriteNoRegister
                0x0000000008001908       0x5c ./lib/bsp/stm32f1_spi.o
                0x0000000008001908                SPI_WriteNoRegister
 .text.SPI_WriteMultiNoRegister
                0x0000000008001964       0x50 ./lib/bsp/stm32f1_spi.o
                0x0000000008001964                SPI_WriteMultiNoRegister
 .text.TM_SPI_SetDataSize
                0x00000000080019b4       0x60 ./lib/bsp/stm32f1_spi.o
                0x00000000080019b4                TM_SPI_SetDataSize
 .text.SYS_NVIC_PriorityGrouping
                0x0000000008001a14        0xa ./lib/bsp/stm32f1_sys.o
                0x0000000008001a14                SYS_NVIC_PriorityGrouping
 .text.Delay_ms
                0x0000000008001a1e       0x22 ./lib/bsp/stm32f1_sys.o
                0x0000000008001a1e                Delay_ms
 .text.SYS_ClockConfig
                0x0000000008001a40       0x4a ./lib/bsp/stm32f1_sys.o
                0x0000000008001a40                SYS_ClockConfig
 .text.HAL_MspInit
                0x0000000008001a8a        0xc ./lib/bsp/stm32f1_sys.o
                0x0000000008001a8a                HAL_MspInit
 .text._close   0x0000000008001a96        0x6 ./lib/bsp/stm32f1_sys.o
                0x0000000008001a96                _close
 .text._fstat   0x0000000008001a9c        0xa ./lib/bsp/stm32f1_sys.o
                0x0000000008001a9c                _fstat
 .text._getpid  0x0000000008001aa6        0x4 ./lib/bsp/stm32f1_sys.o
                0x0000000008001aa6                _getpid
 .text._isatty  0x0000000008001aaa       0x16 ./lib/bsp/stm32f1_sys.o
                0x0000000008001aaa                _isatty
 .text._kill    0x0000000008001ac0       0x10 ./lib/bsp/stm32f1_sys.o
                0x0000000008001ac0                _kill
 .text._lseek   0x0000000008001ad0        0x4 ./lib/bsp/stm32f1_sys.o
                0x0000000008001ad0                _lseek
 .text._sbrk    0x0000000008001ad4       0x3c ./lib/bsp/stm32f1_sys.o
                0x0000000008001ad4                _sbrk
 .text._sbrk_r  0x0000000008001b10       0x34 ./lib/bsp/stm32f1_sys.o
                0x0000000008001b10                _sbrk_r
 .text.SYS_set_std_usart
                0x0000000008001b44       0x2c ./lib/bsp/stm32f1_sys.o
                0x0000000008001b44                SYS_set_std_usart
 .text._read    0x0000000008001b70       0x48 ./lib/bsp/stm32f1_sys.o
                0x0000000008001b70                _read
 .text._write   0x0000000008001bb8       0x5c ./lib/bsp/stm32f1_sys.o
                0x0000000008001bb8                _write
 .text._exit    0x0000000008001c14       0x14 ./lib/bsp/stm32f1_sys.o
                0x0000000008001c14                _exit
 .text.dump_printf
                0x0000000008001c28       0x38 ./lib/bsp/stm32f1_sys.o
                0x0000000008001c28                dump_printf
 .text.dump_trap_info
                0x0000000008001c60      0x11c ./lib/bsp/stm32f1_sys.o
                0x0000000008001c60                dump_trap_info
 .text.Fault_Handler
                0x0000000008001d7c       0x14 ./lib/bsp/stm32f1_sys.o
                0x0000000008001d7c                HardFault_Handler
                0x0000000008001d7c                UsageFault_Handler
                0x0000000008001d7c                MemManage_Handler
                0x0000000008001d7c                Fault_Handler
                0x0000000008001d7c                BusFault_Handler
 .text.NMI_Handler
                0x0000000008001d90       0x10 ./lib/bsp/stm32f1_sys.o
                0x0000000008001d90                NMI_Handler
 .text.SVC_Handler
                0x0000000008001da0       0x10 ./lib/bsp/stm32f1_sys.o
                0x0000000008001da0                SVC_Handler
 .text.DebugMon_Handler
                0x0000000008001db0       0x10 ./lib/bsp/stm32f1_sys.o
                0x0000000008001db0                DebugMon_Handler
 .text.PendSV_Handler
                0x0000000008001dc0       0x10 ./lib/bsp/stm32f1_sys.o
                0x0000000008001dc0                PendSV_Handler
 .text.TIMER_get_phandler
                0x0000000008001dd0        0xc ./lib/bsp/stm32f1_timer.o
                0x0000000008001dd0                TIMER_get_phandler
 .text.TIMER1_user_handler_it
                0x0000000008001ddc        0x2 ./lib/bsp/stm32f1_timer.o
                0x0000000008001ddc                TIMER1_user_handler_it
 .text.TIMER2_user_handler_it
                0x0000000008001dde        0x2 ./lib/bsp/stm32f1_timer.o
                0x0000000008001dde                TIMER2_user_handler_it
 .text.TIMER3_user_handler_it
                0x0000000008001de0        0x2 ./lib/bsp/stm32f1_timer.o
                0x0000000008001de0                TIMER3_user_handler_it
 .text.TIMER4_user_handler_it
                0x0000000008001de2        0x2 ./lib/bsp/stm32f1_timer.o
                0x0000000008001de2                TIMER4_user_handler_it
 .text.TIM1_UP_IRQHandler
                0x0000000008001de4       0x20 ./lib/bsp/stm32f1_timer.o
                0x0000000008001de4                TIM1_UP_IRQHandler
 .text.TIM2_IRQHandler
                0x0000000008001e04       0x20 ./lib/bsp/stm32f1_timer.o
                0x0000000008001e04                TIM2_IRQHandler
 .text.TIM3_IRQHandler
                0x0000000008001e24       0x24 ./lib/bsp/stm32f1_timer.o
                0x0000000008001e24                TIM3_IRQHandler
 .text.TIM4_IRQHandler
                0x0000000008001e48       0x24 ./lib/bsp/stm32f1_timer.o
                0x0000000008001e48                TIM4_IRQHandler
 .text.clear_it_status
                0x0000000008001e6c       0x44 ./lib/bsp/stm32f1_timer.o
                0x0000000008001e6c                clear_it_status
 .text.TIMER_run_us
                0x0000000008001eb0      0x1a0 ./lib/bsp/stm32f1_timer.o
                0x0000000008001eb0                TIMER_run_us
 .text.NVIC_SystemReset
                0x0000000008002050       0x24 ./lib/bsp/stm32f1_uart.o
 .text.UART_init
                0x0000000008002074      0x108 ./lib/bsp/stm32f1_uart.o
                0x0000000008002074                UART_init
 .text.UART_data_ready
                0x000000000800217c       0x28 ./lib/bsp/stm32f1_uart.o
                0x000000000800217c                UART_data_ready
 .text.UART_get_next_byte
                0x00000000080021a4       0x90 ./lib/bsp/stm32f1_uart.o
                0x00000000080021a4                UART_get_next_byte
 .text.UART_putc
                0x0000000008002234       0x74 ./lib/bsp/stm32f1_uart.o
                0x0000000008002234                UART_putc
 .text.UART_impolite_force_puts_on_uart
                0x00000000080022a8       0x34 ./lib/bsp/stm32f1_uart.o
                0x00000000080022a8                UART_impolite_force_puts_on_uart
 .text.USART1_IRQHandler
                0x00000000080022dc       0x10 ./lib/bsp/stm32f1_uart.o
                0x00000000080022dc                USART1_IRQHandler
 .text.USART2_IRQHandler
                0x00000000080022ec       0x10 ./lib/bsp/stm32f1_uart.o
                0x00000000080022ec                USART2_IRQHandler
 .text.USART3_IRQHandler
                0x00000000080022fc       0x10 ./lib/bsp/stm32f1_uart.o
                0x00000000080022fc                USART3_IRQHandler
 .text.HAL_UART_RxCpltCallback
                0x000000000800230c       0x70 ./lib/bsp/stm32f1_uart.o
                0x000000000800230c                HAL_UART_RxCpltCallback
 .text.HAL_UART_MspInit
                0x000000000800237c      0x134 ./lib/bsp/stm32f1_uart.o
                0x000000000800237c                HAL_UART_MspInit
 .text.HAL_UART_ErrorCallback
                0x00000000080024b0       0x14 ./lib/bsp/stm32f1_uart.o
                0x00000000080024b0                HAL_UART_ErrorCallback
 .text.WWDG_IRQHandler
                0x00000000080024c4       0x18 ./lib/bsp/stm32f1_weak_it.o
                0x00000000080024c4                WWDG_IRQHandler
 .text.PVD_IRQHandler
                0x00000000080024dc       0x18 ./lib/bsp/stm32f1_weak_it.o
                0x00000000080024dc                PVD_IRQHandler
 .text.TAMPER_IRQHandler
                0x00000000080024f4       0x18 ./lib/bsp/stm32f1_weak_it.o
                0x00000000080024f4                TAMPER_IRQHandler
 .text.RTC_IRQHandler
                0x000000000800250c       0x18 ./lib/bsp/stm32f1_weak_it.o
                0x000000000800250c                RTC_IRQHandler
 .text.FLASH_IRQHandler
                0x0000000008002524       0x18 ./lib/bsp/stm32f1_weak_it.o
                0x0000000008002524                FLASH_IRQHandler
 .text.RCC_IRQHandler
                0x000000000800253c       0x18 ./lib/bsp/stm32f1_weak_it.o
                0x000000000800253c                RCC_IRQHandler
 .text.EXTI0_IRQHandler
                0x0000000008002554       0x18 ./lib/bsp/stm32f1_weak_it.o
                0x0000000008002554                EXTI0_IRQHandler
 .text.EXTI1_IRQHandler
                0x000000000800256c       0x18 ./lib/bsp/stm32f1_weak_it.o
                0x000000000800256c                EXTI1_IRQHandler
 .text.EXTI2_IRQHandler
                0x0000000008002584       0x18 ./lib/bsp/stm32f1_weak_it.o
                0x0000000008002584                EXTI2_IRQHandler
 .text.EXTI3_IRQHandler
                0x000000000800259c       0x18 ./lib/bsp/stm32f1_weak_it.o
                0x000000000800259c                EXTI3_IRQHandler
 .text.EXTI4_IRQHandler
                0x00000000080025b4       0x18 ./lib/bsp/stm32f1_weak_it.o
                0x00000000080025b4                EXTI4_IRQHandler
 .text.DMA1_Channel2_IRQHandler
                0x00000000080025cc       0x18 ./lib/bsp/stm32f1_weak_it.o
                0x00000000080025cc                DMA1_Channel2_IRQHandler
 .text.DMA1_Channel3_IRQHandler
                0x00000000080025e4       0x18 ./lib/bsp/stm32f1_weak_it.o
                0x00000000080025e4                DMA1_Channel3_IRQHandler
 .text.DMA1_Channel4_IRQHandler
                0x00000000080025fc       0x18 ./lib/bsp/stm32f1_weak_it.o
                0x00000000080025fc                DMA1_Channel4_IRQHandler
 .text.DMA1_Channel5_IRQHandler
                0x0000000008002614       0x18 ./lib/bsp/stm32f1_weak_it.o
                0x0000000008002614                DMA1_Channel5_IRQHandler
 .text.DMA1_Channel6_IRQHandler
                0x000000000800262c       0x18 ./lib/bsp/stm32f1_weak_it.o
                0x000000000800262c                DMA1_Channel6_IRQHandler
 .text.DMA1_Channel7_IRQHandler
                0x0000000008002644       0x18 ./lib/bsp/stm32f1_weak_it.o
                0x0000000008002644                DMA1_Channel7_IRQHandler
 .text.ADC1_2_IRQHandler
                0x000000000800265c       0x18 ./lib/bsp/stm32f1_weak_it.o
                0x000000000800265c                ADC1_2_IRQHandler
 .text.USB_HP_CAN1_TX_IRQHandler
                0x0000000008002674       0x18 ./lib/bsp/stm32f1_weak_it.o
                0x0000000008002674                USB_HP_CAN1_TX_IRQHandler
 .text.USB_LP_CAN1_RX0_IRQHandler
                0x000000000800268c       0x18 ./lib/bsp/stm32f1_weak_it.o
                0x000000000800268c                USB_LP_CAN1_RX0_IRQHandler
 .text.CAN1_RX1_IRQHandler
                0x00000000080026a4       0x18 ./lib/bsp/stm32f1_weak_it.o
                0x00000000080026a4                CAN1_RX1_IRQHandler
 .text.CAN1_SCE_IRQHandler
                0x00000000080026bc       0x18 ./lib/bsp/stm32f1_weak_it.o
                0x00000000080026bc                CAN1_SCE_IRQHandler
 .text.EXTI9_5_IRQHandler
                0x00000000080026d4       0x18 ./lib/bsp/stm32f1_weak_it.o
                0x00000000080026d4                EXTI9_5_IRQHandler
 .text.TIM1_BRK_IRQHandler
                0x00000000080026ec       0x18 ./lib/bsp/stm32f1_weak_it.o
                0x00000000080026ec                TIM1_BRK_IRQHandler
 .text.TIM1_TRG_COM_IRQHandler
                0x0000000008002704       0x18 ./lib/bsp/stm32f1_weak_it.o
                0x0000000008002704                TIM1_TRG_COM_IRQHandler
 .text.TIM1_CC_IRQHandler
                0x000000000800271c       0x18 ./lib/bsp/stm32f1_weak_it.o
                0x000000000800271c                TIM1_CC_IRQHandler
 .text.I2C1_EV_IRQHandler
                0x0000000008002734       0x18 ./lib/bsp/stm32f1_weak_it.o
                0x0000000008002734                I2C1_EV_IRQHandler
 .text.I2C1_ER_IRQHandler
                0x000000000800274c       0x18 ./lib/bsp/stm32f1_weak_it.o
                0x000000000800274c                I2C1_ER_IRQHandler
 .text.I2C2_EV_IRQHandler
                0x0000000008002764       0x18 ./lib/bsp/stm32f1_weak_it.o
                0x0000000008002764                I2C2_EV_IRQHandler
 .text.I2C2_ER_IRQHandler
                0x000000000800277c       0x18 ./lib/bsp/stm32f1_weak_it.o
                0x000000000800277c                I2C2_ER_IRQHandler
 .text.SPI1_IRQHandler
                0x0000000008002794       0x18 ./lib/bsp/stm32f1_weak_it.o
                0x0000000008002794                SPI1_IRQHandler
 .text.SPI2_IRQHandler
                0x00000000080027ac       0x18 ./lib/bsp/stm32f1_weak_it.o
                0x00000000080027ac                SPI2_IRQHandler
 .text.EXTI15_10_IRQHandler
                0x00000000080027c4       0x18 ./lib/bsp/stm32f1_weak_it.o
                0x00000000080027c4                EXTI15_10_IRQHandler
 .text.RTC_Alarm_IRQHandler
                0x00000000080027dc       0x18 ./lib/bsp/stm32f1_weak_it.o
                0x00000000080027dc                RTC_Alarm_IRQHandler
 .text.USBWakeUp_IRQHandler
                0x00000000080027f4       0x18 ./lib/bsp/stm32f1_weak_it.o
                0x00000000080027f4                USBWakeUp_IRQHandler
 .text.SystemInit
                0x000000000800280c       0x4c ./lib/bsp/system_stm32f1xx.o
                0x000000000800280c                SystemInit
 .text.SystemCoreClockUpdate
                0x0000000008002858       0x94 ./lib/bsp/system_stm32f1xx.o
                0x0000000008002858                SystemCoreClockUpdate
 .text.Systick_init
                0x00000000080028ec       0x34 ./lib/bsp/systick.o
                0x00000000080028ec                Systick_init
 .text.SysTick_Handler
                0x0000000008002920       0x3c ./lib/bsp/systick.o
                0x0000000008002920                SysTick_Handler
 .text.ILI9341_SendCommand
                0x000000000800295c       0x3c ./lib/bsp/tft_ili9341/stm32f1_ili9341.o
                0x000000000800295c                ILI9341_SendCommand
 .text.ILI9341_SendData
                0x0000000008002998       0x3c ./lib/bsp/tft_ili9341/stm32f1_ili9341.o
                0x0000000008002998                ILI9341_SendData
 .text.ILI9341_InitLCD
                0x00000000080029d4      0x270 ./lib/bsp/tft_ili9341/stm32f1_ili9341.o
                0x00000000080029d4                ILI9341_InitLCD
 .text.ILI9341_SetCursorPosition
                0x0000000008002c44       0x48 ./lib/bsp/tft_ili9341/stm32f1_ili9341.o
                0x0000000008002c44                ILI9341_SetCursorPosition
 .text.ILI9341_DrawPixel
                0x0000000008002c8c       0x20 ./lib/bsp/tft_ili9341/stm32f1_ili9341.o
                0x0000000008002c8c                ILI9341_DrawPixel
 .text.ILI9341_INT_Fill
                0x0000000008002cac       0x88 ./lib/bsp/tft_ili9341/stm32f1_ili9341.o
                0x0000000008002cac                ILI9341_INT_Fill
 .text.ILI9341_Fill
                0x0000000008002d34       0x24 ./lib/bsp/tft_ili9341/stm32f1_ili9341.o
                0x0000000008002d34                ILI9341_Fill
 .text.ILI9341_Rotate
                0x0000000008002d58       0x60 ./lib/bsp/tft_ili9341/stm32f1_ili9341.o
                0x0000000008002d58                ILI9341_Rotate
 .text.ILI9341_Init
                0x0000000008002db8       0x7c ./lib/bsp/tft_ili9341/stm32f1_ili9341.o
                0x0000000008002db8                ILI9341_Init
 .text.ILI9341_Putc
                0x0000000008002e34       0xd0 ./lib/bsp/tft_ili9341/stm32f1_ili9341.o
                0x0000000008002e34                ILI9341_Putc
 .text.ILI9341_Puts
                0x0000000008002f04       0xa0 ./lib/bsp/tft_ili9341/stm32f1_ili9341.o
                0x0000000008002f04                ILI9341_Puts
 .text.ILI9341_DrawLine
                0x0000000008002fa4      0x10a ./lib/bsp/tft_ili9341/stm32f1_ili9341.o
                0x0000000008002fa4                ILI9341_DrawLine
 .text.ILI9341_DrawRectangle
                0x00000000080030ae       0x52 ./lib/bsp/tft_ili9341/stm32f1_ili9341.o
                0x00000000080030ae                ILI9341_DrawRectangle
 .text.ILI9341_DrawFilledRectangle
                0x0000000008003100       0x44 ./lib/bsp/tft_ili9341/stm32f1_ili9341.o
                0x0000000008003100                ILI9341_DrawFilledRectangle
 .text.ILI9341_printf
                0x0000000008003144       0x36 ./lib/bsp/tft_ili9341/stm32f1_ili9341.o
                0x0000000008003144                ILI9341_printf
 *fill*         0x000000000800317a        0x2 
 .text.HAL_InitTick
                0x000000000800317c       0x4c ./lib/hal/src/stm32f1xx_hal.o
                0x000000000800317c                HAL_InitTick
 .text.HAL_Init
                0x00000000080031c8       0x24 ./lib/hal/src/stm32f1xx_hal.o
                0x00000000080031c8                HAL_Init
 .text.HAL_IncTick
                0x00000000080031ec       0x18 ./lib/hal/src/stm32f1xx_hal.o
                0x00000000080031ec                HAL_IncTick
 .text.HAL_GetTick
                0x0000000008003204        0xc ./lib/hal/src/stm32f1xx_hal.o
                0x0000000008003204                HAL_GetTick
 .text.HAL_Delay
                0x0000000008003210       0x28 ./lib/hal/src/stm32f1xx_hal.o
                0x0000000008003210                HAL_Delay
 .text.HAL_ADC_MspInit
                0x0000000008003238        0x2 ./lib/hal/src/stm32f1xx_hal_adc.o
                0x0000000008003238                HAL_ADC_MspInit
 .text.HAL_ADC_ConvCpltCallback
                0x000000000800323a        0x2 ./lib/hal/src/stm32f1xx_hal_adc.o
                0x000000000800323a                HAL_ADC_ConvCpltCallback
 .text.ADC_DMAConvCplt
                0x000000000800323c       0x52 ./lib/hal/src/stm32f1xx_hal_adc.o
                0x000000000800323c                ADC_DMAConvCplt
 .text.HAL_ADC_ConvHalfCpltCallback
                0x000000000800328e        0x2 ./lib/hal/src/stm32f1xx_hal_adc.o
                0x000000000800328e                HAL_ADC_ConvHalfCpltCallback
 .text.ADC_DMAHalfConvCplt
                0x0000000008003290        0xa ./lib/hal/src/stm32f1xx_hal_adc.o
                0x0000000008003290                ADC_DMAHalfConvCplt
 .text.HAL_ADC_ErrorCallback
                0x000000000800329a        0x2 ./lib/hal/src/stm32f1xx_hal_adc.o
                0x000000000800329a                HAL_ADC_ErrorCallback
 .text.ADC_DMAError
                0x000000000800329c       0x1a ./lib/hal/src/stm32f1xx_hal_adc.o
                0x000000000800329c                ADC_DMAError
 *fill*         0x00000000080032b6        0x2 
 .text.HAL_ADC_ConfigChannel
                0x00000000080032b8      0x140 ./lib/hal/src/stm32f1xx_hal_adc.o
                0x00000000080032b8                HAL_ADC_ConfigChannel
 .text.ADC_Enable
                0x00000000080033f8       0x80 ./lib/hal/src/stm32f1xx_hal_adc.o
                0x00000000080033f8                ADC_Enable
 .text.HAL_ADC_Start_DMA
                0x0000000008003478      0x130 ./lib/hal/src/stm32f1xx_hal_adc.o
                0x0000000008003478                HAL_ADC_Start_DMA
 .text.ADC_ConversionStop_Disable
                0x00000000080035a8       0x4c ./lib/hal/src/stm32f1xx_hal_adc.o
                0x00000000080035a8                ADC_ConversionStop_Disable
 .text.HAL_ADC_Init
                0x00000000080035f4      0x108 ./lib/hal/src/stm32f1xx_hal_adc.o
                0x00000000080035f4                HAL_ADC_Init
 .text.HAL_NVIC_SetPriorityGrouping
                0x00000000080036fc       0x24 ./lib/hal/src/stm32f1xx_hal_cortex.o
                0x00000000080036fc                HAL_NVIC_SetPriorityGrouping
 .text.HAL_NVIC_SetPriority
                0x0000000008003720       0x70 ./lib/hal/src/stm32f1xx_hal_cortex.o
                0x0000000008003720                HAL_NVIC_SetPriority
 .text.HAL_NVIC_EnableIRQ
                0x0000000008003790       0x18 ./lib/hal/src/stm32f1xx_hal_cortex.o
                0x0000000008003790                HAL_NVIC_EnableIRQ
 .text.HAL_SYSTICK_Config
                0x00000000080037a8       0x28 ./lib/hal/src/stm32f1xx_hal_cortex.o
                0x00000000080037a8                HAL_SYSTICK_Config
 .text.HAL_SYSTICK_Callback
                0x00000000080037d0        0x2 ./lib/hal/src/stm32f1xx_hal_cortex.o
                0x00000000080037d0                HAL_SYSTICK_Callback
 .text.HAL_SYSTICK_IRQHandler
                0x00000000080037d2        0x8 ./lib/hal/src/stm32f1xx_hal_cortex.o
                0x00000000080037d2                HAL_SYSTICK_IRQHandler
 .text.DMA_SetConfig
                0x00000000080037da       0x2c ./lib/hal/src/stm32f1xx_hal_dma.o
 *fill*         0x0000000008003806        0x2 
 .text.HAL_DMA_Init
                0x0000000008003808       0x6c ./lib/hal/src/stm32f1xx_hal_dma.o
                0x0000000008003808                HAL_DMA_Init
 .text.HAL_DMA_Start_IT
                0x0000000008003874       0x74 ./lib/hal/src/stm32f1xx_hal_dma.o
                0x0000000008003874                HAL_DMA_Start_IT
 .text.HAL_DMA_Abort_IT
                0x00000000080038e8       0x98 ./lib/hal/src/stm32f1xx_hal_dma.o
                0x00000000080038e8                HAL_DMA_Abort_IT
 .text.HAL_DMA_IRQHandler
                0x0000000008003980      0x144 ./lib/hal/src/stm32f1xx_hal_dma.o
                0x0000000008003980                HAL_DMA_IRQHandler
 .text.HAL_GPIO_Init
                0x0000000008003ac4      0x224 ./lib/hal/src/stm32f1xx_hal_gpio.o
                0x0000000008003ac4                HAL_GPIO_Init
 .text.HAL_GPIO_WritePin
                0x0000000008003ce8        0xc ./lib/hal/src/stm32f1xx_hal_gpio.o
                0x0000000008003ce8                HAL_GPIO_WritePin
 .text.RCC_Delay
                0x0000000008003cf4       0x2c ./lib/hal/src/stm32f1xx_hal_rcc.o
 .text.HAL_RCC_OscConfig
                0x0000000008003d20      0x410 ./lib/hal/src/stm32f1xx_hal_rcc.o
                0x0000000008003d20                HAL_RCC_OscConfig
 .text.HAL_RCC_GetSysClockFreq
                0x0000000008004130       0x70 ./lib/hal/src/stm32f1xx_hal_rcc.o
                0x0000000008004130                HAL_RCC_GetSysClockFreq
 .text.HAL_RCC_ClockConfig
                0x00000000080041a0      0x16c ./lib/hal/src/stm32f1xx_hal_rcc.o
                0x00000000080041a0                HAL_RCC_ClockConfig
 .text.HAL_RCC_GetHCLKFreq
                0x000000000800430c        0xc ./lib/hal/src/stm32f1xx_hal_rcc.o
                0x000000000800430c                HAL_RCC_GetHCLKFreq
 .text.HAL_RCC_GetPCLK1Freq
                0x0000000008004318       0x20 ./lib/hal/src/stm32f1xx_hal_rcc.o
                0x0000000008004318                HAL_RCC_GetPCLK1Freq
 .text.HAL_RCC_GetPCLK2Freq
                0x0000000008004338       0x20 ./lib/hal/src/stm32f1xx_hal_rcc.o
                0x0000000008004338                HAL_RCC_GetPCLK2Freq
 .text.SPI_WaitFlagStateUntilTimeout
                0x0000000008004358       0x9a ./lib/hal/src/stm32f1xx_hal_spi.o
 .text.SPI_CheckFlag_BSY
                0x00000000080043f2       0x24 ./lib/hal/src/stm32f1xx_hal_spi.o
 .text.HAL_SPI_MspInit
                0x0000000008004416        0x2 ./lib/hal/src/stm32f1xx_hal_spi.o
                0x0000000008004416                HAL_SPI_MspInit
 .text.HAL_SPI_Transmit
                0x0000000008004418      0x1de ./lib/hal/src/stm32f1xx_hal_spi.o
                0x0000000008004418                HAL_SPI_Transmit
 *fill*         0x00000000080045f6        0x2 
 .text.HAL_SPI_Init
                0x00000000080045f8       0x88 ./lib/hal/src/stm32f1xx_hal_spi_ex.o
                0x00000000080045f8                HAL_SPI_Init
 .text.HAL_TIM_Base_MspInit
                0x0000000008004680        0x2 ./lib/hal/src/stm32f1xx_hal_tim.o
                0x0000000008004680                HAL_TIM_Base_MspInit
 .text.HAL_TIM_Base_Start_IT
                0x0000000008004682       0x22 ./lib/hal/src/stm32f1xx_hal_tim.o
                0x0000000008004682                HAL_TIM_Base_Start_IT
 .text.HAL_TIM_GenerateEvent
                0x00000000080046a4       0x2a ./lib/hal/src/stm32f1xx_hal_tim.o
                0x00000000080046a4                HAL_TIM_GenerateEvent
 *fill*         0x00000000080046ce        0x2 
 .text.TIM_Base_SetConfig
                0x00000000080046d0       0x74 ./lib/hal/src/stm32f1xx_hal_tim.o
                0x00000000080046d0                TIM_Base_SetConfig
 .text.HAL_TIM_Base_Init
                0x0000000008004744       0x34 ./lib/hal/src/stm32f1xx_hal_tim.o
                0x0000000008004744                HAL_TIM_Base_Init
 .text.HAL_TIMEx_MasterConfigSynchronization
                0x0000000008004778       0x48 ./lib/hal/src/stm32f1xx_hal_tim_ex.o
                0x0000000008004778                HAL_TIMEx_MasterConfigSynchronization
 .text.UART_EndRxTransfer
                0x00000000080047c0       0x1c ./lib/hal/src/stm32f1xx_hal_uart.o
 .text.UART_Transmit_IT
                0x00000000080047dc       0x66 ./lib/hal/src/stm32f1xx_hal_uart.o
 *fill*         0x0000000008004842        0x2 
 .text.UART_SetConfig
                0x0000000008004844      0x1a4 ./lib/hal/src/stm32f1xx_hal_uart.o
 .text.HAL_UART_Init
                0x00000000080049e8       0x5e ./lib/hal/src/stm32f1xx_hal_uart.o
                0x00000000080049e8                HAL_UART_Init
 .text.HAL_UART_Transmit_IT
                0x0000000008004a46       0x4e ./lib/hal/src/stm32f1xx_hal_uart.o
                0x0000000008004a46                HAL_UART_Transmit_IT
 .text.HAL_UART_Receive_IT
                0x0000000008004a94       0x62 ./lib/hal/src/stm32f1xx_hal_uart.o
                0x0000000008004a94                HAL_UART_Receive_IT
 .text.HAL_UART_TxCpltCallback
                0x0000000008004af6        0x2 ./lib/hal/src/stm32f1xx_hal_uart.o
                0x0000000008004af6                HAL_UART_TxCpltCallback
 .text.UART_EndTransmit_IT
                0x0000000008004af8       0x1a ./lib/hal/src/stm32f1xx_hal_uart.o
 .text.UART_Receive_IT
                0x0000000008004b12       0x9e ./lib/hal/src/stm32f1xx_hal_uart.o
 .text.HAL_UART_IRQHandler
                0x0000000008004bb0      0x120 ./lib/hal/src/stm32f1xx_hal_uart.o
                0x0000000008004bb0                HAL_UART_IRQHandler
 .text.UART_DMAAbortOnError
                0x0000000008004cd0       0x10 ./lib/hal/src/stm32f1xx_hal_uart.o
 .text.Reset_Handler
                0x0000000008004ce0       0x64 ./lib/startup_stm32f103xb.o
                0x0000000008004ce0                Reset_Handler
 .text.Default_Handler
                0x0000000008004d44        0x2 ./lib/startup_stm32f103xb.o
                0x0000000008004d44                Default_Handler
 *fill*         0x0000000008004d46        0x2 
 .text.malloc   0x0000000008004d48       0x10 /Applications/STM32CubeIDE.app/Contents/Eclipse/plugins/com.st.stm32cube.ide.mcu.externaltools.gnu-tools-for-stm32.11.3.rel1.macos64_1.1.100.202310310803/tools/bin/../lib/gcc/arm-none-eabi/11.3.1/../../../../arm-none-eabi/lib/thumb/v7-m/nofp/libc.a(libc_a-malloc.o)
                0x0000000008004d48                malloc
 .text._malloc_r
                0x0000000008004d58      0x474 /Applications/STM32CubeIDE.app/Contents/Eclipse/plugins/com.st.stm32cube.ide.mcu.externaltools.gnu-tools-for-stm32.11.3.rel1.macos64_1.1.100.202310310803/tools/bin/../lib/gcc/arm-none-eabi/11.3.1/../../../../arm-none-eabi/lib/thumb/v7-m/nofp/libc.a(libc_a-mallocr.o)
                0x0000000008004d58                _malloc_r
 .text.printf   0x00000000080051cc       0x24 /Applications/STM32CubeIDE.app/Contents/Eclipse/plugins/com.st.stm32cube.ide.mcu.externaltools.gnu-tools-for-stm32.11.3.rel1.macos64_1.1.100.202310310803/tools/bin/../lib/gcc/arm-none-eabi/11.3.1/../../../../arm-none-eabi/lib/thumb/v7-m/nofp/libc.a(libc_a-printf.o)
                0x00000000080051cc                printf
 .text._vfprintf_r
                0x00000000080051f0     0x1438 /Applications/STM32CubeIDE.app/Contents/Eclipse/plugins/com.st.stm32cube.ide.mcu.externaltools.gnu-tools-for-stm32.11.3.rel1.macos64_1.1.100.202310310803/tools/bin/../lib/gcc/arm-none-eabi/11.3.1/../../../../arm-none-eabi/lib/thumb/v7-m/nofp/libc.a(libc_a-vfprintf.o)
                0x00000000080051f0                _vfprintf_r
 .text.__sbprintf
                0x0000000008006628       0x80 /Applications/STM32CubeIDE.app/Contents/Eclipse/plugins/com.st.stm32cube.ide.mcu.externaltools.gnu-tools-for-stm32.11.3.rel1.macos64_1.1.100.202310310803/tools/bin/../lib/gcc/arm-none-eabi/11.3.1/../../../../arm-none-eabi/lib/thumb/v7-m/nofp/libc.a(libc_a-vfprintf.o)
 .text.__sprint_r
                0x00000000080066a8       0x64 /Applications/STM32CubeIDE.app/Contents/Eclipse/plugins/com.st.stm32cube.ide.mcu.externaltools.gnu-tools-for-stm32.11.3.rel1.macos64_1.1.100.202310310803/tools/bin/../lib/gcc/arm-none-eabi/11.3.1/../../../../arm-none-eabi/lib/thumb/v7-m/nofp/libc.a(libc_a-vfiprintf.o)
                0x00000000080066a8                __sprint_r
 .text._vfiprintf_r
                0x000000000800670c      0x91c /Applications/STM32CubeIDE.app/Contents/Eclipse/plugins/com.st.stm32cube.ide.mcu.externaltools.gnu-tools-for-stm32.11.3.rel1.macos64_1.1.100.202310310803/tools/bin/../lib/gcc/arm-none-eabi/11.3.1/../../../../arm-none-eabi/lib/thumb/v7-m/nofp/libc.a(libc_a-vfiprintf.o)
                0x000000000800670c                _vfiprintf_r
 .text.__sbprintf
                0x0000000008007028       0x80 /Applications/STM32CubeIDE.app/Contents/Eclipse/plugins/com.st.stm32cube.ide.mcu.externaltools.gnu-tools-for-stm32.11.3.rel1.macos64_1.1.100.202310310803/tools/bin/../lib/gcc/arm-none-eabi/11.3.1/../../../../arm-none-eabi/lib/thumb/v7-m/nofp/libc.a(libc_a-vfiprintf.o)
 .text.__malloc_lock
                0x00000000080070a8        0xc /Applications/STM32CubeIDE.app/Contents/Eclipse/plugins/com.st.stm32cube.ide.mcu.externaltools.gnu-tools-for-stm32.11.3.rel1.macos64_1.1.100.202310310803/tools/bin/../lib/gcc/arm-none-eabi/11.3.1/../../../../arm-none-eabi/lib/thumb/v7-m/nofp/libc.a(libc_a-mlock.o)
                0x00000000080070a8                __malloc_lock
 .text.__malloc_unlock
                0x00000000080070b4        0xc /Applications/STM32CubeIDE.app/Contents/Eclipse/plugins/com.st.stm32cube.ide.mcu.externaltools.gnu-tools-for-stm32.11.3.rel1.macos64_1.1.100.202310310803/tools/bin/../lib/gcc/arm-none-eabi/11.3.1/../../../../arm-none-eabi/lib/thumb/v7-m/nofp/libc.a(libc_a-mlock.o)
                0x00000000080070b4                __malloc_unlock
 .text.setvbuf  0x00000000080070c0      0x16c /Applications/STM32CubeIDE.app/Contents/Eclipse/plugins/com.st.stm32cube.ide.mcu.externaltools.gnu-tools-for-stm32.11.3.rel1.macos64_1.1.100.202310310803/tools/bin/../lib/gcc/arm-none-eabi/11.3.1/../../../../arm-none-eabi/lib/thumb/v7-m/nofp/libc.a(libc_a-setvbuf.o)
                0x00000000080070c0                setvbuf
 .text.__sflush_r
                0x000000000800722c      0x114 /Applications/STM32CubeIDE.app/Contents/Eclipse/plugins/com.st.stm32cube.ide.mcu.externaltools.gnu-tools-for-stm32.11.3.rel1.macos64_1.1.100.202310310803/tools/bin/../lib/gcc/arm-none-eabi/11.3.1/../../../../arm-none-eabi/lib/thumb/v7-m/nofp/libc.a(libc_a-fflush.o)
                0x000000000800722c                __sflush_r
 .text._fflush_r
                0x0000000008007340       0x4a /Applications/STM32CubeIDE.app/Contents/Eclipse/plugins/com.st.stm32cube.ide.mcu.externaltools.gnu-tools-for-stm32.11.3.rel1.macos64_1.1.100.202310310803/tools/bin/../lib/gcc/arm-none-eabi/11.3.1/../../../../arm-none-eabi/lib/thumb/v7-m/nofp/libc.a(libc_a-fflush.o)
                0x0000000008007340                _fflush_r
 *fill*         0x000000000800738a        0x2 
 .text.std      0x000000000800738c       0x6c /Applications/STM32CubeIDE.app/Contents/Eclipse/plugins/com.st.stm32cube.ide.mcu.externaltools.gnu-tools-for-stm32.11.3.rel1.macos64_1.1.100.202310310803/tools/bin/../lib/gcc/arm-none-eabi/11.3.1/../../../../arm-none-eabi/lib/thumb/v7-m/nofp/libc.a(libc_a-findfp.o)
 .text.stdio_exit_handler
                0x00000000080073f8       0x18 /Applications/STM32CubeIDE.app/Contents/Eclipse/plugins/com.st.stm32cube.ide.mcu.externaltools.gnu-tools-for-stm32.11.3.rel1.macos64_1.1.100.202310310803/tools/bin/../lib/gcc/arm-none-eabi/11.3.1/../../../../arm-none-eabi/lib/thumb/v7-m/nofp/libc.a(libc_a-findfp.o)
 .text.cleanup_stdio
                0x0000000008007410       0x40 /Applications/STM32CubeIDE.app/Contents/Eclipse/plugins/com.st.stm32cube.ide.mcu.externaltools.gnu-tools-for-stm32.11.3.rel1.macos64_1.1.100.202310310803/tools/bin/../lib/gcc/arm-none-eabi/11.3.1/../../../../arm-none-eabi/lib/thumb/v7-m/nofp/libc.a(libc_a-findfp.o)
 .text.global_stdio_init.part.0
                0x0000000008007450       0x3c /Applications/STM32CubeIDE.app/Contents/Eclipse/plugins/com.st.stm32cube.ide.mcu.externaltools.gnu-tools-for-stm32.11.3.rel1.macos64_1.1.100.202310310803/tools/bin/../lib/gcc/arm-none-eabi/11.3.1/../../../../arm-none-eabi/lib/thumb/v7-m/nofp/libc.a(libc_a-findfp.o)
 .text.__sfp_lock_acquire
                0x000000000800748c        0xc /Applications/STM32CubeIDE.app/Contents/Eclipse/plugins/com.st.stm32cube.ide.mcu.externaltools.gnu-tools-for-stm32.11.3.rel1.macos64_1.1.100.202310310803/tools/bin/../lib/gcc/arm-none-eabi/11.3.1/../../../../arm-none-eabi/lib/thumb/v7-m/nofp/libc.a(libc_a-findfp.o)
                0x000000000800748c                __sfp_lock_acquire
 .text.__sfp_lock_release
                0x0000000008007498        0xc /Applications/STM32CubeIDE.app/Contents/Eclipse/plugins/com.st.stm32cube.ide.mcu.externaltools.gnu-tools-for-stm32.11.3.rel1.macos64_1.1.100.202310310803/tools/bin/../lib/gcc/arm-none-eabi/11.3.1/../../../../arm-none-eabi/lib/thumb/v7-m/nofp/libc.a(libc_a-findfp.o)
                0x0000000008007498                __sfp_lock_release
 .text.__sinit  0x00000000080074a4       0x30 /Applications/STM32CubeIDE.app/Contents/Eclipse/plugins/com.st.stm32cube.ide.mcu.externaltools.gnu-tools-for-stm32.11.3.rel1.macos64_1.1.100.202310310803/tools/bin/../lib/gcc/arm-none-eabi/11.3.1/../../../../arm-none-eabi/lib/thumb/v7-m/nofp/libc.a(libc_a-findfp.o)
                0x00000000080074a4                __sinit
 .text._vsnprintf_r
                0x00000000080074d4       0x56 /Applications/STM32CubeIDE.app/Contents/Eclipse/plugins/com.st.stm32cube.ide.mcu.externaltools.gnu-tools-for-stm32.11.3.rel1.macos64_1.1.100.202310310803/tools/bin/../lib/gcc/arm-none-eabi/11.3.1/../../../../arm-none-eabi/lib/thumb/v7-m/nofp/libc.a(libc_a-vsnprintf.o)
                0x00000000080074d4                _vsnprintf_r
 *fill*         0x000000000800752a        0x2 
 .text.vsnprintf
                0x000000000800752c       0x1c /Applications/STM32CubeIDE.app/Contents/Eclipse/plugins/com.st.stm32cube.ide.mcu.externaltools.gnu-tools-for-stm32.11.3.rel1.macos64_1.1.100.202310310803/tools/bin/../lib/gcc/arm-none-eabi/11.3.1/../../../../arm-none-eabi/lib/thumb/v7-m/nofp/libc.a(libc_a-vsnprintf.o)
                0x000000000800752c                vsnprintf
 .text.__sfvwrite_r
                0x0000000008007548      0x294 /Applications/STM32CubeIDE.app/Contents/Eclipse/plugins/com.st.stm32cube.ide.mcu.externaltools.gnu-tools-for-stm32.11.3.rel1.macos64_1.1.100.202310310803/tools/bin/../lib/gcc/arm-none-eabi/11.3.1/../../../../arm-none-eabi/lib/thumb/v7-m/nofp/libc.a(libc_a-fvwrite.o)
                0x0000000008007548                __sfvwrite_r
 .text._fwalk_sglue
                0x00000000080077dc       0x3c /Applications/STM32CubeIDE.app/Contents/Eclipse/plugins/com.st.stm32cube.ide.mcu.externaltools.gnu-tools-for-stm32.11.3.rel1.macos64_1.1.100.202310310803/tools/bin/../lib/gcc/arm-none-eabi/11.3.1/../../../../arm-none-eabi/lib/thumb/v7-m/nofp/libc.a(libc_a-fwalk.o)
                0x00000000080077dc                _fwalk_sglue
 .text.__swsetup_r
                0x0000000008007818       0xb0 /Applications/STM32CubeIDE.app/Contents/Eclipse/plugins/com.st.stm32cube.ide.mcu.externaltools.gnu-tools-for-stm32.11.3.rel1.macos64_1.1.100.202310310803/tools/bin/../lib/gcc/arm-none-eabi/11.3.1/../../../../arm-none-eabi/lib/thumb/v7-m/nofp/libc.a(libc_a-wsetup.o)
                0x0000000008007818                __swsetup_r
 .text.__fputwc
                0x00000000080078c8       0x82 /Applications/STM32CubeIDE.app/Contents/Eclipse/plugins/com.st.stm32cube.ide.mcu.externaltools.gnu-tools-for-stm32.11.3.rel1.macos64_1.1.100.202310310803/tools/bin/../lib/gcc/arm-none-eabi/11.3.1/../../../../arm-none-eabi/lib/thumb/v7-m/nofp/libc.a(libc_a-fputwc.o)
                0x00000000080078c8                __fputwc
 .text._fputwc_r
                0x000000000800794a       0x52 /Applications/STM32CubeIDE.app/Contents/Eclipse/plugins/com.st.stm32cube.ide.mcu.externaltools.gnu-tools-for-stm32.11.3.rel1.macos64_1.1.100.202310310803/tools/bin/../lib/gcc/arm-none-eabi/11.3.1/../../../../arm-none-eabi/lib/thumb/v7-m/nofp/libc.a(libc_a-fputwc.o)
                0x000000000800794a                _fputwc_r
 .text.memmove  0x000000000800799c       0x34 /Applications/STM32CubeIDE.app/Contents/Eclipse/plugins/com.st.stm32cube.ide.mcu.externaltools.gnu-tools-for-stm32.11.3.rel1.macos64_1.1.100.202310310803/tools/bin/../lib/gcc/arm-none-eabi/11.3.1/../../../../arm-none-eabi/lib/thumb/v7-m/nofp/libc.a(libc_a-memmove.o)
                0x000000000800799c                memmove
 .text.memset   0x00000000080079d0       0x10 /Applications/STM32CubeIDE.app/Contents/Eclipse/plugins/com.st.stm32cube.ide.mcu.externaltools.gnu-tools-for-stm32.11.3.rel1.macos64_1.1.100.202310310803/tools/bin/../lib/gcc/arm-none-eabi/11.3.1/../../../../arm-none-eabi/lib/thumb/v7-m/nofp/libc.a(libc_a-memset.o)
                0x00000000080079d0                memset
 .text.strncpy  0x00000000080079e0       0x26 /Applications/STM32CubeIDE.app/Contents/Eclipse/plugins/com.st.stm32cube.ide.mcu.externaltools.gnu-tools-for-stm32.11.3.rel1.macos64_1.1.100.202310310803/tools/bin/../lib/gcc/arm-none-eabi/11.3.1/../../../../arm-none-eabi/lib/thumb/v7-m/nofp/libc.a(libc_a-strncpy.o)
                0x00000000080079e0                strncpy
 *fill*         0x0000000008007a06        0x2 
 .text.__locale_mb_cur_max
                0x0000000008007a08        0xc /Applications/STM32CubeIDE.app/Contents/Eclipse/plugins/com.st.stm32cube.ide.mcu.externaltools.gnu-tools-for-stm32.11.3.rel1.macos64_1.1.100.202310310803/tools/bin/../lib/gcc/arm-none-eabi/11.3.1/../../../../arm-none-eabi/lib/thumb/v7-m/nofp/libc.a(libc_a-locale.o)
                0x0000000008007a08                __locale_mb_cur_max
 .text._localeconv_r
                0x0000000008007a14        0x8 /Applications/STM32CubeIDE.app/Contents/Eclipse/plugins/com.st.stm32cube.ide.mcu.externaltools.gnu-tools-for-stm32.11.3.rel1.macos64_1.1.100.202310310803/tools/bin/../lib/gcc/arm-none-eabi/11.3.1/../../../../arm-none-eabi/lib/thumb/v7-m/nofp/libc.a(libc_a-localeconv.o)
                0x0000000008007a14                _localeconv_r
 .text.__errno  0x0000000008007a1c        0xc /Applications/STM32CubeIDE.app/Contents/Eclipse/plugins/com.st.stm32cube.ide.mcu.externaltools.gnu-tools-for-stm32.11.3.rel1.macos64_1.1.100.202310310803/tools/bin/../lib/gcc/arm-none-eabi/11.3.1/../../../../arm-none-eabi/lib/thumb/v7-m/nofp/libc.a(libc_a-errno.o)
                0x0000000008007a1c                __errno
 .text.sysconf  0x0000000008007a28       0x18 /Applications/STM32CubeIDE.app/Contents/Eclipse/plugins/com.st.stm32cube.ide.mcu.externaltools.gnu-tools-for-stm32.11.3.rel1.macos64_1.1.100.202310310803/tools/bin/../lib/gcc/arm-none-eabi/11.3.1/../../../../arm-none-eabi/lib/thumb/v7-m/nofp/libc.a(libc_a-sysconf.o)
                0x0000000008007a28                sysconf
 .text.__libc_init_array
                0x0000000008007a40       0x48 /Applications/STM32CubeIDE.app/Contents/Eclipse/plugins/com.st.stm32cube.ide.mcu.externaltools.gnu-tools-for-stm32.11.3.rel1.macos64_1.1.100.202310310803/tools/bin/../lib/gcc/arm-none-eabi/11.3.1/../../../../arm-none-eabi/lib/thumb/v7-m/nofp/libc.a(libc_a-init.o)
                0x0000000008007a40                __libc_init_array
 .text.__retarget_lock_init_recursive
                0x0000000008007a88        0x2 /Applications/STM32CubeIDE.app/Contents/Eclipse/plugins/com.st.stm32cube.ide.mcu.externaltools.gnu-tools-for-stm32.11.3.rel1.macos64_1.1.100.202310310803/tools/bin/../lib/gcc/arm-none-eabi/11.3.1/../../../../arm-none-eabi/lib/thumb/v7-m/nofp/libc.a(libc_a-lock.o)
                0x0000000008007a88                __retarget_lock_init_recursive
 .text.__retarget_lock_close_recursive
                0x0000000008007a8a        0x2 /Applications/STM32CubeIDE.app/Contents/Eclipse/plugins/com.st.stm32cube.ide.mcu.externaltools.gnu-tools-for-stm32.11.3.rel1.macos64_1.1.100.202310310803/tools/bin/../lib/gcc/arm-none-eabi/11.3.1/../../../../arm-none-eabi/lib/thumb/v7-m/nofp/libc.a(libc_a-lock.o)
                0x0000000008007a8a                __retarget_lock_close_recursive
 .text.__retarget_lock_acquire_recursive
                0x0000000008007a8c        0x2 /Applications/STM32CubeIDE.app/Contents/Eclipse/plugins/com.st.stm32cube.ide.mcu.externaltools.gnu-tools-for-stm32.11.3.rel1.macos64_1.1.100.202310310803/tools/bin/../lib/gcc/arm-none-eabi/11.3.1/../../../../arm-none-eabi/lib/thumb/v7-m/nofp/libc.a(libc_a-lock.o)
                0x0000000008007a8c                __retarget_lock_acquire_recursive
 .text.__retarget_lock_release_recursive
                0x0000000008007a8e        0x2 /Applications/STM32CubeIDE.app/Contents/Eclipse/plugins/com.st.stm32cube.ide.mcu.externaltools.gnu-tools-for-stm32.11.3.rel1.macos64_1.1.100.202310310803/tools/bin/../lib/gcc/arm-none-eabi/11.3.1/../../../../arm-none-eabi/lib/thumb/v7-m/nofp/libc.a(libc_a-lock.o)
                0x0000000008007a8e                __retarget_lock_release_recursive
 .text.memchr   0x0000000008007a90       0x1c /Applications/STM32CubeIDE.app/Contents/Eclipse/plugins/com.st.stm32cube.ide.mcu.externaltools.gnu-tools-for-stm32.11.3.rel1.macos64_1.1.100.202310310803/tools/bin/../lib/gcc/arm-none-eabi/11.3.1/../../../../arm-none-eabi/lib/thumb/v7-m/nofp/libc.a(libc_a-memchr-stub.o)
                0x0000000008007a90                memchr
 .text.memcpy   0x0000000008007aac       0x1c /Applications/STM32CubeIDE.app/Contents/Eclipse/plugins/com.st.stm32cube.ide.mcu.externaltools.gnu-tools-for-stm32.11.3.rel1.macos64_1.1.100.202310310803/tools/bin/../lib/gcc/arm-none-eabi/11.3.1/../../../../arm-none-eabi/lib/thumb/v7-m/nofp/libc.a(libc_a-memcpy-stub.o)
                0x0000000008007aac                memcpy
 .text._wcrtomb_r
                0x0000000008007ac8       0x2c /Applications/STM32CubeIDE.app/Contents/Eclipse/plugins/com.st.stm32cube.ide.mcu.externaltools.gnu-tools-for-stm32.11.3.rel1.macos64_1.1.100.202310310803/tools/bin/../lib/gcc/arm-none-eabi/11.3.1/../../../../arm-none-eabi/lib/thumb/v7-m/nofp/libc.a(libc_a-wcrtomb.o)
                0x0000000008007ac8                _wcrtomb_r
 .text.frexp    0x0000000008007af4       0x68 /Applications/STM32CubeIDE.app/Contents/Eclipse/plugins/com.st.stm32cube.ide.mcu.externaltools.gnu-tools-for-stm32.11.3.rel1.macos64_1.1.100.202310310803/tools/bin/../lib/gcc/arm-none-eabi/11.3.1/../../../../arm-none-eabi/lib/thumb/v7-m/nofp/libc.a(libm_a-s_frexp.o)
                0x0000000008007af4                frexp
 .text.startup.register_fini
                0x0000000008007b5c       0x14 /Applications/STM32CubeIDE.app/Contents/Eclipse/plugins/com.st.stm32cube.ide.mcu.externaltools.gnu-tools-for-stm32.11.3.rel1.macos64_1.1.100.202310310803/tools/bin/../lib/gcc/arm-none-eabi/11.3.1/../../../../arm-none-eabi/lib/thumb/v7-m/nofp/libc.a(libc_a-__call_atexit.o)
 .text.atexit   0x0000000008007b70        0xc /Applications/STM32CubeIDE.app/Contents/Eclipse/plugins/com.st.stm32cube.ide.mcu.externaltools.gnu-tools-for-stm32.11.3.rel1.macos64_1.1.100.202310310803/tools/bin/../lib/gcc/arm-none-eabi/11.3.1/../../../../arm-none-eabi/lib/thumb/v7-m/nofp/libc.a(libc_a-atexit.o)
                0x0000000008007b70                atexit
 .text.quorem   0x0000000008007b7c      0x112 /Applications/STM32CubeIDE.app/Contents/Eclipse/plugins/com.st.stm32cube.ide.mcu.externaltools.gnu-tools-for-stm32.11.3.rel1.macos64_1.1.100.202310310803/tools/bin/../lib/gcc/arm-none-eabi/11.3.1/../../../../arm-none-eabi/lib/thumb/v7-m/nofp/libc.a(libc_a-dtoa.o)
 *fill*         0x0000000008007c8e        0x2 
 .text._dtoa_r  0x0000000008007c90      0xb90 /Applications/STM32CubeIDE.app/Contents/Eclipse/plugins/com.st.stm32cube.ide.mcu.externaltools.gnu-tools-for-stm32.11.3.rel1.macos64_1.1.100.202310310803/tools/bin/../lib/gcc/arm-none-eabi/11.3.1/../../../../arm-none-eabi/lib/thumb/v7-m/nofp/libc.a(libc_a-dtoa.o)
                0x0000000008007c90                _dtoa_r
 .text._malloc_trim_r
                0x0000000008008820       0xa8 /Applications/STM32CubeIDE.app/Contents/Eclipse/plugins/com.st.stm32cube.ide.mcu.externaltools.gnu-tools-for-stm32.11.3.rel1.macos64_1.1.100.202310310803/tools/bin/../lib/gcc/arm-none-eabi/11.3.1/../../../../arm-none-eabi/lib/thumb/v7-m/nofp/libc.a(libc_a-freer.o)
                0x0000000008008820                _malloc_trim_r
 .text._free_r  0x00000000080088c8      0x180 /Applications/STM32CubeIDE.app/Contents/Eclipse/plugins/com.st.stm32cube.ide.mcu.externaltools.gnu-tools-for-stm32.11.3.rel1.macos64_1.1.100.202310310803/tools/bin/../lib/gcc/arm-none-eabi/11.3.1/../../../../arm-none-eabi/lib/thumb/v7-m/nofp/libc.a(libc_a-freer.o)
                0x00000000080088c8                _free_r
 .text.__ascii_mbtowc
                0x0000000008008a48       0x24 /Applications/STM32CubeIDE.app/Contents/Eclipse/plugins/com.st.stm32cube.ide.mcu.externaltools.gnu-tools-for-stm32.11.3.rel1.macos64_1.1.100.202310310803/tools/bin/../lib/gcc/arm-none-eabi/11.3.1/../../../../arm-none-eabi/lib/thumb/v7-m/nofp/libc.a(libc_a-mbtowc_r.o)
                0x0000000008008a48                __ascii_mbtowc
 .text._svfprintf_r
                0x0000000008008a6c     0x139c /Applications/STM32CubeIDE.app/Contents/Eclipse/plugins/com.st.stm32cube.ide.mcu.externaltools.gnu-tools-for-stm32.11.3.rel1.macos64_1.1.100.202310310803/tools/bin/../lib/gcc/arm-none-eabi/11.3.1/../../../../arm-none-eabi/lib/thumb/v7-m/nofp/libc.a(libc_a-svfprintf.o)
                0x0000000008008a6c                _svfprintf_r
 .text.__swhatbuf_r
                0x0000000008009e08       0x50 /Applications/STM32CubeIDE.app/Contents/Eclipse/plugins/com.st.stm32cube.ide.mcu.externaltools.gnu-tools-for-stm32.11.3.rel1.macos64_1.1.100.202310310803/tools/bin/../lib/gcc/arm-none-eabi/11.3.1/../../../../arm-none-eabi/lib/thumb/v7-m/nofp/libc.a(libc_a-makebuf.o)
                0x0000000008009e08                __swhatbuf_r
 .text.__smakebuf_r
                0x0000000008009e58       0x78 /Applications/STM32CubeIDE.app/Contents/Eclipse/plugins/com.st.stm32cube.ide.mcu.externaltools.gnu-tools-for-stm32.11.3.rel1.macos64_1.1.100.202310310803/tools/bin/../lib/gcc/arm-none-eabi/11.3.1/../../../../arm-none-eabi/lib/thumb/v7-m/nofp/libc.a(libc_a-makebuf.o)
                0x0000000008009e58                __smakebuf_r
 .text._Balloc  0x0000000008009ed0       0x4a /Applications/STM32CubeIDE.app/Contents/Eclipse/plugins/com.st.stm32cube.ide.mcu.externaltools.gnu-tools-for-stm32.11.3.rel1.macos64_1.1.100.202310310803/tools/bin/../lib/gcc/arm-none-eabi/11.3.1/../../../../arm-none-eabi/lib/thumb/v7-m/nofp/libc.a(libc_a-mprec.o)
                0x0000000008009ed0                _Balloc
 .text._Bfree   0x0000000008009f1a       0x12 /Applications/STM32CubeIDE.app/Contents/Eclipse/plugins/com.st.stm32cube.ide.mcu.externaltools.gnu-tools-for-stm32.11.3.rel1.macos64_1.1.100.202310310803/tools/bin/../lib/gcc/arm-none-eabi/11.3.1/../../../../arm-none-eabi/lib/thumb/v7-m/nofp/libc.a(libc_a-mprec.o)
                0x0000000008009f1a                _Bfree
 .text.__multadd
                0x0000000008009f2c       0x8c /Applications/STM32CubeIDE.app/Contents/Eclipse/plugins/com.st.stm32cube.ide.mcu.externaltools.gnu-tools-for-stm32.11.3.rel1.macos64_1.1.100.202310310803/tools/bin/../lib/gcc/arm-none-eabi/11.3.1/../../../../arm-none-eabi/lib/thumb/v7-m/nofp/libc.a(libc_a-mprec.o)
                0x0000000008009f2c                __multadd
 .text.__hi0bits
                0x0000000008009fb8       0x40 /Applications/STM32CubeIDE.app/Contents/Eclipse/plugins/com.st.stm32cube.ide.mcu.externaltools.gnu-tools-for-stm32.11.3.rel1.macos64_1.1.100.202310310803/tools/bin/../lib/gcc/arm-none-eabi/11.3.1/../../../../arm-none-eabi/lib/thumb/v7-m/nofp/libc.a(libc_a-mprec.o)
                0x0000000008009fb8                __hi0bits
 .text.__lo0bits
                0x0000000008009ff8       0x5a /Applications/STM32CubeIDE.app/Contents/Eclipse/plugins/com.st.stm32cube.ide.mcu.externaltools.gnu-tools-for-stm32.11.3.rel1.macos64_1.1.100.202310310803/tools/bin/../lib/gcc/arm-none-eabi/11.3.1/../../../../arm-none-eabi/lib/thumb/v7-m/nofp/libc.a(libc_a-mprec.o)
                0x0000000008009ff8                __lo0bits
 *fill*         0x000000000800a052        0x2 
 .text.__i2b    0x000000000800a054       0x2c /Applications/STM32CubeIDE.app/Contents/Eclipse/plugins/com.st.stm32cube.ide.mcu.externaltools.gnu-tools-for-stm32.11.3.rel1.macos64_1.1.100.202310310803/tools/bin/../lib/gcc/arm-none-eabi/11.3.1/../../../../arm-none-eabi/lib/thumb/v7-m/nofp/libc.a(libc_a-mprec.o)
                0x000000000800a054                __i2b
 .text.__multiply
                0x000000000800a080      0x150 /Applications/STM32CubeIDE.app/Contents/Eclipse/plugins/com.st.stm32cube.ide.mcu.externaltools.gnu-tools-for-stm32.11.3.rel1.macos64_1.1.100.202310310803/tools/bin/../lib/gcc/arm-none-eabi/11.3.1/../../../../arm-none-eabi/lib/thumb/v7-m/nofp/libc.a(libc_a-mprec.o)
                0x000000000800a080                __multiply
 .text.__pow5mult
                0x000000000800a1d0       0x80 /Applications/STM32CubeIDE.app/Contents/Eclipse/plugins/com.st.stm32cube.ide.mcu.externaltools.gnu-tools-for-stm32.11.3.rel1.macos64_1.1.100.202310310803/tools/bin/../lib/gcc/arm-none-eabi/11.3.1/../../../../arm-none-eabi/lib/thumb/v7-m/nofp/libc.a(libc_a-mprec.o)
                0x000000000800a1d0                __pow5mult
 .text.__lshift
                0x000000000800a250       0xd8 /Applications/STM32CubeIDE.app/Contents/Eclipse/plugins/com.st.stm32cube.ide.mcu.externaltools.gnu-tools-for-stm32.11.3.rel1.macos64_1.1.100.202310310803/tools/bin/../lib/gcc/arm-none-eabi/11.3.1/../../../../arm-none-eabi/lib/thumb/v7-m/nofp/libc.a(libc_a-mprec.o)
                0x000000000800a250                __lshift
 .text.__mcmp   0x000000000800a328       0x36 /Applications/STM32CubeIDE.app/Contents/Eclipse/plugins/com.st.stm32cube.ide.mcu.externaltools.gnu-tools-for-stm32.11.3.rel1.macos64_1.1.100.202310310803/tools/bin/../lib/gcc/arm-none-eabi/11.3.1/../../../../arm-none-eabi/lib/thumb/v7-m/nofp/libc.a(libc_a-mprec.o)
                0x000000000800a328                __mcmp
 *fill*         0x000000000800a35e        0x2 
 .text.__mdiff  0x000000000800a360      0x118 /Applications/STM32CubeIDE.app/Contents/Eclipse/plugins/com.st.stm32cube.ide.mcu.externaltools.gnu-tools-for-stm32.11.3.rel1.macos64_1.1.100.202310310803/tools/bin/../lib/gcc/arm-none-eabi/11.3.1/../../../../arm-none-eabi/lib/thumb/v7-m/nofp/libc.a(libc_a-mprec.o)
                0x000000000800a360                __mdiff
 .text.__d2b    0x000000000800a478       0xac /Applications/STM32CubeIDE.app/Contents/Eclipse/plugins/com.st.stm32cube.ide.mcu.externaltools.gnu-tools-for-stm32.11.3.rel1.macos64_1.1.100.202310310803/tools/bin/../lib/gcc/arm-none-eabi/11.3.1/../../../../arm-none-eabi/lib/thumb/v7-m/nofp/libc.a(libc_a-mprec.o)
                0x000000000800a478                __d2b
 .text._fclose_r
                0x000000000800a524       0xae /Applications/STM32CubeIDE.app/Contents/Eclipse/plugins/com.st.stm32cube.ide.mcu.externaltools.gnu-tools-for-stm32.11.3.rel1.macos64_1.1.100.202310310803/tools/bin/../lib/gcc/arm-none-eabi/11.3.1/../../../../arm-none-eabi/lib/thumb/v7-m/nofp/libc.a(libc_a-fclose.o)
                0x000000000800a524                _fclose_r
 *fill*         0x000000000800a5d2        0x2 
 .text._realloc_r
                0x000000000800a5d4      0x354 /Applications/STM32CubeIDE.app/Contents/Eclipse/plugins/com.st.stm32cube.ide.mcu.externaltools.gnu-tools-for-stm32.11.3.rel1.macos64_1.1.100.202310310803/tools/bin/../lib/gcc/arm-none-eabi/11.3.1/../../../../arm-none-eabi/lib/thumb/v7-m/nofp/libc.a(libc_a-reallocr.o)
                0x000000000800a5d4                _realloc_r
 .text.__sread  0x000000000800a928       0x22 /Applications/STM32CubeIDE.app/Contents/Eclipse/plugins/com.st.stm32cube.ide.mcu.externaltools.gnu-tools-for-stm32.11.3.rel1.macos64_1.1.100.202310310803/tools/bin/../lib/gcc/arm-none-eabi/11.3.1/../../../../arm-none-eabi/lib/thumb/v7-m/nofp/libc.a(libc_a-stdio.o)
                0x000000000800a928                __sread
 .text.__swrite
                0x000000000800a94a       0x38 /Applications/STM32CubeIDE.app/Contents/Eclipse/plugins/com.st.stm32cube.ide.mcu.externaltools.gnu-tools-for-stm32.11.3.rel1.macos64_1.1.100.202310310803/tools/bin/../lib/gcc/arm-none-eabi/11.3.1/../../../../arm-none-eabi/lib/thumb/v7-m/nofp/libc.a(libc_a-stdio.o)
                0x000000000800a94a                __swrite
 .text.__sseek  0x000000000800a982       0x24 /Applications/STM32CubeIDE.app/Contents/Eclipse/plugins/com.st.stm32cube.ide.mcu.externaltools.gnu-tools-for-stm32.11.3.rel1.macos64_1.1.100.202310310803/tools/bin/../lib/gcc/arm-none-eabi/11.3.1/../../../../arm-none-eabi/lib/thumb/v7-m/nofp/libc.a(libc_a-stdio.o)
                0x000000000800a982                __sseek
 .text.__sclose
                0x000000000800a9a6        0x8 /Applications/STM32CubeIDE.app/Contents/Eclipse/plugins/com.st.stm32cube.ide.mcu.externaltools.gnu-tools-for-stm32.11.3.rel1.macos64_1.1.100.202310310803/tools/bin/../lib/gcc/arm-none-eabi/11.3.1/../../../../arm-none-eabi/lib/thumb/v7-m/nofp/libc.a(libc_a-stdio.o)
                0x000000000800a9a6                __sclose
 .text.__ascii_wctomb
                0x000000000800a9ae       0x1a /Applications/STM32CubeIDE.app/Contents/Eclipse/plugins/com.st.stm32cube.ide.mcu.externaltools.gnu-tools-for-stm32.11.3.rel1.macos64_1.1.100.202310310803/tools/bin/../lib/gcc/arm-none-eabi/11.3.1/../../../../arm-none-eabi/lib/thumb/v7-m/nofp/libc.a(libc_a-wctomb_r.o)
                0x000000000800a9ae                __ascii_wctomb
 .text.__swbuf_r
                0x000000000800a9c8       0x92 /Applications/STM32CubeIDE.app/Contents/Eclipse/plugins/com.st.stm32cube.ide.mcu.externaltools.gnu-tools-for-stm32.11.3.rel1.macos64_1.1.100.202310310803/tools/bin/../lib/gcc/arm-none-eabi/11.3.1/../../../../arm-none-eabi/lib/thumb/v7-m/nofp/libc.a(libc_a-wbuf.o)
                0x000000000800a9c8                __swbuf_r
 *fill*         0x000000000800aa5a        0x2 
 .text._close_r
                0x000000000800aa5c       0x20 /Applications/STM32CubeIDE.app/Contents/Eclipse/plugins/com.st.stm32cube.ide.mcu.externaltools.gnu-tools-for-stm32.11.3.rel1.macos64_1.1.100.202310310803/tools/bin/../lib/gcc/arm-none-eabi/11.3.1/../../../../arm-none-eabi/lib/thumb/v7-m/nofp/libc.a(libc_a-closer.o)
                0x000000000800aa5c                _close_r
 .text._fstat_r
                0x000000000800aa7c       0x24 /Applications/STM32CubeIDE.app/Contents/Eclipse/plugins/com.st.stm32cube.ide.mcu.externaltools.gnu-tools-for-stm32.11.3.rel1.macos64_1.1.100.202310310803/tools/bin/../lib/gcc/arm-none-eabi/11.3.1/../../../../arm-none-eabi/lib/thumb/v7-m/nofp/libc.a(libc_a-fstatr.o)
                0x000000000800aa7c                _fstat_r
 .text._isatty_r
                0x000000000800aaa0       0x20 /Applications/STM32CubeIDE.app/Contents/Eclipse/plugins/com.st.stm32cube.ide.mcu.externaltools.gnu-tools-for-stm32.11.3.rel1.macos64_1.1.100.202310310803/tools/bin/../lib/gcc/arm-none-eabi/11.3.1/../../../../arm-none-eabi/lib/thumb/v7-m/nofp/libc.a(libc_a-isattyr.o)
                0x000000000800aaa0                _isatty_r
 .text._lseek_r
                0x000000000800aac0       0x24 /Applications/STM32CubeIDE.app/Contents/Eclipse/plugins/com.st.stm32cube.ide.mcu.externaltools.gnu-tools-for-stm32.11.3.rel1.macos64_1.1.100.202310310803/tools/bin/../lib/gcc/arm-none-eabi/11.3.1/../../../../arm-none-eabi/lib/thumb/v7-m/nofp/libc.a(libc_a-lseekr.o)
                0x000000000800aac0                _lseek_r
 .text._read_r  0x000000000800aae4       0x24 /Applications/STM32CubeIDE.app/Contents/Eclipse/plugins/com.st.stm32cube.ide.mcu.externaltools.gnu-tools-for-stm32.11.3.rel1.macos64_1.1.100.202310310803/tools/bin/../lib/gcc/arm-none-eabi/11.3.1/../../../../arm-none-eabi/lib/thumb/v7-m/nofp/libc.a(libc_a-readr.o)
                0x000000000800aae4                _read_r
 .text._write_r
                0x000000000800ab08       0x24 /Applications/STM32CubeIDE.app/Contents/Eclipse/plugins/com.st.stm32cube.ide.mcu.externaltools.gnu-tools-for-stm32.11.3.rel1.macos64_1.1.100.202310310803/tools/bin/../lib/gcc/arm-none-eabi/11.3.1/../../../../arm-none-eabi/lib/thumb/v7-m/nofp/libc.a(libc_a-writer.o)
                0x000000000800ab08                _write_r
 .text.__libc_fini_array
                0x000000000800ab2c       0x28 /Applications/STM32CubeIDE.app/Contents/Eclipse/plugins/com.st.stm32cube.ide.mcu.externaltools.gnu-tools-for-stm32.11.3.rel1.macos64_1.1.100.202310310803/tools/bin/../lib/gcc/arm-none-eabi/11.3.1/../../../../arm-none-eabi/lib/thumb/v7-m/nofp/libc.a(libc_a-fini.o)
                0x000000000800ab2c                __libc_fini_array
 .text.__register_exitproc
                0x000000000800ab54       0x80 /Applications/STM32CubeIDE.app/Contents/Eclipse/plugins/com.st.stm32cube.ide.mcu.externaltools.gnu-tools-for-stm32.11.3.rel1.macos64_1.1.100.202310310803/tools/bin/../lib/gcc/arm-none-eabi/11.3.1/../../../../arm-none-eabi/lib/thumb/v7-m/nofp/libc.a(libc_a-__atexit.o)
                0x000000000800ab54                __register_exitproc
 .text.__assert_func
                0x000000000800abd4       0x3c /Applications/STM32CubeIDE.app/Contents/Eclipse/plugins/com.st.stm32cube.ide.mcu.externaltools.gnu-tools-for-stm32.11.3.rel1.macos64_1.1.100.202310310803/tools/bin/../lib/gcc/arm-none-eabi/11.3.1/../../../../arm-none-eabi/lib/thumb/v7-m/nofp/libc.a(libc_a-assert.o)
                0x000000000800abd4                __assert_func
 .text._calloc_r
                0x000000000800ac10       0x6a /Applications/STM32CubeIDE.app/Contents/Eclipse/plugins/com.st.stm32cube.ide.mcu.externaltools.gnu-tools-for-stm32.11.3.rel1.macos64_1.1.100.202310310803/tools/bin/../lib/gcc/arm-none-eabi/11.3.1/../../../../arm-none-eabi/lib/thumb/v7-m/nofp/libc.a(libc_a-callocr.o)
                0x000000000800ac10                _calloc_r
 *fill*         0x000000000800ac7a        0x2 
 .text.fiprintf
                0x000000000800ac7c       0x24 /Applications/STM32CubeIDE.app/Contents/Eclipse/plugins/com.st.stm32cube.ide.mcu.externaltools.gnu-tools-for-stm32.11.3.rel1.macos64_1.1.100.202310310803/tools/bin/../lib/gcc/arm-none-eabi/11.3.1/../../../../arm-none-eabi/lib/thumb/v7-m/nofp/libc.a(libc_a-fiprintf.o)
                0x000000000800ac7c                fiprintf
 .text.__ssprint_r
                0x000000000800aca0       0xfa /Applications/STM32CubeIDE.app/Contents/Eclipse/plugins/com.st.stm32cube.ide.mcu.externaltools.gnu-tools-for-stm32.11.3.rel1.macos64_1.1.100.202310310803/tools/bin/../lib/gcc/arm-none-eabi/11.3.1/../../../../arm-none-eabi/lib/thumb/v7-m/nofp/libc.a(libc_a-svfiprintf.o)
                0x000000000800aca0                __ssprint_r
 .text.abort    0x000000000800ad9a        0xe /Applications/STM32CubeIDE.app/Contents/Eclipse/plugins/com.st.stm32cube.ide.mcu.externaltools.gnu-tools-for-stm32.11.3.rel1.macos64_1.1.100.202310310803/tools/bin/../lib/gcc/arm-none-eabi/11.3.1/../../../../arm-none-eabi/lib/thumb/v7-m/nofp/libc.a(libc_a-abort.o)
                0x000000000800ad9a                abort
 .text._raise_r
                0x000000000800ada8       0x52 /Applications/STM32CubeIDE.app/Contents/Eclipse/plugins/com.st.stm32cube.ide.mcu.externaltools.gnu-tools-for-stm32.11.3.rel1.macos64_1.1.100.202310310803/tools/bin/../lib/gcc/arm-none-eabi/11.3.1/../../../../arm-none-eabi/lib/thumb/v7-m/nofp/libc.a(libc_a-signal.o)
                0x000000000800ada8                _raise_r
 *fill*         0x000000000800adfa        0x2 
 .text.raise    0x000000000800adfc       0x10 /Applications/STM32CubeIDE.app/Contents/Eclipse/plugins/com.st.stm32cube.ide.mcu.externaltools.gnu-tools-for-stm32.11.3.rel1.macos64_1.1.100.202310310803/tools/bin/../lib/gcc/arm-none-eabi/11.3.1/../../../../arm-none-eabi/lib/thumb/v7-m/nofp/libc.a(libc_a-signal.o)
                0x000000000800adfc                raise
 .text._kill_r  0x000000000800ae0c       0x24 /Applications/STM32CubeIDE.app/Contents/Eclipse/plugins/com.st.stm32cube.ide.mcu.externaltools.gnu-tools-for-stm32.11.3.rel1.macos64_1.1.100.202310310803/tools/bin/../lib/gcc/arm-none-eabi/11.3.1/../../../../arm-none-eabi/lib/thumb/v7-m/nofp/libc.a(libc_a-signalr.o)
                0x000000000800ae0c                _kill_r
 .text._getpid_r
                0x000000000800ae30        0x4 /Applications/STM32CubeIDE.app/Contents/Eclipse/plugins/com.st.stm32cube.ide.mcu.externaltools.gnu-tools-for-stm32.11.3.rel1.macos64_1.1.100.202310310803/tools/bin/../lib/gcc/arm-none-eabi/11.3.1/../../../../arm-none-eabi/lib/thumb/v7-m/nofp/libc.a(libc_a-signalr.o)
                0x000000000800ae30                _getpid_r
 *(.glue_7)
 .glue_7        0x000000000800ae34        0x0 linker stubs
 *(.glue_7t)
 .glue_7t       0x000000000800ae34        0x0 linker stubs
 *(.eh_frame)
 .eh_frame      0x000000000800ae34        0x0 /Applications/STM32CubeIDE.app/Contents/Eclipse/plugins/com.st.stm32cube.ide.mcu.externaltools.gnu-tools-for-stm32.11.3.rel1.macos64_1.1.100.202310310803/tools/bin/../lib/gcc/arm-none-eabi/11.3.1/thumb/v7-m/nofp/crtbegin.o
 *(.init)
 .init          0x000000000800ae34        0x4 /Applications/STM32CubeIDE.app/Contents/Eclipse/plugins/com.st.stm32cube.ide.mcu.externaltools.gnu-tools-for-stm32.11.3.rel1.macos64_1.1.100.202310310803/tools/bin/../lib/gcc/arm-none-eabi/11.3.1/thumb/v7-m/nofp/crti.o
                0x000000000800ae34                _init
 .init          0x000000000800ae38        0x8 /Applications/STM32CubeIDE.app/Contents/Eclipse/plugins/com.st.stm32cube.ide.mcu.externaltools.gnu-tools-for-stm32.11.3.rel1.macos64_1.1.100.202310310803/tools/bin/../lib/gcc/arm-none-eabi/11.3.1/thumb/v7-m/nofp/crtn.o
 *(.fini)
 .fini          0x000000000800ae40        0x4 /Applications/STM32CubeIDE.app/Contents/Eclipse/plugins/com.st.stm32cube.ide.mcu.externaltools.gnu-tools-for-stm32.11.3.rel1.macos64_1.1.100.202310310803/tools/bin/../lib/gcc/arm-none-eabi/11.3.1/thumb/v7-m/nofp/crti.o
                0x000000000800ae40                _fini
 .fini          0x000000000800ae44        0x8 /Applications/STM32CubeIDE.app/Contents/Eclipse/plugins/com.st.stm32cube.ide.mcu.externaltools.gnu-tools-for-stm32.11.3.rel1.macos64_1.1.100.202310310803/tools/bin/../lib/gcc/arm-none-eabi/11.3.1/thumb/v7-m/nofp/crtn.o
                0x000000000800ae4c                . = ALIGN (0x4)
                0x000000000800ae4c                _etext = .

.vfp11_veneer   0x000000000800ae4c        0x0
 .vfp11_veneer  0x000000000800ae4c        0x0 linker stubs

.v4_bx          0x000000000800ae4c        0x0
 .v4_bx         0x000000000800ae4c        0x0 linker stubs

.iplt           0x000000000800ae4c        0x0
 .iplt          0x000000000800ae4c        0x0 /Applications/STM32CubeIDE.app/Contents/Eclipse/plugins/com.st.stm32cube.ide.mcu.externaltools.gnu-tools-for-stm32.11.3.rel1.macos64_1.1.100.202310310803/tools/bin/../lib/gcc/arm-none-eabi/11.3.1/thumb/v7-m/nofp/crtbegin.o

.rodata         0x000000000800ae50     0x1950
                0x000000000800ae50                . = ALIGN (0x4)
 *(.rodata)
 *(.rodata*)
 .rodata.writeValueFloat.str1.4
                0x000000000800ae50        0x6 ./appli/affichageTFT.o
 *fill*         0x000000000800ae56        0x2 
 .rodata.initTemplate.str1.4
                0x000000000800ae58       0x13 ./appli/affichageTFT.o
 *fill*         0x000000000800ae6b        0x1 
 .rodata.ADC_getValue.str1.4
                0x000000000800ae6c       0x59 ./lib/bsp/stm32f1_adc.o
 *fill*         0x000000000800aec5        0x3 
 .rodata.SPI_Init.str1.4
                0x000000000800aec8       0x59 ./lib/bsp/stm32f1_spi.o
 *fill*         0x000000000800af21        0x3 
 .rodata._exit.str1.4
                0x000000000800af24        0x5 ./lib/bsp/stm32f1_sys.o
 *fill*         0x000000000800af29        0x3 
 .rodata.dump_trap_info.str1.4
                0x000000000800af2c      0x126 ./lib/bsp/stm32f1_sys.o
                                        0x12a (size before relaxing)
 *fill*         0x000000000800b052        0x2 
 .rodata.NMI_Handler.str1.4
                0x000000000800b054       0x14 ./lib/bsp/stm32f1_sys.o
 .rodata.SVC_Handler.str1.4
                0x000000000800b068       0x14 ./lib/bsp/stm32f1_sys.o
                                         0x1e (size before relaxing)
 .rodata.DebugMon_Handler.str1.4
                0x000000000800b068       0x19 ./lib/bsp/stm32f1_sys.o
 *fill*         0x000000000800b081        0x3 
 .rodata.PendSV_Handler.str1.4
                0x000000000800b084       0x26 ./lib/bsp/stm32f1_sys.o
 *fill*         0x000000000800b0aa        0x2 
 .rodata.instance_array
                0x000000000800b0ac       0x10 ./lib/bsp/stm32f1_timer.o
 .rodata.nvic_irq_array
                0x000000000800b0bc        0x4 ./lib/bsp/stm32f1_timer.o
 .rodata.UART_init.str1.4
                0x000000000800b0c0       0x61 ./lib/bsp/stm32f1_uart.o
 *fill*         0x000000000800b121        0x3 
 .rodata.instance_array
                0x000000000800b124        0xc ./lib/bsp/stm32f1_uart.o
 .rodata.nvic_irq_array
                0x000000000800b130        0x3 ./lib/bsp/stm32f1_uart.o
 *fill*         0x000000000800b133        0x1 
 .rodata.WWDG_IRQHandler.str1.4
                0x000000000800b134        0x5 ./lib/bsp/stm32f1_weak_it.o
 *fill*         0x000000000800b139        0x3 
 .rodata.PVD_IRQHandler.str1.4
                0x000000000800b13c        0x4 ./lib/bsp/stm32f1_weak_it.o
 .rodata.TAMPER_IRQHandler.str1.4
                0x000000000800b140        0x7 ./lib/bsp/stm32f1_weak_it.o
 *fill*         0x000000000800b147        0x1 
 .rodata.RTC_IRQHandler.str1.4
                0x000000000800b148        0x4 ./lib/bsp/stm32f1_weak_it.o
 .rodata.FLASH_IRQHandler.str1.4
                0x000000000800b14c        0x6 ./lib/bsp/stm32f1_weak_it.o
 *fill*         0x000000000800b152        0x2 
 .rodata.RCC_IRQHandler.str1.4
                0x000000000800b154        0x4 ./lib/bsp/stm32f1_weak_it.o
 .rodata.EXTI0_IRQHandler.str1.4
                0x000000000800b158        0x6 ./lib/bsp/stm32f1_weak_it.o
 *fill*         0x000000000800b15e        0x2 
 .rodata.EXTI1_IRQHandler.str1.4
                0x000000000800b160        0x6 ./lib/bsp/stm32f1_weak_it.o
 *fill*         0x000000000800b166        0x2 
 .rodata.EXTI2_IRQHandler.str1.4
                0x000000000800b168        0x6 ./lib/bsp/stm32f1_weak_it.o
 *fill*         0x000000000800b16e        0x2 
 .rodata.EXTI3_IRQHandler.str1.4
                0x000000000800b170        0x6 ./lib/bsp/stm32f1_weak_it.o
 *fill*         0x000000000800b176        0x2 
 .rodata.EXTI4_IRQHandler.str1.4
                0x000000000800b178        0x6 ./lib/bsp/stm32f1_weak_it.o
 *fill*         0x000000000800b17e        0x2 
 .rodata.DMA1_Channel2_IRQHandler.str1.4
                0x000000000800b180        0xe ./lib/bsp/stm32f1_weak_it.o
 *fill*         0x000000000800b18e        0x2 
 .rodata.DMA1_Channel3_IRQHandler.str1.4
                0x000000000800b190        0xe ./lib/bsp/stm32f1_weak_it.o
 *fill*         0x000000000800b19e        0x2 
 .rodata.DMA1_Channel4_IRQHandler.str1.4
                0x000000000800b1a0        0xe ./lib/bsp/stm32f1_weak_it.o
 *fill*         0x000000000800b1ae        0x2 
 .rodata.DMA1_Channel5_IRQHandler.str1.4
                0x000000000800b1b0        0xe ./lib/bsp/stm32f1_weak_it.o
 *fill*         0x000000000800b1be        0x2 
 .rodata.DMA1_Channel6_IRQHandler.str1.4
                0x000000000800b1c0        0xe ./lib/bsp/stm32f1_weak_it.o
 *fill*         0x000000000800b1ce        0x2 
 .rodata.DMA1_Channel7_IRQHandler.str1.4
                0x000000000800b1d0        0xe ./lib/bsp/stm32f1_weak_it.o
 *fill*         0x000000000800b1de        0x2 
 .rodata.ADC1_2_IRQHandler.str1.4
                0x000000000800b1e0        0x7 ./lib/bsp/stm32f1_weak_it.o
 *fill*         0x000000000800b1e7        0x1 
 .rodata.USB_HP_CAN1_TX_IRQHandler.str1.4
                0x000000000800b1e8        0xf ./lib/bsp/stm32f1_weak_it.o
 *fill*         0x000000000800b1f7        0x1 
 .rodata.USB_LP_CAN1_RX0_IRQHandler.str1.4
                0x000000000800b1f8       0x10 ./lib/bsp/stm32f1_weak_it.o
 .rodata.CAN1_RX1_IRQHandler.str1.4
                0x000000000800b208        0x9 ./lib/bsp/stm32f1_weak_it.o
 *fill*         0x000000000800b211        0x3 
 .rodata.CAN1_SCE_IRQHandler.str1.4
                0x000000000800b214        0x9 ./lib/bsp/stm32f1_weak_it.o
 *fill*         0x000000000800b21d        0x3 
 .rodata.EXTI9_5_IRQHandler.str1.4
                0x000000000800b220        0x8 ./lib/bsp/stm32f1_weak_it.o
 .rodata.TIM1_BRK_IRQHandler.str1.4
                0x000000000800b228        0x9 ./lib/bsp/stm32f1_weak_it.o
 *fill*         0x000000000800b231        0x3 
 .rodata.TIM1_TRG_COM_IRQHandler.str1.4
                0x000000000800b234        0xd ./lib/bsp/stm32f1_weak_it.o
 *fill*         0x000000000800b241        0x3 
 .rodata.TIM1_CC_IRQHandler.str1.4
                0x000000000800b244        0x8 ./lib/bsp/stm32f1_weak_it.o
 .rodata.I2C1_EV_IRQHandler.str1.4
                0x000000000800b24c        0x8 ./lib/bsp/stm32f1_weak_it.o
 .rodata.I2C1_ER_IRQHandler.str1.4
                0x000000000800b254        0x8 ./lib/bsp/stm32f1_weak_it.o
 .rodata.I2C2_EV_IRQHandler.str1.4
                0x000000000800b25c        0x8 ./lib/bsp/stm32f1_weak_it.o
 .rodata.I2C2_ER_IRQHandler.str1.4
                0x000000000800b264        0x8 ./lib/bsp/stm32f1_weak_it.o
 .rodata.SPI1_IRQHandler.str1.4
                0x000000000800b26c        0x5 ./lib/bsp/stm32f1_weak_it.o
 .rodata.SPI2_IRQHandler.str1.4
                0x000000000800b271        0x5 ./lib/bsp/stm32f1_weak_it.o
 *fill*         0x000000000800b271        0x3 
 .rodata.EXTI15_10_IRQHandler.str1.4
                0x000000000800b274        0xa ./lib/bsp/stm32f1_weak_it.o
 *fill*         0x000000000800b27e        0x2 
 .rodata.RTC_Alarm_IRQHandler.str1.4
                0x000000000800b280        0xa ./lib/bsp/stm32f1_weak_it.o
 *fill*         0x000000000800b28a        0x2 
 .rodata.USBWakeUp_IRQHandler.str1.4
                0x000000000800b28c        0xa ./lib/bsp/stm32f1_weak_it.o
 *fill*         0x000000000800b296        0x2 
 .rodata.str1.4
                0x000000000800b298       0x21 ./lib/bsp/stm32f1_weak_it.o
 *fill*         0x000000000800b2b9        0x3 
 .rodata.AHBPrescTable
                0x000000000800b2bc       0x10 ./lib/bsp/system_stm32f1xx.o
                0x000000000800b2bc                AHBPrescTable
 .rodata.APBPrescTable
                0x000000000800b2cc        0x8 ./lib/bsp/system_stm32f1xx.o
                0x000000000800b2cc                APBPrescTable
 .rodata.Font11x18
                0x000000000800b2d4      0xd5c ./lib/bsp/tft_ili9341/stm32f1_fonts.o
                0x000000000800b2d4                Font11x18
 .rodata.Font7x10
                0x000000000800c030      0x3b6 ./lib/bsp/tft_ili9341/stm32f1_fonts.o
                0x000000000800c030                Font7x10
 *fill*         0x000000000800c3e6        0x2 
 .rodata.HAL_RCC_GetSysClockFreq.str1.4
                0x000000000800c3e8       0x11 ./lib/hal/src/stm32f1xx_hal_rcc.o
 .rodata._vfprintf_r.str1.1
                0x000000000800c3f9       0x34 /Applications/STM32CubeIDE.app/Contents/Eclipse/plugins/com.st.stm32cube.ide.mcu.externaltools.gnu-tools-for-stm32.11.3.rel1.macos64_1.1.100.202310310803/tools/bin/../lib/gcc/arm-none-eabi/11.3.1/../../../../arm-none-eabi/lib/thumb/v7-m/nofp/libc.a(libc_a-vfprintf.o)
 .rodata.blanks.1
                0x000000000800c42d       0x10 /Applications/STM32CubeIDE.app/Contents/Eclipse/plugins/com.st.stm32cube.ide.mcu.externaltools.gnu-tools-for-stm32.11.3.rel1.macos64_1.1.100.202310310803/tools/bin/../lib/gcc/arm-none-eabi/11.3.1/../../../../arm-none-eabi/lib/thumb/v7-m/nofp/libc.a(libc_a-vfprintf.o)
 .rodata.zeroes.0
                0x000000000800c43d       0x10 /Applications/STM32CubeIDE.app/Contents/Eclipse/plugins/com.st.stm32cube.ide.mcu.externaltools.gnu-tools-for-stm32.11.3.rel1.macos64_1.1.100.202310310803/tools/bin/../lib/gcc/arm-none-eabi/11.3.1/../../../../arm-none-eabi/lib/thumb/v7-m/nofp/libc.a(libc_a-vfprintf.o)
 .rodata._vfiprintf_r.str1.1
                0x000000000800c44d       0x22 /Applications/STM32CubeIDE.app/Contents/Eclipse/plugins/com.st.stm32cube.ide.mcu.externaltools.gnu-tools-for-stm32.11.3.rel1.macos64_1.1.100.202310310803/tools/bin/../lib/gcc/arm-none-eabi/11.3.1/../../../../arm-none-eabi/lib/thumb/v7-m/nofp/libc.a(libc_a-vfiprintf.o)
 .rodata.blanks.1
                0x000000000800c44d       0x10 /Applications/STM32CubeIDE.app/Contents/Eclipse/plugins/com.st.stm32cube.ide.mcu.externaltools.gnu-tools-for-stm32.11.3.rel1.macos64_1.1.100.202310310803/tools/bin/../lib/gcc/arm-none-eabi/11.3.1/../../../../arm-none-eabi/lib/thumb/v7-m/nofp/libc.a(libc_a-vfiprintf.o)
 .rodata.zeroes.0
                0x000000000800c45d       0x10 /Applications/STM32CubeIDE.app/Contents/Eclipse/plugins/com.st.stm32cube.ide.mcu.externaltools.gnu-tools-for-stm32.11.3.rel1.macos64_1.1.100.202310310803/tools/bin/../lib/gcc/arm-none-eabi/11.3.1/../../../../arm-none-eabi/lib/thumb/v7-m/nofp/libc.a(libc_a-vfiprintf.o)
 .rodata._setlocale_r.str1.1
                0x000000000800c46d        0x8 /Applications/STM32CubeIDE.app/Contents/Eclipse/plugins/com.st.stm32cube.ide.mcu.externaltools.gnu-tools-for-stm32.11.3.rel1.macos64_1.1.100.202310310803/tools/bin/../lib/gcc/arm-none-eabi/11.3.1/../../../../arm-none-eabi/lib/thumb/v7-m/nofp/libc.a(libc_a-locale.o)
                                          0x9 (size before relaxing)
 .rodata.str1.1
                0x000000000800c475        0x2 /Applications/STM32CubeIDE.app/Contents/Eclipse/plugins/com.st.stm32cube.ide.mcu.externaltools.gnu-tools-for-stm32.11.3.rel1.macos64_1.1.100.202310310803/tools/bin/../lib/gcc/arm-none-eabi/11.3.1/../../../../arm-none-eabi/lib/thumb/v7-m/nofp/libc.a(libc_a-locale.o)
 .rodata._ctype_
                0x000000000800c477      0x101 /Applications/STM32CubeIDE.app/Contents/Eclipse/plugins/com.st.stm32cube.ide.mcu.externaltools.gnu-tools-for-stm32.11.3.rel1.macos64_1.1.100.202310310803/tools/bin/../lib/gcc/arm-none-eabi/11.3.1/../../../../arm-none-eabi/lib/thumb/v7-m/nofp/libc.a(libc_a-ctype_.o)
                0x000000000800c477                _ctype_
 .rodata._dtoa_r.str1.1
                0x000000000800c578       0x76 /Applications/STM32CubeIDE.app/Contents/Eclipse/plugins/com.st.stm32cube.ide.mcu.externaltools.gnu-tools-for-stm32.11.3.rel1.macos64_1.1.100.202310310803/tools/bin/../lib/gcc/arm-none-eabi/11.3.1/../../../../arm-none-eabi/lib/thumb/v7-m/nofp/libc.a(libc_a-dtoa.o)
                                         0x78 (size before relaxing)
 .rodata._svfprintf_r.str1.1
                0x000000000800c5ee       0x34 /Applications/STM32CubeIDE.app/Contents/Eclipse/plugins/com.st.stm32cube.ide.mcu.externaltools.gnu-tools-for-stm32.11.3.rel1.macos64_1.1.100.202310310803/tools/bin/../lib/gcc/arm-none-eabi/11.3.1/../../../../arm-none-eabi/lib/thumb/v7-m/nofp/libc.a(libc_a-svfprintf.o)
 .rodata.blanks.1
                0x000000000800c5ee       0x10 /Applications/STM32CubeIDE.app/Contents/Eclipse/plugins/com.st.stm32cube.ide.mcu.externaltools.gnu-tools-for-stm32.11.3.rel1.macos64_1.1.100.202310310803/tools/bin/../lib/gcc/arm-none-eabi/11.3.1/../../../../arm-none-eabi/lib/thumb/v7-m/nofp/libc.a(libc_a-svfprintf.o)
 .rodata.zeroes.0
                0x000000000800c5fe       0x10 /Applications/STM32CubeIDE.app/Contents/Eclipse/plugins/com.st.stm32cube.ide.mcu.externaltools.gnu-tools-for-stm32.11.3.rel1.macos64_1.1.100.202310310803/tools/bin/../lib/gcc/arm-none-eabi/11.3.1/../../../../arm-none-eabi/lib/thumb/v7-m/nofp/libc.a(libc_a-svfprintf.o)
 .rodata.__multadd.str1.1
                0x000000000800c60e       0x59 /Applications/STM32CubeIDE.app/Contents/Eclipse/plugins/com.st.stm32cube.ide.mcu.externaltools.gnu-tools-for-stm32.11.3.rel1.macos64_1.1.100.202310310803/tools/bin/../lib/gcc/arm-none-eabi/11.3.1/../../../../arm-none-eabi/lib/thumb/v7-m/nofp/libc.a(libc_a-mprec.o)
                                         0x6a (size before relaxing)
 *fill*         0x000000000800c667        0x1 
 .rodata.__mprec_bigtens
                0x000000000800c668       0x28 /Applications/STM32CubeIDE.app/Contents/Eclipse/plugins/com.st.stm32cube.ide.mcu.externaltools.gnu-tools-for-stm32.11.3.rel1.macos64_1.1.100.202310310803/tools/bin/../lib/gcc/arm-none-eabi/11.3.1/../../../../arm-none-eabi/lib/thumb/v7-m/nofp/libc.a(libc_a-mprec.o)
                0x000000000800c668                __mprec_bigtens
 .rodata.__mprec_tens
                0x000000000800c690       0xc8 /Applications/STM32CubeIDE.app/Contents/Eclipse/plugins/com.st.stm32cube.ide.mcu.externaltools.gnu-tools-for-stm32.11.3.rel1.macos64_1.1.100.202310310803/tools/bin/../lib/gcc/arm-none-eabi/11.3.1/../../../../arm-none-eabi/lib/thumb/v7-m/nofp/libc.a(libc_a-mprec.o)
                0x000000000800c690                __mprec_tens