Archive member included to satisfy reference by file (symbol)

/Applications/STM32CubeIDE.app/Contents/Eclipse/plugins/com.st.stm32cube.ide.mcu.externaltools.gnu-tools-for-stm32.11.3.rel1.macos64_1.1.100.202310310803/tools/bin/../lib/gcc/arm-none-eabi/11.3.1/../../../../arm-none-eabi/lib/thumb/v7-m/nofp/libc.a(libc_a-exit.o)
                              /Applications/STM32CubeIDE.app/Contents/Eclipse/plugins/com.st.stm32cube.ide.mcu.externaltools.gnu-tools-for-stm32.11.3.rel1.macos64_1.1.100.202310310803/tools/bin/../lib/gcc/arm-none-eabi/11.3.1/../../../../arm-none-eabi/lib/thumb/v7-m/nofp/crt0.o (exit)
/Applications/STM32CubeIDE.app/Contents/Eclipse/plugins/com.st.stm32cube.ide.mcu.externaltools.gnu-tools-for-stm32.11.3.rel1.macos64_1.1.100.202310310803/tools/bin/../lib/gcc/arm-none-eabi/11.3.1/../../../../arm-none-eabi/lib/thumb/v7-m/nofp/libc.a(libc_a-malloc.o)
                              ./lib/bsp/stm32f1_sys.o (malloc)
/Applications/STM32CubeIDE.app/Contents/Eclipse/plugins/com.st.stm32cube.ide.mcu.externaltools.gnu-tools-for-stm32.11.3.rel1.macos64_1.1.100.202310310803/tools/bin/../lib/gcc/arm-none-eabi/11.3.1/../../../../arm-none-eabi/lib/thumb/v7-m/nofp/libc.a(libc_a-mallocr.o)
                              /Applications/STM32CubeIDE.app/Contents/Eclipse/plugins/com.st.stm32cube.ide.mcu.externaltools.gnu-tools-for-stm32.11.3.rel1.macos64_1.1.100.202310310803/tools/bin/../lib/gcc/arm-none-eabi/11.3.1/../../../../arm-none-eabi/lib/thumb/v7-m/nofp/libc.a(libc_a-malloc.o) (_malloc_r)
/Applications/STM32CubeIDE.app/Contents/Eclipse/plugins/com.st.stm32cube.ide.mcu.externaltools.gnu-tools-for-stm32.11.3.rel1.macos64_1.1.100.202310310803/tools/bin/../lib/gcc/arm-none-eabi/11.3.1/../../../../arm-none-eabi/lib/thumb/v7-m/nofp/libc.a(libc_a-printf.o)
                              ./lib/bsp/stm32f1_adc.o (printf)
/Applications/STM32CubeIDE.app/Contents/Eclipse/plugins/com.st.stm32cube.ide.mcu.externaltools.gnu-tools-for-stm32.11.3.rel1.macos64_1.1.100.202310310803/tools/bin/../lib/gcc/arm-none-eabi/11.3.1/../../../../arm-none-eabi/lib/thumb/v7-m/nofp/libc.a(libc_a-vfprintf.o)
                              /Applications/STM32CubeIDE.app/Contents/Eclipse/plugins/com.st.stm32cube.ide.mcu.externaltools.gnu-tools-for-stm32.11.3.rel1.macos64_1.1.100.202310310803/tools/bin/../lib/gcc/arm-none-eabi/11.3.1/../../../../arm-none-eabi/lib/thumb/v7-m/nofp/libc.a(libc_a-printf.o) (_vfprintf_r)
/Applications/STM32CubeIDE.app/Contents/Eclipse/plugins/com.st.stm32cube.ide.mcu.externaltools.gnu-tools-for-stm32.11.3.rel1.macos64_1.1.100.202310310803/tools/bin/../lib/gcc/arm-none-eabi/11.3.1/../../../../arm-none-eabi/lib/thumb/v7-m/nofp/libc.a(libc_a-vfiprintf.o)
                              /Applications/STM32CubeIDE.app/Contents/Eclipse/plugins/com.st.stm32cube.ide.mcu.externaltools.gnu-tools-for-stm32.11.3.rel1.macos64_1.1.100.202310310803/tools/bin/../lib/gcc/arm-none-eabi/11.3.1/../../../../arm-none-eabi/lib/thumb/v7-m/nofp/libc.a(libc_a-vfprintf.o) (__sprint_r)
/Applications/STM32CubeIDE.app/Contents/Eclipse/plugins/com.st.stm32cube.ide.mcu.externaltools.gnu-tools-for-stm32.11.3.rel1.macos64_1.1.100.202310310803/tools/bin/../lib/gcc/arm-none-eabi/11.3.1/../../../../arm-none-eabi/lib/thumb/v7-m/nofp/libc.a(libc_a-putchar.o)
                              ./lib/bsp/stm32f1_adc.o (putchar)
/Applications/STM32CubeIDE.app/Contents/Eclipse/plugins/com.st.stm32cube.ide.mcu.externaltools.gnu-tools-for-stm32.11.3.rel1.macos64_1.1.100.202310310803/tools/bin/../lib/gcc/arm-none-eabi/11.3.1/../../../../arm-none-eabi/lib/thumb/v7-m/nofp/libc.a(libc_a-mlock.o)
                              /Applications/STM32CubeIDE.app/Contents/Eclipse/plugins/com.st.stm32cube.ide.mcu.externaltools.gnu-tools-for-stm32.11.3.rel1.macos64_1.1.100.202310310803/tools/bin/../lib/gcc/arm-none-eabi/11.3.1/../../../../arm-none-eabi/lib/thumb/v7-m/nofp/libc.a(libc_a-mallocr.o) (__malloc_lock)
/Applications/STM32CubeIDE.app/Contents/Eclipse/plugins/com.st.stm32cube.ide.mcu.externaltools.gnu-tools-for-stm32.11.3.rel1.macos64_1.1.100.202310310803/tools/bin/../lib/gcc/arm-none-eabi/11.3.1/../../../../arm-none-eabi/lib/thumb/v7-m/nofp/libc.a(libc_a-puts.o)
                              ./lib/bsp/stm32f1_adc.o (puts)
/Applications/STM32CubeIDE.app/Contents/Eclipse/plugins/com.st.stm32cube.ide.mcu.externaltools.gnu-tools-for-stm32.11.3.rel1.macos64_1.1.100.202310310803/tools/bin/../lib/gcc/arm-none-eabi/11.3.1/../../../../arm-none-eabi/lib/thumb/v7-m/nofp/libc.a(libc_a-setvbuf.o)
                              ./lib/bsp/stm32f1_uart.o (setvbuf)
/Applications/STM32CubeIDE.app/Contents/Eclipse/plugins/com.st.stm32cube.ide.mcu.externaltools.gnu-tools-for-stm32.11.3.rel1.macos64_1.1.100.202310310803/tools/bin/../lib/gcc/arm-none-eabi/11.3.1/../../../../arm-none-eabi/lib/thumb/v7-m/nofp/libc.a(libc_a-fflush.o)
[...]
Memory Configuration

Name             Origin             Length             Attributes
FLASH            0x0000000008000000 0x000000000001fc00 xr
RAM              0x0000000020000000 0x0000000000005000 xrw
*default*        0x0000000000000000 0xffffffffffffffff

Linker script and memory map

LOAD /Applications/STM32CubeIDE.app/Contents/Eclipse/plugins/com.st.stm32cube.ide.mcu.externaltools.gnu-tools-for-stm32.11.3.rel1.macos64_1.1.100.202310310803/tools/bin/../lib/gcc/arm-none-eabi/11.3.1/thumb/v7-m/nofp/crti.o
LOAD /Applications/STM32CubeIDE.app/Contents/Eclipse/plugins/com.st.stm32cube.ide.mcu.externaltools.gnu-tools-for-stm32.11.3.rel1.macos64_1.1.100.202310310803/tools/bin/../lib/gcc/arm-none-eabi/11.3.1/thumb/v7-m/nofp/crtbegin.o
LOAD /Applications/STM32CubeIDE.app/Contents/Eclipse/plugins/com.st.stm32cube.ide.mcu.externaltools.gnu-tools-for-stm32.11.3.rel1.macos64_1.1.100.202310310803/tools/bin/../lib/gcc/arm-none-eabi/11.3.1/../../../../arm-none-eabi/lib/thumb/v7-m/nofp/crt0.o
LOAD ./appli/affichageTFT.o
LOAD ./appli/main.o
LOAD ./appli/mpc9701.o
LOAD ./lib/bsp/MPU6050/stm32f1_mpu6050.o
LOAD ./lib/bsp/stm32f1_adc.o
LOAD ./lib/bsp/stm32f1_gpio.o
LOAD ./lib/bsp/stm32f1_i2c.o
LOAD ./lib/bsp/stm32f1_rtc.o
LOAD ./lib/bsp/stm32f1_spi.o
LOAD ./lib/bsp/stm32f1_sys.o
LOAD ./lib/bsp/stm32f1_timer.o
LOAD ./lib/bsp/stm32f1_uart.o
LOAD ./lib/bsp/stm32f1_weak_it.o
LOAD ./lib/bsp/stm32f1xx_nucleo.o
LOAD ./lib/bsp/system_stm32f1xx.o
LOAD ./lib/bsp/systick.o
LOAD ./lib/bsp/tft_ili9341/TFT_basic.o
LOAD ./lib/bsp/tft_ili9341/stm32f1_fonts.o
LOAD ./lib/bsp/tft_ili9341/stm32f1_ili9341.o
LOAD ./lib/bsp/tft_ili9341/stm32f1_xpt2046.o
LOAD ./lib/hal/src/Legacy/stm32f1xx_hal_can.o
LOAD ./lib/hal/src/stm32f1xx_hal.o
LOAD ./lib/hal/src/stm32f1xx_hal_adc.o
LOAD ./lib/hal/src/stm32f1xx_hal_adc_ex.o
LOAD ./lib/hal/src/stm32f1xx_hal_can.o
LOAD ./lib/hal/src/stm32f1xx_hal_cec.o
LOAD ./lib/hal/src/stm32f1xx_hal_cortex.o
LOAD ./lib/hal/src/stm32f1xx_hal_crc.o
LOAD ./lib/hal/src/stm32f1xx_hal_dac.o
LOAD ./lib/hal/src/stm32f1xx_hal_dac_ex.o
LOAD ./lib/hal/src/stm32f1xx_hal_dma.o
LOAD ./lib/hal/src/stm32f1xx_hal_eth.o
LOAD ./lib/hal/src/stm32f1xx_hal_exti.o
LOAD ./lib/hal/src/stm32f1xx_hal_flash.o
LOAD ./lib/hal/src/stm32f1xx_hal_flash_ex.o
LOAD ./lib/hal/src/stm32f1xx_hal_gpio.o
LOAD ./lib/hal/src/stm32f1xx_hal_gpio_ex.o
LOAD ./lib/hal/src/stm32f1xx_hal_hcd.o
LOAD ./lib/hal/src/stm32f1xx_hal_i2c.o
LOAD ./lib/hal/src/stm32f1xx_hal_i2s.o
LOAD ./lib/hal/src/stm32f1xx_hal_irda.o
LOAD ./lib/hal/src/stm32f1xx_hal_iwdg.o
LOAD ./lib/hal/src/stm32f1xx_hal_mmc.o
LOAD ./lib/hal/src/stm32f1xx_hal_msp_template.o
LOAD ./lib/hal/src/stm32f1xx_hal_nand.o
LOAD ./lib/hal/src/stm32f1xx_hal_nor.o
LOAD ./lib/hal/src/stm32f1xx_hal_pccard.o
LOAD ./lib/hal/src/stm32f1xx_hal_pcd.o
LOAD ./lib/hal/src/stm32f1xx_hal_pcd_ex.o
LOAD ./lib/hal/src/stm32f1xx_hal_pwr.o
LOAD ./lib/hal/src/stm32f1xx_hal_rcc.o
LOAD ./lib/hal/src/stm32f1xx_hal_rcc_ex.o
LOAD ./lib/hal/src/stm32f1xx_hal_rtc.o
LOAD ./lib/hal/src/stm32f1xx_hal_rtc_ex.o
LOAD ./lib/hal/src/stm32f1xx_hal_sd.o
LOAD ./lib/hal/src/stm32f1xx_hal_smartcard.o
LOAD ./lib/hal/src/stm32f1xx_hal_spi.o
LOAD ./lib/hal/src/stm32f1xx_hal_spi_ex.o
LOAD ./lib/hal/src/stm32f1xx_hal_sram.o
LOAD ./lib/hal/src/stm32f1xx_hal_tim.o
LOAD ./lib/hal/src/stm32f1xx_hal_tim_ex.o
LOAD ./lib/hal/src/stm32f1xx_hal_uart.o
LOAD ./lib/hal/src/stm32f1xx_hal_usart.o
LOAD ./lib/hal/src/stm32f1xx_hal_wwdg.o
LOAD ./lib/hal/src/stm32f1xx_ll_adc.o
LOAD ./lib/hal/src/stm32f1xx_ll_crc.o
LOAD ./lib/hal/src/stm32f1xx_ll_dac.o
LOAD ./lib/hal/src/stm32f1xx_ll_dma.o
LOAD ./lib/hal/src/stm32f1xx_ll_exti.o
LOAD ./lib/hal/src/stm32f1xx_ll_fsmc.o
LOAD ./lib/hal/src/stm32f1xx_ll_gpio.o
LOAD ./lib/hal/src/stm32f1xx_ll_i2c.o
LOAD ./lib/hal/src/stm32f1xx_ll_pwr.o
LOAD ./lib/hal/src/stm32f1xx_ll_rcc.o
LOAD ./lib/hal/src/stm32f1xx_ll_rtc.o
LOAD ./lib/hal/src/stm32f1xx_ll_sdmmc.o
LOAD ./lib/hal/src/stm32f1xx_ll_spi.o
LOAD ./lib/hal/src/stm32f1xx_ll_tim.o
LOAD ./lib/hal/src/stm32f1xx_ll_usart.o
LOAD ./lib/hal/src/stm32f1xx_ll_usb.o
LOAD ./lib/hal/src/stm32f1xx_ll_utils.o
LOAD ./lib/startup_stm32f103xb.o
START GROUP
LOAD /Applications/STM32CubeIDE.app/Contents/Eclipse/plugins/com.st.stm32cube.ide.mcu.externaltools.gnu-tools-for-stm32.11.3.rel1.macos64_1.1.100.202310310803/tools/bin/../lib/gcc/arm-none-eabi/11.3.1/../../../../arm-none-eabi/lib/thumb/v7-m/nofp/libc.a
LOAD /Applications/STM32CubeIDE.app/Contents/Eclipse/plugins/com.st.stm32cube.ide.mcu.externaltools.gnu-tools-for-stm32.11.3.rel1.macos64_1.1.100.202310310803/tools/bin/../lib/gcc/arm-none-eabi/11.3.1/../../../../arm-none-eabi/lib/thumb/v7-m/nofp/libm.a
END GROUP
START GROUP
LOAD /Applications/STM32CubeIDE.app/Contents/Eclipse/plugins/com.st.stm32cube.ide.mcu.externaltools.gnu-tools-for-stm32.11.3.rel1.macos64_1.1.100.202310310803/tools/bin/../lib/gcc/arm-none-eabi/11.3.1/thumb/v7-m/nofp/libgcc.a
LOAD /Applications/STM32CubeIDE.app/Contents/Eclipse/plugins/com.st.stm32cube.ide.mcu.externaltools.gnu-tools-for-stm32.11.3.rel1.macos64_1.1.100.202310310803/tools/bin/../lib/gcc/arm-none-eabi/11.3.1/../../../../arm-none-eabi/lib/thumb/v7-m/nofp/libc.a
END GROUP
LOAD /Applications/STM32CubeIDE.app/Contents/Eclipse/plugins/com.st.stm32cube.ide.mcu.externaltools.gnu-tools-for-stm32.11.3.rel1.macos64_1.1.100.202310310803/tools/bin/../lib/gcc/arm-none-eabi/11.3.1/thumb/v7-m/nofp/crtend.o
LOAD /Applications/STM32CubeIDE.app/Contents/Eclipse/plugins/com.st.stm32cube.ide.mcu.externaltools.gnu-tools-for-stm32.11.3.rel1.macos64_1.1.100.202310310803/tools/bin/../lib/gcc/arm-none-eabi/11.3.1/thumb/v7-m/nofp/crtn.o
                0x0000000020005000                _estack = 0x20005000
                0x0000000000000200                _Min_Heap_Size = 0x200
                0x0000000000000400                _Min_Stack_Size = 0x400

.isr_vector     0x0000000008000000      0x10c
                0x0000000008000000                . = ALIGN (0x4)
 *(.isr_vector)
 .isr_vector    0x0000000008000000      0x10c ./lib/startup_stm32f103xb.o
                0x0000000008000000                g_pfnVectors
                0x000000000800010c                . = ALIGN (0x4)

.text           0x0000000008000110     0xaddc
                0x0000000008000110                . = ALIGN (0x4)
 *(.text)
 .text          0x0000000008000110       0x40 /Applications/STM32CubeIDE.app/Contents/Eclipse/plugins/com.st.stm32cube.ide.mcu.externaltools.gnu-tools-for-stm32.11.3.rel1.macos64_1.1.100.202310310803/tools/bin/../lib/gcc/arm-none-eabi/11.3.1/thumb/v7-m/nofp/crtbegin.o
 .text          0x0000000008000150       0x22 ./lib/startup_stm32f103xb.o
                0x0000000008000164                Delay_us
 .text          0x0000000008000172       0x10 /Applications/STM32CubeIDE.app/Contents/Eclipse/plugins/com.st.stm32cube.ide.mcu.externaltools.gnu-tools-for-stm32.11.3.rel1.macos64_1.1.100.202310310803/tools/bin/../lib/gcc/arm-none-eabi/11.3.1/../../../../arm-none-eabi/lib/thumb/v7-m/nofp/libc.a(libc_a-strlen.o)
                0x0000000008000172                strlen
 *fill*         0x0000000008000182        0x2 
 .text          0x0000000008000184      0x378 /Applications/STM32CubeIDE.app/Contents/Eclipse/plugins/com.st.stm32cube.ide.mcu.externaltools.gnu-tools-for-stm32.11.3.rel1.macos64_1.1.100.202310310803/tools/bin/../lib/gcc/arm-none-eabi/11.3.1/thumb/v7-m/nofp/libgcc.a(_arm_addsubdf3.o)
                0x0000000008000184                __aeabi_drsub
                0x000000000800018c                __subdf3
                0x000000000800018c                __aeabi_dsub
                0x0000000008000190                __aeabi_dadd
                0x0000000008000190                __adddf3
                0x0000000008000408                __aeabi_ui2d
                0x0000000008000408                __floatunsidf
                0x0000000008000428                __floatsidf
                0x0000000008000428                __aeabi_i2d
                0x000000000800044c                __extendsfdf2
                0x000000000800044c                __aeabi_f2d
                0x0000000008000490                __aeabi_ul2d
                0x0000000008000490                __floatundidf
                0x00000000080004a0                __aeabi_l2d
                0x00000000080004a0                __floatdidf
 .text          0x00000000080004fc      0x424 /Applications/STM32CubeIDE.app/Contents/Eclipse/plugins/com.st.stm32cube.ide.mcu.externaltools.gnu-tools-for-stm32.11.3.rel1.macos64_1.1.100.202310310803/tools/bin/../lib/gcc/arm-none-eabi/11.3.1/thumb/v7-m/nofp/libgcc.a(_arm_muldivdf3.o)
                0x00000000080004fc                __aeabi_dmul
                0x00000000080004fc                __muldf3
                0x0000000008000750                __aeabi_ddiv
                0x0000000008000750                __divdf3
 .text          0x0000000008000920      0x110 /Applications/STM32CubeIDE.app/Contents/Eclipse/plugins/com.st.stm32cube.ide.mcu.externaltools.gnu-tools-for-stm32.11.3.rel1.macos64_1.1.100.202310310803/tools/bin/../lib/gcc/arm-none-eabi/11.3.1/thumb/v7-m/nofp/libgcc.a(_arm_cmpdf2.o)
                0x0000000008000920                __gedf2
                0x0000000008000920                __gtdf2
                0x0000000008000928                __ledf2
                0x0000000008000928                __ltdf2
                0x0000000008000930                __cmpdf2
                0x0000000008000930                __eqdf2
                0x0000000008000930                __nedf2
                0x00000000080009ac                __aeabi_cdrcmple
                0x00000000080009bc                __aeabi_cdcmple
                0x00000000080009bc                __aeabi_cdcmpeq
                0x00000000080009cc                __aeabi_dcmpeq
                0x00000000080009e0                __aeabi_dcmplt
                0x00000000080009f4                __aeabi_dcmple
                0x0000000008000a08                __aeabi_dcmpge
                0x0000000008000a1c                __aeabi_dcmpgt
 .text          0x0000000008000a30       0x2c /Applications/STM32CubeIDE.app/Contents/Eclipse/plugins/com.st.stm32cube.ide.mcu.externaltools.gnu-tools-for-stm32.11.3.rel1.macos64_1.1.100.202310310803/tools/bin/../lib/gcc/arm-none-eabi/11.3.1/thumb/v7-m/nofp/libgcc.a(_arm_unorddf2.o)
                0x0000000008000a30                __aeabi_dcmpun
                0x0000000008000a30                __unorddf2
 .text          0x0000000008000a5c       0x50 /Applications/STM32CubeIDE.app/Contents/Eclipse/plugins/com.st.stm32cube.ide.mcu.externaltools.gnu-tools-for-stm32.11.3.rel1.macos64_1.1.100.202310310803/tools/bin/../lib/gcc/arm-none-eabi/11.3.1/thumb/v7-m/nofp/libgcc.a(_arm_fixdfsi.o)
                0x0000000008000a5c                __fixdfsi
                0x0000000008000a5c                __aeabi_d2iz
 .text          0x0000000008000aac       0xa0 /Applications/STM32CubeIDE.app/Contents/Eclipse/plugins/com.st.stm32cube.ide.mcu.externaltools.gnu-tools-for-stm32.11.3.rel1.macos64_1.1.100.202310310803/tools/bin/../lib/gcc/arm-none-eabi/11.3.1/thumb/v7-m/nofp/libgcc.a(_arm_truncdfsf2.o)
                0x0000000008000aac                __aeabi_d2f
                0x0000000008000aac                __truncdfsf2
 .text          0x0000000008000b4c      0x21c /Applications/STM32CubeIDE.app/Contents/Eclipse/plugins/com.st.stm32cube.ide.mcu.externaltools.gnu-tools-for-stm32.11.3.rel1.macos64_1.1.100.202310310803/tools/bin/../lib/gcc/arm-none-eabi/11.3.1/thumb/v7-m/nofp/libgcc.a(_arm_addsubsf3.o)
                0x0000000008000b4c                __aeabi_frsub
                0x0000000008000b54                __aeabi_fsub
                0x0000000008000b54                __subsf3
                0x0000000008000b58                __aeabi_fadd
                0x0000000008000b58                __addsf3
                0x0000000008000cb8                __aeabi_ui2f
                0x0000000008000cb8                __floatunsisf
                0x0000000008000cc0                __floatsisf
                0x0000000008000cc0                __aeabi_i2f
                0x0000000008000cdc                __aeabi_ul2f
                0x0000000008000cdc                __floatundisf
                0x0000000008000cec                __aeabi_l2f
                0x0000000008000cec                __floatdisf
 .text          0x0000000008000d68       0xa0 /Applications/STM32CubeIDE.app/Contents/Eclipse/plugins/com.st.stm32cube.ide.mcu.externaltools.gnu-tools-for-stm32.11.3.rel1.macos64_1.1.100.202310310803/tools/bin/../lib/gcc/arm-none-eabi/11.3.1/thumb/v7-m/nofp/libgcc.a(_aeabi_ldivmod.o)
                0x0000000008000d68                __aeabi_ldivmod
 .text          0x0000000008000e08       0x30 /Applications/STM32CubeIDE.app/Contents/Eclipse/plugins/com.st.stm32cube.ide.mcu.externaltools.gnu-tools-for-stm32.11.3.rel1.macos64_1.1.100.202310310803/tools/bin/../lib/gcc/arm-none-eabi/11.3.1/thumb/v7-m/nofp/libgcc.a(_aeabi_uldivmod.o)
                0x0000000008000e08                __aeabi_uldivmod
 .text          0x0000000008000e38      0x2cc /Applications/STM32CubeIDE.app/Contents/Eclipse/plugins/com.st.stm32cube.ide.mcu.externaltools.gnu-tools-for-stm32.11.3.rel1.macos64_1.1.100.202310310803/tools/bin/../lib/gcc/arm-none-eabi/11.3.1/thumb/v7-m/nofp/libgcc.a(_udivmoddi4.o)
                0x0000000008000e38                __udivmoddi4
 .text          0x0000000008001104        0x4 /Applications/STM32CubeIDE.app/Contents/Eclipse/plugins/com.st.stm32cube.ide.mcu.externaltools.gnu-tools-for-stm32.11.3.rel1.macos64_1.1.100.202310310803/tools/bin/../lib/gcc/arm-none-eabi/11.3.1/thumb/v7-m/nofp/libgcc.a(_dvmd_tls.o)
                0x0000000008001104                __aeabi_ldiv0
                0x0000000008001104                __aeabi_idiv0
 *(.text*)
 .text.writeValueFloat
                0x0000000008001108       0x34 ./appli/affichageTFT.o
 .text.initTemplate
                0x000000000800113c      0x168 ./appli/affichageTFT.o
                0x000000000800113c                initTemplate
 .text.writeTemp
                0x00000000080012a4        0xc ./appli/affichageTFT.o
                0x00000000080012a4                writeTemp
 .text.initBuffer
                0x00000000080012b0       0x14 ./appli/affichageTFT.o
                0x00000000080012b0                initBuffer
 .text.printCardioGraphe
                0x00000000080012c4       0x90 ./appli/affichageTFT.o
                0x00000000080012c4                printCardioGraphe
 .text.addValue
                0x0000000008001354       0x60 ./appli/affichageTFT.o
                0x0000000008001354                addValue
 .text.getCardio
                0x00000000080013b4        0x8 ./appli/main.o
                0x00000000080013b4                getCardio
 .text.Cardio_init
                0x00000000080013bc       0x28 ./appli/main.o
                0x00000000080013bc                Cardio_init
 .text.initPulseSensorVariables
                0x00000000080013e4       0xa0 ./appli/main.o
                0x00000000080013e4                initPulseSensorVariables
 .text.main     0x0000000008001484       0xb8 ./appli/main.o
                0x0000000008001484                main
 *fill*         0x000000000800153c        0x4 
 .text.getTemp  0x0000000008001540       0x74 ./appli/mpc9701.o
                0x0000000008001540                getTemp
 .text.PORTS_adc_init
                0x00000000080015b4       0x98 ./lib/bsp/stm32f1_adc.o
 .text.ADC_init
                0x000000000800164c       0xfc ./lib/bsp/stm32f1_adc.o
                0x000000000800164c                ADC_init
 .text.ADC_getValue
                0x0000000008001748       0x34 ./lib/bsp/stm32f1_adc.o
                0x0000000008001748                ADC_getValue
 .text.DMA1_Channel1_IRQHandler
                0x000000000800177c       0x24 ./lib/bsp/stm32f1_adc.o
                0x000000000800177c                DMA1_Channel1_IRQHandler
 .text.BSP_GPIO_Enable
                0x00000000080017a0       0x8c ./lib/bsp/stm32f1_gpio.o
                0x00000000080017a0                BSP_GPIO_Enable
 .text.BSP_GPIO_PinCfg
                0x000000000800182c       0x1a ./lib/bsp/stm32f1_gpio.o
                0x000000000800182c                BSP_GPIO_PinCfg
 *fill*         0x0000000008001846        0x2 
 .text.NVIC_SystemReset
                0x0000000008001848       0x24 ./lib/bsp/stm32f1_spi.o
 .text.SPI_Init
                0x000000000800186c      0x13c ./lib/bsp/stm32f1_spi.o
                0x000000000800186c                SPI_Init
 .text.SPI_WriteNoRegister
                0x00000000080019a8       0x5c ./lib/bsp/stm32f1_spi.o
                0x00000000080019a8                SPI_WriteNoRegister
 .text.SPI_WriteMultiNoRegister
                0x0000000008001a04       0x50 ./lib/bsp/stm32f1_spi.o
                0x0000000008001a04                SPI_WriteMultiNoRegister
 .text.TM_SPI_SetDataSize
                0x0000000008001a54       0x60 ./lib/bsp/stm32f1_spi.o
                0x0000000008001a54                TM_SPI_SetDataSize
 .text.SYS_NVIC_PriorityGrouping
                0x0000000008001ab4        0xa ./lib/bsp/stm32f1_sys.o
                0x0000000008001ab4                SYS_NVIC_PriorityGrouping
 .text.Delay_ms
                0x0000000008001abe       0x22 ./lib/bsp/stm32f1_sys.o
                0x0000000008001abe                Delay_ms
 .text.SYS_ClockConfig
                0x0000000008001ae0       0x4a ./lib/bsp/stm32f1_sys.o
                0x0000000008001ae0                SYS_ClockConfig
 .text.HAL_MspInit
                0x0000000008001b2a        0xc ./lib/bsp/stm32f1_sys.o
                0x0000000008001b2a                HAL_MspInit
 .text._close   0x0000000008001b36        0x6 ./lib/bsp/stm32f1_sys.o
                0x0000000008001b36                _close
 .text._fstat   0x0000000008001b3c        0xa ./lib/bsp/stm32f1_sys.o
                0x0000000008001b3c                _fstat
 .text._getpid  0x0000000008001b46        0x4 ./lib/bsp/stm32f1_sys.o
                0x0000000008001b46                _getpid
 .text._isatty  0x0000000008001b4a       0x16 ./lib/bsp/stm32f1_sys.o
                0x0000000008001b4a                _isatty
 .text._kill    0x0000000008001b60       0x10 ./lib/bsp/stm32f1_sys.o
                0x0000000008001b60                _kill
 .text._lseek   0x0000000008001b70        0x4 ./lib/bsp/stm32f1_sys.o
                0x0000000008001b70                _lseek
 .text._sbrk    0x0000000008001b74       0x3c ./lib/bsp/stm32f1_sys.o
                0x0000000008001b74                _sbrk
 .text._sbrk_r  0x0000000008001bb0       0x34 ./lib/bsp/stm32f1_sys.o
                0x0000000008001bb0                _sbrk_r
 .text.SYS_set_std_usart
                0x0000000008001be4       0x2c ./lib/bsp/stm32f1_sys.o
                0x0000000008001be4                SYS_set_std_usart
 .text._read    0x0000000008001c10       0x48 ./lib/bsp/stm32f1_sys.o
                0x0000000008001c10                _read
 .text._write   0x0000000008001c58       0x5c ./lib/bsp/stm32f1_sys.o
                0x0000000008001c58                _write
 .text._exit    0x0000000008001cb4       0x14 ./lib/bsp/stm32f1_sys.o
                0x0000000008001cb4                _exit
 .text.dump_printf
                0x0000000008001cc8       0x38 ./lib/bsp/stm32f1_sys.o
                0x0000000008001cc8                dump_printf
 .text.dump_trap_info
                0x0000000008001d00      0x11c ./lib/bsp/stm32f1_sys.o
                0x0000000008001d00                dump_trap_info
 .text.Fault_Handler
                0x0000000008001e1c       0x14 ./lib/bsp/stm32f1_sys.o
                0x0000000008001e1c                HardFault_Handler
                0x0000000008001e1c                UsageFault_Handler
                0x0000000008001e1c                MemManage_Handler
                0x0000000008001e1c                Fault_Handler
                0x0000000008001e1c                BusFault_Handler
 .text.NMI_Handler
                0x0000000008001e30       0x10 ./lib/bsp/stm32f1_sys.o
                0x0000000008001e30                NMI_Handler
 .text.SVC_Handler
                0x0000000008001e40       0x10 ./lib/bsp/stm32f1_sys.o
                0x0000000008001e40                SVC_Handler
 .text.DebugMon_Handler
                0x0000000008001e50       0x10 ./lib/bsp/stm32f1_sys.o
                0x0000000008001e50                DebugMon_Handler
 .text.PendSV_Handler
                0x0000000008001e60       0x10 ./lib/bsp/stm32f1_sys.o
                0x0000000008001e60                PendSV_Handler
 .text.TIMER_get_phandler
                0x0000000008001e70        0xc ./lib/bsp/stm32f1_timer.o
                0x0000000008001e70                TIMER_get_phandler
 .text.TIMER1_user_handler_it
                0x0000000008001e7c        0x2 ./lib/bsp/stm32f1_timer.o
                0x0000000008001e7c                TIMER1_user_handler_it
 .text.TIMER2_user_handler_it
                0x0000000008001e7e        0x2 ./lib/bsp/stm32f1_timer.o
                0x0000000008001e7e                TIMER2_user_handler_it
 .text.TIMER3_user_handler_it
                0x0000000008001e80        0x2 ./lib/bsp/stm32f1_timer.o
                0x0000000008001e80                TIMER3_user_handler_it
 .text.TIMER4_user_handler_it
                0x0000000008001e82        0x2 ./lib/bsp/stm32f1_timer.o
                0x0000000008001e82                TIMER4_user_handler_it
 .text.TIM1_UP_IRQHandler
                0x0000000008001e84       0x20 ./lib/bsp/stm32f1_timer.o
                0x0000000008001e84                TIM1_UP_IRQHandler
 .text.TIM2_IRQHandler
                0x0000000008001ea4       0x20 ./lib/bsp/stm32f1_timer.o
                0x0000000008001ea4                TIM2_IRQHandler
 .text.TIM3_IRQHandler
                0x0000000008001ec4       0x24 ./lib/bsp/stm32f1_timer.o
                0x0000000008001ec4                TIM3_IRQHandler
 .text.TIM4_IRQHandler
                0x0000000008001ee8       0x24 ./lib/bsp/stm32f1_timer.o
                0x0000000008001ee8                TIM4_IRQHandler
 .text.clear_it_status
                0x0000000008001f0c       0x44 ./lib/bsp/stm32f1_timer.o
                0x0000000008001f0c                clear_it_status
 .text.TIMER_run_us
                0x0000000008001f50      0x1a0 ./lib/bsp/stm32f1_timer.o
                0x0000000008001f50                TIMER_run_us
 .text.NVIC_SystemReset
                0x00000000080020f0       0x24 ./lib/bsp/stm32f1_uart.o
 .text.UART_init
                0x0000000008002114      0x108 ./lib/bsp/stm32f1_uart.o
                0x0000000008002114                UART_init
 .text.UART_data_ready
                0x000000000800221c       0x28 ./lib/bsp/stm32f1_uart.o
                0x000000000800221c                UART_data_ready
 .text.UART_get_next_byte
                0x0000000008002244       0x90 ./lib/bsp/stm32f1_uart.o
                0x0000000008002244                UART_get_next_byte
 .text.UART_putc
                0x00000000080022d4       0x74 ./lib/bsp/stm32f1_uart.o
                0x00000000080022d4                UART_putc
 .text.UART_impolite_force_puts_on_uart
                0x0000000008002348       0x34 ./lib/bsp/stm32f1_uart.o
                0x0000000008002348                UART_impolite_force_puts_on_uart
 .text.USART1_IRQHandler
                0x000000000800237c       0x10 ./lib/bsp/stm32f1_uart.o
                0x000000000800237c                USART1_IRQHandler
 .text.USART2_IRQHandler
                0x000000000800238c       0x10 ./lib/bsp/stm32f1_uart.o
                0x000000000800238c                USART2_IRQHandler
 .text.USART3_IRQHandler
                0x000000000800239c       0x10 ./lib/bsp/stm32f1_uart.o
                0x000000000800239c                USART3_IRQHandler
 .text.HAL_UART_RxCpltCallback
                0x00000000080023ac       0x70 ./lib/bsp/stm32f1_uart.o
                0x00000000080023ac                HAL_UART_RxCpltCallback
 .text.HAL_UART_MspInit
                0x000000000800241c      0x134 ./lib/bsp/stm32f1_uart.o
                0x000000000800241c                HAL_UART_MspInit
 .text.HAL_UART_ErrorCallback
                0x0000000008002550       0x14 ./lib/bsp/stm32f1_uart.o
                0x0000000008002550                HAL_UART_ErrorCallback
 .text.WWDG_IRQHandler
                0x0000000008002564       0x18 ./lib/bsp/stm32f1_weak_it.o
                0x0000000008002564                WWDG_IRQHandler
 .text.PVD_IRQHandler
                0x000000000800257c       0x18 ./lib/bsp/stm32f1_weak_it.o
                0x000000000800257c                PVD_IRQHandler
 .text.TAMPER_IRQHandler
                0x0000000008002594       0x18 ./lib/bsp/stm32f1_weak_it.o
                0x0000000008002594                TAMPER_IRQHandler
 .text.RTC_IRQHandler
                0x00000000080025ac       0x18 ./lib/bsp/stm32f1_weak_it.o
                0x00000000080025ac                RTC_IRQHandler
 .text.FLASH_IRQHandler
                0x00000000080025c4       0x18 ./lib/bsp/stm32f1_weak_it.o
                0x00000000080025c4                FLASH_IRQHandler
 .text.RCC_IRQHandler
                0x00000000080025dc       0x18 ./lib/bsp/stm32f1_weak_it.o
                0x00000000080025dc                RCC_IRQHandler
 .text.EXTI0_IRQHandler
                0x00000000080025f4       0x18 ./lib/bsp/stm32f1_weak_it.o
                0x00000000080025f4                EXTI0_IRQHandler
 .text.EXTI1_IRQHandler
                0x000000000800260c       0x18 ./lib/bsp/stm32f1_weak_it.o
                0x000000000800260c                EXTI1_IRQHandler
 .text.EXTI2_IRQHandler
                0x0000000008002624       0x18 ./lib/bsp/stm32f1_weak_it.o
                0x0000000008002624                EXTI2_IRQHandler
 .text.EXTI3_IRQHandler
                0x000000000800263c       0x18 ./lib/bsp/stm32f1_weak_it.o
                0x000000000800263c                EXTI3_IRQHandler
 .text.EXTI4_IRQHandler
                0x0000000008002654       0x18 ./lib/bsp/stm32f1_weak_it.o
                0x0000000008002654                EXTI4_IRQHandler
 .text.DMA1_Channel2_IRQHandler
                0x000000000800266c       0x18 ./lib/bsp/stm32f1_weak_it.o
                0x000000000800266c                DMA1_Channel2_IRQHandler
 .text.DMA1_Channel3_IRQHandler
                0x0000000008002684       0x18 ./lib/bsp/stm32f1_weak_it.o
                0x0000000008002684                DMA1_Channel3_IRQHandler
 .text.DMA1_Channel4_IRQHandler
                0x000000000800269c       0x18 ./lib/bsp/stm32f1_weak_it.o
                0x000000000800269c                DMA1_Channel4_IRQHandler
 .text.DMA1_Channel5_IRQHandler
                0x00000000080026b4       0x18 ./lib/bsp/stm32f1_weak_it.o
                0x00000000080026b4                DMA1_Channel5_IRQHandler
 .text.DMA1_Channel6_IRQHandler
                0x00000000080026cc       0x18 ./lib/bsp/stm32f1_weak_it.o
                0x00000000080026cc                DMA1_Channel6_IRQHandler
 .text.DMA1_Channel7_IRQHandler
                0x00000000080026e4       0x18 ./lib/bsp/stm32f1_weak_it.o
                0x00000000080026e4                DMA1_Channel7_IRQHandler
 .text.ADC1_2_IRQHandler
                0x00000000080026fc       0x18 ./lib/bsp/stm32f1_weak_it.o
                0x00000000080026fc                ADC1_2_IRQHandler
 .text.USB_HP_CAN1_TX_IRQHandler
                0x0000000008002714       0x18 ./lib/bsp/stm32f1_weak_it.o
                0x0000000008002714                USB_HP_CAN1_TX_IRQHandler
 .text.USB_LP_CAN1_RX0_IRQHandler
                0x000000000800272c       0x18 ./lib/bsp/stm32f1_weak_it.o
                0x000000000800272c                USB_LP_CAN1_RX0_IRQHandler
 .text.CAN1_RX1_IRQHandler
                0x0000000008002744       0x18 ./lib/bsp/stm32f1_weak_it.o
                0x0000000008002744                CAN1_RX1_IRQHandler
 .text.CAN1_SCE_IRQHandler
                0x000000000800275c       0x18 ./lib/bsp/stm32f1_weak_it.o
                0x000000000800275c                CAN1_SCE_IRQHandler
 .text.EXTI9_5_IRQHandler
                0x0000000008002774       0x18 ./lib/bsp/stm32f1_weak_it.o
                0x0000000008002774                EXTI9_5_IRQHandler
 .text.TIM1_BRK_IRQHandler
                0x000000000800278c       0x18 ./lib/bsp/stm32f1_weak_it.o
                0x000000000800278c                TIM1_BRK_IRQHandler
 .text.TIM1_TRG_COM_IRQHandler
                0x00000000080027a4       0x18 ./lib/bsp/stm32f1_weak_it.o
                0x00000000080027a4                TIM1_TRG_COM_IRQHandler
 .text.TIM1_CC_IRQHandler
                0x00000000080027bc       0x18 ./lib/bsp/stm32f1_weak_it.o
                0x00000000080027bc                TIM1_CC_IRQHandler
 .text.I2C1_EV_IRQHandler
                0x00000000080027d4       0x18 ./lib/bsp/stm32f1_weak_it.o
                0x00000000080027d4                I2C1_EV_IRQHandler
 .text.I2C1_ER_IRQHandler
                0x00000000080027ec       0x18 ./lib/bsp/stm32f1_weak_it.o
                0x00000000080027ec                I2C1_ER_IRQHandler
 .text.I2C2_EV_IRQHandler
                0x0000000008002804       0x18 ./lib/bsp/stm32f1_weak_it.o
                0x0000000008002804                I2C2_EV_IRQHandler
 .text.I2C2_ER_IRQHandler
                0x000000000800281c       0x18 ./lib/bsp/stm32f1_weak_it.o
                0x000000000800281c                I2C2_ER_IRQHandler
 .text.SPI1_IRQHandler
                0x0000000008002834       0x18 ./lib/bsp/stm32f1_weak_it.o
                0x0000000008002834                SPI1_IRQHandler
 .text.SPI2_IRQHandler
                0x000000000800284c       0x18 ./lib/bsp/stm32f1_weak_it.o
                0x000000000800284c                SPI2_IRQHandler
 .text.EXTI15_10_IRQHandler
                0x0000000008002864       0x18 ./lib/bsp/stm32f1_weak_it.o
                0x0000000008002864                EXTI15_10_IRQHandler
 .text.RTC_Alarm_IRQHandler
                0x000000000800287c       0x18 ./lib/bsp/stm32f1_weak_it.o
                0x000000000800287c                RTC_Alarm_IRQHandler
 .text.USBWakeUp_IRQHandler
                0x0000000008002894       0x18 ./lib/bsp/stm32f1_weak_it.o
                0x0000000008002894                USBWakeUp_IRQHandler
 .text.SystemInit
                0x00000000080028ac       0x4c ./lib/bsp/system_stm32f1xx.o
                0x00000000080028ac                SystemInit
 .text.SystemCoreClockUpdate
                0x00000000080028f8       0x94 ./lib/bsp/system_stm32f1xx.o
                0x00000000080028f8                SystemCoreClockUpdate
 .text.Systick_init
                0x000000000800298c       0x34 ./lib/bsp/systick.o
                0x000000000800298c                Systick_init
 .text.SysTick_Handler
                0x00000000080029c0       0x3c ./lib/bsp/systick.o
                0x00000000080029c0                SysTick_Handler
 .text.ILI9341_SendCommand
                0x00000000080029fc       0x3c ./lib/bsp/tft_ili9341/stm32f1_ili9341.o
                0x00000000080029fc                ILI9341_SendCommand
 .text.ILI9341_SendData
                0x0000000008002a38       0x3c ./lib/bsp/tft_ili9341/stm32f1_ili9341.o
                0x0000000008002a38                ILI9341_SendData
 .text.ILI9341_InitLCD
                0x0000000008002a74      0x270 ./lib/bsp/tft_ili9341/stm32f1_ili9341.o
                0x0000000008002a74                ILI9341_InitLCD
 .text.ILI9341_SetCursorPosition
                0x0000000008002ce4       0x48 ./lib/bsp/tft_ili9341/stm32f1_ili9341.o
                0x0000000008002ce4                ILI9341_SetCursorPosition
 .text.ILI9341_DrawPixel
                0x0000000008002d2c       0x20 ./lib/bsp/tft_ili9341/stm32f1_ili9341.o
                0x0000000008002d2c                ILI9341_DrawPixel
 .text.ILI9341_INT_Fill
                0x0000000008002d4c       0x88 ./lib/bsp/tft_ili9341/stm32f1_ili9341.o
                0x0000000008002d4c                ILI9341_INT_Fill
 .text.ILI9341_Fill
                0x0000000008002dd4       0x24 ./lib/bsp/tft_ili9341/stm32f1_ili9341.o
                0x0000000008002dd4                ILI9341_Fill
 .text.ILI9341_Rotate
                0x0000000008002df8       0x60 ./lib/bsp/tft_ili9341/stm32f1_ili9341.o
                0x0000000008002df8                ILI9341_Rotate
 .text.ILI9341_Init
                0x0000000008002e58       0x7c ./lib/bsp/tft_ili9341/stm32f1_ili9341.o
                0x0000000008002e58                ILI9341_Init
 .text.ILI9341_Putc
                0x0000000008002ed4       0xd0 ./lib/bsp/tft_ili9341/stm32f1_ili9341.o
                0x0000000008002ed4                ILI9341_Putc
 .text.ILI9341_Puts
                0x0000000008002fa4       0xa0 ./lib/bsp/tft_ili9341/stm32f1_ili9341.o
                0x0000000008002fa4                ILI9341_Puts
 .text.ILI9341_DrawLine
                0x0000000008003044      0x10a ./lib/bsp/tft_ili9341/stm32f1_ili9341.o
                0x0000000008003044                ILI9341_DrawLine
 .text.ILI9341_DrawRectangle
                0x000000000800314e       0x52 ./lib/bsp/tft_ili9341/stm32f1_ili9341.o
                0x000000000800314e                ILI9341_DrawRectangle
 .text.ILI9341_DrawFilledRectangle
                0x00000000080031a0       0x44 ./lib/bsp/tft_ili9341/stm32f1_ili9341.o
                0x00000000080031a0                ILI9341_DrawFilledRectangle
 .text.ILI9341_printf
                0x00000000080031e4       0x36 ./lib/bsp/tft_ili9341/stm32f1_ili9341.o
                0x00000000080031e4                ILI9341_printf
 *fill*         0x000000000800321a        0x2 
 .text.HAL_InitTick
                0x000000000800321c       0x4c ./lib/hal/src/stm32f1xx_hal.o
                0x000000000800321c                HAL_InitTick
 .text.HAL_Init
                0x0000000008003268       0x24 ./lib/hal/src/stm32f1xx_hal.o
                0x0000000008003268                HAL_Init
 .text.HAL_IncTick
                0x000000000800328c       0x18 ./lib/hal/src/stm32f1xx_hal.o
                0x000000000800328c                HAL_IncTick
 .text.HAL_GetTick
                0x00000000080032a4        0xc ./lib/hal/src/stm32f1xx_hal.o
                0x00000000080032a4                HAL_GetTick
 .text.HAL_Delay
                0x00000000080032b0       0x28 ./lib/hal/src/stm32f1xx_hal.o
                0x00000000080032b0                HAL_Delay
 .text.HAL_ADC_MspInit
                0x00000000080032d8        0x2 ./lib/hal/src/stm32f1xx_hal_adc.o
                0x00000000080032d8                HAL_ADC_MspInit
 .text.HAL_ADC_ConvCpltCallback
                0x00000000080032da        0x2 ./lib/hal/src/stm32f1xx_hal_adc.o
                0x00000000080032da                HAL_ADC_ConvCpltCallback
 .text.ADC_DMAConvCplt
                0x00000000080032dc       0x52 ./lib/hal/src/stm32f1xx_hal_adc.o
                0x00000000080032dc                ADC_DMAConvCplt
 .text.HAL_ADC_ConvHalfCpltCallback
                0x000000000800332e        0x2 ./lib/hal/src/stm32f1xx_hal_adc.o
                0x000000000800332e                HAL_ADC_ConvHalfCpltCallback
 .text.ADC_DMAHalfConvCplt
                0x0000000008003330        0xa ./lib/hal/src/stm32f1xx_hal_adc.o
                0x0000000008003330                ADC_DMAHalfConvCplt
 .text.HAL_ADC_ErrorCallback
                0x000000000800333a        0x2 ./lib/hal/src/stm32f1xx_hal_adc.o
                0x000000000800333a                HAL_ADC_ErrorCallback
 .text.ADC_DMAError
                0x000000000800333c       0x1a ./lib/hal/src/stm32f1xx_hal_adc.o
                0x000000000800333c                ADC_DMAError
 *fill*         0x0000000008003356        0x2 
 .text.HAL_ADC_ConfigChannel
                0x0000000008003358      0x140 ./lib/hal/src/stm32f1xx_hal_adc.o
                0x0000000008003358                HAL_ADC_ConfigChannel
 .text.ADC_Enable
                0x0000000008003498       0x80 ./lib/hal/src/stm32f1xx_hal_adc.o
                0x0000000008003498                ADC_Enable
 .text.HAL_ADC_Start_DMA
                0x0000000008003518      0x130 ./lib/hal/src/stm32f1xx_hal_adc.o
                0x0000000008003518                HAL_ADC_Start_DMA
 .text.ADC_ConversionStop_Disable
                0x0000000008003648       0x4c ./lib/hal/src/stm32f1xx_hal_adc.o
                0x0000000008003648                ADC_ConversionStop_Disable
 .text.HAL_ADC_Init
                0x0000000008003694      0x108 ./lib/hal/src/stm32f1xx_hal_adc.o
                0x0000000008003694                HAL_ADC_Init
 .text.HAL_NVIC_SetPriorityGrouping
                0x000000000800379c       0x24 ./lib/hal/src/stm32f1xx_hal_cortex.o
                0x000000000800379c                HAL_NVIC_SetPriorityGrouping
 .text.HAL_NVIC_SetPriority
                0x00000000080037c0       0x70 ./lib/hal/src/stm32f1xx_hal_cortex.o
                0x00000000080037c0                HAL_NVIC_SetPriority
 .text.HAL_NVIC_EnableIRQ
                0x0000000008003830       0x18 ./lib/hal/src/stm32f1xx_hal_cortex.o
                0x0000000008003830                HAL_NVIC_EnableIRQ
 .text.HAL_SYSTICK_Config
                0x0000000008003848       0x28 ./lib/hal/src/stm32f1xx_hal_cortex.o
                0x0000000008003848                HAL_SYSTICK_Config
 .text.HAL_SYSTICK_Callback
                0x0000000008003870        0x2 ./lib/hal/src/stm32f1xx_hal_cortex.o
                0x0000000008003870                HAL_SYSTICK_Callback
 .text.HAL_SYSTICK_IRQHandler
                0x0000000008003872        0x8 ./lib/hal/src/stm32f1xx_hal_cortex.o
                0x0000000008003872                HAL_SYSTICK_IRQHandler
 .text.DMA_SetConfig
                0x000000000800387a       0x2c ./lib/hal/src/stm32f1xx_hal_dma.o
 *fill*         0x00000000080038a6        0x2 
 .text.HAL_DMA_Init
                0x00000000080038a8       0x6c ./lib/hal/src/stm32f1xx_hal_dma.o
                0x00000000080038a8                HAL_DMA_Init
 .text.HAL_DMA_Start_IT
                0x0000000008003914       0x74 ./lib/hal/src/stm32f1xx_hal_dma.o
                0x0000000008003914                HAL_DMA_Start_IT
 .text.HAL_DMA_Abort_IT
                0x0000000008003988       0x98 ./lib/hal/src/stm32f1xx_hal_dma.o
                0x0000000008003988                HAL_DMA_Abort_IT
 .text.HAL_DMA_IRQHandler
                0x0000000008003a20      0x144 ./lib/hal/src/stm32f1xx_hal_dma.o
                0x0000000008003a20                HAL_DMA_IRQHandler
 .text.HAL_GPIO_Init
                0x0000000008003b64      0x224 ./lib/hal/src/stm32f1xx_hal_gpio.o
                0x0000000008003b64                HAL_GPIO_Init
 .text.HAL_GPIO_WritePin
                0x0000000008003d88        0xc ./lib/hal/src/stm32f1xx_hal_gpio.o
                0x0000000008003d88                HAL_GPIO_WritePin
 .text.RCC_Delay
                0x0000000008003d94       0x2c ./lib/hal/src/stm32f1xx_hal_rcc.o
 .text.HAL_RCC_OscConfig
                0x0000000008003dc0      0x410 ./lib/hal/src/stm32f1xx_hal_rcc.o
                0x0000000008003dc0                HAL_RCC_OscConfig
 .text.HAL_RCC_GetSysClockFreq
                0x00000000080041d0       0x70 ./lib/hal/src/stm32f1xx_hal_rcc.o
                0x00000000080041d0                HAL_RCC_GetSysClockFreq
 .text.HAL_RCC_ClockConfig
                0x0000000008004240      0x16c ./lib/hal/src/stm32f1xx_hal_rcc.o
                0x0000000008004240                HAL_RCC_ClockConfig
 .text.HAL_RCC_GetHCLKFreq
                0x00000000080043ac        0xc ./lib/hal/src/stm32f1xx_hal_rcc.o
                0x00000000080043ac                HAL_RCC_GetHCLKFreq
 .text.HAL_RCC_GetPCLK1Freq
                0x00000000080043b8       0x20 ./lib/hal/src/stm32f1xx_hal_rcc.o
                0x00000000080043b8                HAL_RCC_GetPCLK1Freq
 .text.HAL_RCC_GetPCLK2Freq
                0x00000000080043d8       0x20 ./lib/hal/src/stm32f1xx_hal_rcc.o
                0x00000000080043d8                HAL_RCC_GetPCLK2Freq
 .text.SPI_WaitFlagStateUntilTimeout
                0x00000000080043f8       0x9a ./lib/hal/src/stm32f1xx_hal_spi.o
 .text.SPI_CheckFlag_BSY
                0x0000000008004492       0x24 ./lib/hal/src/stm32f1xx_hal_spi.o
 .text.HAL_SPI_MspInit
                0x00000000080044b6        0x2 ./lib/hal/src/stm32f1xx_hal_spi.o
                0x00000000080044b6                HAL_SPI_MspInit
 .text.HAL_SPI_Transmit
                0x00000000080044b8      0x1de ./lib/hal/src/stm32f1xx_hal_spi.o
                0x00000000080044b8                HAL_SPI_Transmit
 *fill*         0x0000000008004696        0x2 
 .text.HAL_SPI_Init
                0x0000000008004698       0x88 ./lib/hal/src/stm32f1xx_hal_spi_ex.o
                0x0000000008004698                HAL_SPI_Init
 .text.HAL_TIM_Base_MspInit
                0x0000000008004720        0x2 ./lib/hal/src/stm32f1xx_hal_tim.o
                0x0000000008004720                HAL_TIM_Base_MspInit
 .text.HAL_TIM_Base_Start_IT
                0x0000000008004722       0x22 ./lib/hal/src/stm32f1xx_hal_tim.o
                0x0000000008004722                HAL_TIM_Base_Start_IT
 .text.HAL_TIM_GenerateEvent
                0x0000000008004744       0x2a ./lib/hal/src/stm32f1xx_hal_tim.o
                0x0000000008004744                HAL_TIM_GenerateEvent
 *fill*         0x000000000800476e        0x2 
 .text.TIM_Base_SetConfig
                0x0000000008004770       0x74 ./lib/hal/src/stm32f1xx_hal_tim.o
                0x0000000008004770                TIM_Base_SetConfig
 .text.HAL_TIM_Base_Init
                0x00000000080047e4       0x34 ./lib/hal/src/stm32f1xx_hal_tim.o
                0x00000000080047e4                HAL_TIM_Base_Init
 .text.HAL_TIMEx_MasterConfigSynchronization
                0x0000000008004818       0x48 ./lib/hal/src/stm32f1xx_hal_tim_ex.o
                0x0000000008004818                HAL_TIMEx_MasterConfigSynchronization
 .text.UART_EndRxTransfer
                0x0000000008004860       0x1c ./lib/hal/src/stm32f1xx_hal_uart.o
 .text.UART_Transmit_IT
                0x000000000800487c       0x66 ./lib/hal/src/stm32f1xx_hal_uart.o
 *fill*         0x00000000080048e2        0x2 
 .text.UART_SetConfig
                0x00000000080048e4      0x1a4 ./lib/hal/src/stm32f1xx_hal_uart.o
 .text.HAL_UART_Init
                0x0000000008004a88       0x5e ./lib/hal/src/stm32f1xx_hal_uart.o
                0x0000000008004a88                HAL_UART_Init
 .text.HAL_UART_Transmit_IT
                0x0000000008004ae6       0x4e ./lib/hal/src/stm32f1xx_hal_uart.o
                0x0000000008004ae6                HAL_UART_Transmit_IT
 .text.HAL_UART_Receive_IT
                0x0000000008004b34       0x62 ./lib/hal/src/stm32f1xx_hal_uart.o
                0x0000000008004b34                HAL_UART_Receive_IT
 .text.HAL_UART_TxCpltCallback
                0x0000000008004b96        0x2 ./lib/hal/src/stm32f1xx_hal_uart.o
                0x0000000008004b96                HAL_UART_TxCpltCallback
 .text.UART_EndTransmit_IT
                0x0000000008004b98       0x1a ./lib/hal/src/stm32f1xx_hal_uart.o
 .text.UART_Receive_IT
                0x0000000008004bb2       0x9e ./lib/hal/src/stm32f1xx_hal_uart.o
 .text.HAL_UART_IRQHandler
                0x0000000008004c50      0x120 ./lib/hal/src/stm32f1xx_hal_uart.o
                0x0000000008004c50                HAL_UART_IRQHandler
 .text.UART_DMAAbortOnError
                0x0000000008004d70       0x10 ./lib/hal/src/stm32f1xx_hal_uart.o
 .text.Reset_Handler
                0x0000000008004d80       0x64 ./lib/startup_stm32f103xb.o
                0x0000000008004d80                Reset_Handler
 .text.Default_Handler
                0x0000000008004de4        0x2 ./lib/startup_stm32f103xb.o
                0x0000000008004de4                Default_Handler
 *fill*         0x0000000008004de6        0x2 
 .text.malloc   0x0000000008004de8       0x10 /Applications/STM32CubeIDE.app/Contents/Eclipse/plugins/com.st.stm32cube.ide.mcu.externaltools.gnu-tools-for-stm32.11.3.rel1.macos64_1.1.100.202310310803/tools/bin/../lib/gcc/arm-none-eabi/11.3.1/../../../../arm-none-eabi/lib/thumb/v7-m/nofp/libc.a(libc_a-malloc.o)
                0x0000000008004de8                malloc
 .text._malloc_r
                0x0000000008004df8      0x474 /Applications/STM32CubeIDE.app/Contents/Eclipse/plugins/com.st.stm32cube.ide.mcu.externaltools.gnu-tools-for-stm32.11.3.rel1.macos64_1.1.100.202310310803/tools/bin/../lib/gcc/arm-none-eabi/11.3.1/../../../../arm-none-eabi/lib/thumb/v7-m/nofp/libc.a(libc_a-mallocr.o)
                0x0000000008004df8                _malloc_r
 .text.printf   0x000000000800526c       0x24 /Applications/STM32CubeIDE.app/Contents/Eclipse/plugins/com.st.stm32cube.ide.mcu.externaltools.gnu-tools-for-stm32.11.3.rel1.macos64_1.1.100.202310310803/tools/bin/../lib/gcc/arm-none-eabi/11.3.1/../../../../arm-none-eabi/lib/thumb/v7-m/nofp/libc.a(libc_a-printf.o)
                0x000000000800526c                printf
 .text._vfprintf_r
                0x0000000008005290     0x1438 /Applications/STM32CubeIDE.app/Contents/Eclipse/plugins/com.st.stm32cube.ide.mcu.externaltools.gnu-tools-for-stm32.11.3.rel1.macos64_1.1.100.202310310803/tools/bin/../lib/gcc/arm-none-eabi/11.3.1/../../../../arm-none-eabi/lib/thumb/v7-m/nofp/libc.a(libc_a-vfprintf.o)
                0x0000000008005290                _vfprintf_r
 .text.__sbprintf
                0x00000000080066c8       0x80 /Applications/STM32CubeIDE.app/Contents/Eclipse/plugins/com.st.stm32cube.ide.mcu.externaltools.gnu-tools-for-stm32.11.3.rel1.macos64_1.1.100.202310310803/tools/bin/../lib/gcc/arm-none-eabi/11.3.1/../../../../arm-none-eabi/lib/thumb/v7-m/nofp/libc.a(libc_a-vfprintf.o)
 .text.__sprint_r
                0x0000000008006748       0x64 /Applications/STM32CubeIDE.app/Contents/Eclipse/plugins/com.st.stm32cube.ide.mcu.externaltools.gnu-tools-for-stm32.11.3.rel1.macos64_1.1.100.202310310803/tools/bin/../lib/gcc/arm-none-eabi/11.3.1/../../../../arm-none-eabi/lib/thumb/v7-m/nofp/libc.a(libc_a-vfiprintf.o)
                0x0000000008006748                __sprint_r
 .text._vfiprintf_r
                0x00000000080067ac      0x91c /Applications/STM32CubeIDE.app/Contents/Eclipse/plugins/com.st.stm32cube.ide.mcu.externaltools.gnu-tools-for-stm32.11.3.rel1.macos64_1.1.100.202310310803/tools/bin/../lib/gcc/arm-none-eabi/11.3.1/../../../../arm-none-eabi/lib/thumb/v7-m/nofp/libc.a(libc_a-vfiprintf.o)
                0x00000000080067ac                _vfiprintf_r
 .text.__sbprintf
                0x00000000080070c8       0x80 /Applications/STM32CubeIDE.app/Contents/Eclipse/plugins/com.st.stm32cube.ide.mcu.externaltools.gnu-tools-for-stm32.11.3.rel1.macos64_1.1.100.202310310803/tools/bin/../lib/gcc/arm-none-eabi/11.3.1/../../../../arm-none-eabi/lib/thumb/v7-m/nofp/libc.a(libc_a-vfiprintf.o)
 .text.__malloc_lock
                0x0000000008007148        0xc /Applications/STM32CubeIDE.app/Contents/Eclipse/plugins/com.st.stm32cube.ide.mcu.externaltools.gnu-tools-for-stm32.11.3.rel1.macos64_1.1.100.202310310803/tools/bin/../lib/gcc/arm-none-eabi/11.3.1/../../../../arm-none-eabi/lib/thumb/v7-m/nofp/libc.a(libc_a-mlock.o)
                0x0000000008007148                __malloc_lock
 .text.__malloc_unlock
                0x0000000008007154        0xc /Applications/STM32CubeIDE.app/Contents/Eclipse/plugins/com.st.stm32cube.ide.mcu.externaltools.gnu-tools-for-stm32.11.3.rel1.macos64_1.1.100.202310310803/tools/bin/../lib/gcc/arm-none-eabi/11.3.1/../../../../arm-none-eabi/lib/thumb/v7-m/nofp/libc.a(libc_a-mlock.o)
                0x0000000008007154                __malloc_unlock
 .text.setvbuf  0x0000000008007160      0x16c /Applications/STM32CubeIDE.app/Contents/Eclipse/plugins/com.st.stm32cube.ide.mcu.externaltools.gnu-tools-for-stm32.11.3.rel1.macos64_1.1.100.202310310803/tools/bin/../lib/gcc/arm-none-eabi/11.3.1/../../../../arm-none-eabi/lib/thumb/v7-m/nofp/libc.a(libc_a-setvbuf.o)
                0x0000000008007160                setvbuf
 .text.__sflush_r
                0x00000000080072cc      0x114 /Applications/STM32CubeIDE.app/Contents/Eclipse/plugins/com.st.stm32cube.ide.mcu.externaltools.gnu-tools-for-stm32.11.3.rel1.macos64_1.1.100.202310310803/tools/bin/../lib/gcc/arm-none-eabi/11.3.1/../../../../arm-none-eabi/lib/thumb/v7-m/nofp/libc.a(libc_a-fflush.o)
                0x00000000080072cc                __sflush_r
 .text._fflush_r
                0x00000000080073e0       0x4a /Applications/STM32CubeIDE.app/Contents/Eclipse/plugins/com.st.stm32cube.ide.mcu.externaltools.gnu-tools-for-stm32.11.3.rel1.macos64_1.1.100.202310310803/tools/bin/../lib/gcc/arm-none-eabi/11.3.1/../../../../arm-none-eabi/lib/thumb/v7-m/nofp/libc.a(libc_a-fflush.o)
                0x00000000080073e0                _fflush_r
 *fill*         0x000000000800742a        0x2 
 .text.std      0x000000000800742c       0x6c /Applications/STM32CubeIDE.app/Contents/Eclipse/plugins/com.st.stm32cube.ide.mcu.externaltools.gnu-tools-for-stm32.11.3.rel1.macos64_1.1.100.202310310803/tools/bin/../lib/gcc/arm-none-eabi/11.3.1/../../../../arm-none-eabi/lib/thumb/v7-m/nofp/libc.a(libc_a-findfp.o)
 .text.stdio_exit_handler
                0x0000000008007498       0x18 /Applications/STM32CubeIDE.app/Contents/Eclipse/plugins/com.st.stm32cube.ide.mcu.externaltools.gnu-tools-for-stm32.11.3.rel1.macos64_1.1.100.202310310803/tools/bin/../lib/gcc/arm-none-eabi/11.3.1/../../../../arm-none-eabi/lib/thumb/v7-m/nofp/libc.a(libc_a-findfp.o)
 .text.cleanup_stdio
                0x00000000080074b0       0x40 /Applications/STM32CubeIDE.app/Contents/Eclipse/plugins/com.st.stm32cube.ide.mcu.externaltools.gnu-tools-for-stm32.11.3.rel1.macos64_1.1.100.202310310803/tools/bin/../lib/gcc/arm-none-eabi/11.3.1/../../../../arm-none-eabi/lib/thumb/v7-m/nofp/libc.a(libc_a-findfp.o)
 .text.global_stdio_init.part.0
                0x00000000080074f0       0x3c /Applications/STM32CubeIDE.app/Contents/Eclipse/plugins/com.st.stm32cube.ide.mcu.externaltools.gnu-tools-for-stm32.11.3.rel1.macos64_1.1.100.202310310803/tools/bin/../lib/gcc/arm-none-eabi/11.3.1/../../../../arm-none-eabi/lib/thumb/v7-m/nofp/libc.a(libc_a-findfp.o)
 .text.__sfp_lock_acquire
                0x000000000800752c        0xc /Applications/STM32CubeIDE.app/Contents/Eclipse/plugins/com.st.stm32cube.ide.mcu.externaltools.gnu-tools-for-stm32.11.3.rel1.macos64_1.1.100.202310310803/tools/bin/../lib/gcc/arm-none-eabi/11.3.1/../../../../arm-none-eabi/lib/thumb/v7-m/nofp/libc.a(libc_a-findfp.o)
                0x000000000800752c                __sfp_lock_acquire
 .text.__sfp_lock_release
                0x0000000008007538        0xc /Applications/STM32CubeIDE.app/Contents/Eclipse/plugins/com.st.stm32cube.ide.mcu.externaltools.gnu-tools-for-stm32.11.3.rel1.macos64_1.1.100.202310310803/tools/bin/../lib/gcc/arm-none-eabi/11.3.1/../../../../arm-none-eabi/lib/thumb/v7-m/nofp/libc.a(libc_a-findfp.o)
                0x0000000008007538                __sfp_lock_release
 .text.__sinit  0x0000000008007544       0x30 /Applications/STM32CubeIDE.app/Contents/Eclipse/plugins/com.st.stm32cube.ide.mcu.externaltools.gnu-tools-for-stm32.11.3.rel1.macos64_1.1.100.202310310803/tools/bin/../lib/gcc/arm-none-eabi/11.3.1/../../../../arm-none-eabi/lib/thumb/v7-m/nofp/libc.a(libc_a-findfp.o)
                0x0000000008007544                __sinit
 .text._vsnprintf_r
                0x0000000008007574       0x56 /Applications/STM32CubeIDE.app/Contents/Eclipse/plugins/com.st.stm32cube.ide.mcu.externaltools.gnu-tools-for-stm32.11.3.rel1.macos64_1.1.100.202310310803/tools/bin/../lib/gcc/arm-none-eabi/11.3.1/../../../../arm-none-eabi/lib/thumb/v7-m/nofp/libc.a(libc_a-vsnprintf.o)
                0x0000000008007574                _vsnprintf_r
 *fill*         0x00000000080075ca        0x2 
 .text.vsnprintf
                0x00000000080075cc       0x1c /Applications/STM32CubeIDE.app/Contents/Eclipse/plugins/com.st.stm32cube.ide.mcu.externaltools.gnu-tools-for-stm32.11.3.rel1.macos64_1.1.100.202310310803/tools/bin/../lib/gcc/arm-none-eabi/11.3.1/../../../../arm-none-eabi/lib/thumb/v7-m/nofp/libc.a(libc_a-vsnprintf.o)
                0x00000000080075cc                vsnprintf
 .text.__sfvwrite_r
                0x00000000080075e8      0x294 /Applications/STM32CubeIDE.app/Contents/Eclipse/plugins/com.st.stm32cube.ide.mcu.externaltools.gnu-tools-for-stm32.11.3.rel1.macos64_1.1.100.202310310803/tools/bin/../lib/gcc/arm-none-eabi/11.3.1/../../../../arm-none-eabi/lib/thumb/v7-m/nofp/libc.a(libc_a-fvwrite.o)
                0x00000000080075e8                __sfvwrite_r
 .text._fwalk_sglue
                0x000000000800787c       0x3c /Applications/STM32CubeIDE.app/Contents/Eclipse/plugins/com.st.stm32cube.ide.mcu.externaltools.gnu-tools-for-stm32.11.3.rel1.macos64_1.1.100.202310310803/tools/bin/../lib/gcc/arm-none-eabi/11.3.1/../../../../arm-none-eabi/lib/thumb/v7-m/nofp/libc.a(libc_a-fwalk.o)
                0x000000000800787c                _fwalk_sglue
 .text.__swsetup_r
                0x00000000080078b8       0xb0 /Applications/STM32CubeIDE.app/Contents/Eclipse/plugins/com.st.stm32cube.ide.mcu.externaltools.gnu-tools-for-stm32.11.3.rel1.macos64_1.1.100.202310310803/tools/bin/../lib/gcc/arm-none-eabi/11.3.1/../../../../arm-none-eabi/lib/thumb/v7-m/nofp/libc.a(libc_a-wsetup.o)
                0x00000000080078b8                __swsetup_r
 .text.__fputwc
                0x0000000008007968       0x82 /Applications/STM32CubeIDE.app/Contents/Eclipse/plugins/com.st.stm32cube.ide.mcu.externaltools.gnu-tools-for-stm32.11.3.rel1.macos64_1.1.100.202310310803/tools/bin/../lib/gcc/arm-none-eabi/11.3.1/../../../../arm-none-eabi/lib/thumb/v7-m/nofp/libc.a(libc_a-fputwc.o)
                0x0000000008007968                __fputwc
 .text._fputwc_r
                0x00000000080079ea       0x52 /Applications/STM32CubeIDE.app/Contents/Eclipse/plugins/com.st.stm32cube.ide.mcu.externaltools.gnu-tools-for-stm32.11.3.rel1.macos64_1.1.100.202310310803/tools/bin/../lib/gcc/arm-none-eabi/11.3.1/../../../../arm-none-eabi/lib/thumb/v7-m/nofp/libc.a(libc_a-fputwc.o)
                0x00000000080079ea                _fputwc_r
 .text.memmove  0x0000000008007a3c       0x34 /Applications/STM32CubeIDE.app/Contents/Eclipse/plugins/com.st.stm32cube.ide.mcu.externaltools.gnu-tools-for-stm32.11.3.rel1.macos64_1.1.100.202310310803/tools/bin/../lib/gcc/arm-none-eabi/11.3.1/../../../../arm-none-eabi/lib/thumb/v7-m/nofp/libc.a(libc_a-memmove.o)
                0x0000000008007a3c                memmove
 .text.memset   0x0000000008007a70       0x10 /Applications/STM32CubeIDE.app/Contents/Eclipse/plugins/com.st.stm32cube.ide.mcu.externaltools.gnu-tools-for-stm32.11.3.rel1.macos64_1.1.100.202310310803/tools/bin/../lib/gcc/arm-none-eabi/11.3.1/../../../../arm-none-eabi/lib/thumb/v7-m/nofp/libc.a(libc_a-memset.o)
                0x0000000008007a70                memset
 .text.strncpy  0x0000000008007a80       0x26 /Applications/STM32CubeIDE.app/Contents/Eclipse/plugins/com.st.stm32cube.ide.mcu.externaltools.gnu-tools-for-stm32.11.3.rel1.macos64_1.1.100.202310310803/tools/bin/../lib/gcc/arm-none-eabi/11.3.1/../../../../arm-none-eabi/lib/thumb/v7-m/nofp/libc.a(libc_a-strncpy.o)
                0x0000000008007a80                strncpy
 *fill*         0x0000000008007aa6        0x2 
 .text.__locale_mb_cur_max
                0x0000000008007aa8        0xc /Applications/STM32CubeIDE.app/Contents/Eclipse/plugins/com.st.stm32cube.ide.mcu.externaltools.gnu-tools-for-stm32.11.3.rel1.macos64_1.1.100.202310310803/tools/bin/../lib/gcc/arm-none-eabi/11.3.1/../../../../arm-none-eabi/lib/thumb/v7-m/nofp/libc.a(libc_a-locale.o)
                0x0000000008007aa8                __locale_mb_cur_max
 .text._localeconv_r
                0x0000000008007ab4        0x8 /Applications/STM32CubeIDE.app/Contents/Eclipse/plugins/com.st.stm32cube.ide.mcu.externaltools.gnu-tools-for-stm32.11.3.rel1.macos64_1.1.100.202310310803/tools/bin/../lib/gcc/arm-none-eabi/11.3.1/../../../../arm-none-eabi/lib/thumb/v7-m/nofp/libc.a(libc_a-localeconv.o)
                0x0000000008007ab4                _localeconv_r
 .text.__errno  0x0000000008007abc        0xc /Applications/STM32CubeIDE.app/Contents/Eclipse/plugins/com.st.stm32cube.ide.mcu.externaltools.gnu-tools-for-stm32.11.3.rel1.macos64_1.1.100.202310310803/tools/bin/../lib/gcc/arm-none-eabi/11.3.1/../../../../arm-none-eabi/lib/thumb/v7-m/nofp/libc.a(libc_a-errno.o)
                0x0000000008007abc                __errno
 .text.sysconf  0x0000000008007ac8       0x18 /Applications/STM32CubeIDE.app/Contents/Eclipse/plugins/com.st.stm32cube.ide.mcu.externaltools.gnu-tools-for-stm32.11.3.rel1.macos64_1.1.100.202310310803/tools/bin/../lib/gcc/arm-none-eabi/11.3.1/../../../../arm-none-eabi/lib/thumb/v7-m/nofp/libc.a(libc_a-sysconf.o)
                0x0000000008007ac8                sysconf
 .text.__libc_init_array
                0x0000000008007ae0       0x48 /Applications/STM32CubeIDE.app/Contents/Eclipse/plugins/com.st.stm32cube.ide.mcu.externaltools.gnu-tools-for-stm32.11.3.rel1.macos64_1.1.100.202310310803/tools/bin/../lib/gcc/arm-none-eabi/11.3.1/../../../../arm-none-eabi/lib/thumb/v7-m/nofp/libc.a(libc_a-init.o)
                0x0000000008007ae0                __libc_init_array
 .text.__retarget_lock_init_recursive
                0x0000000008007b28        0x2 /Applications/STM32CubeIDE.app/Contents/Eclipse/plugins/com.st.stm32cube.ide.mcu.externaltools.gnu-tools-for-stm32.11.3.rel1.macos64_1.1.100.202310310803/tools/bin/../lib/gcc/arm-none-eabi/11.3.1/../../../../arm-none-eabi/lib/thumb/v7-m/nofp/libc.a(libc_a-lock.o)
                0x0000000008007b28                __retarget_lock_init_recursive
 .text.__retarget_lock_close_recursive
                0x0000000008007b2a        0x2 /Applications/STM32CubeIDE.app/Contents/Eclipse/plugins/com.st.stm32cube.ide.mcu.externaltools.gnu-tools-for-stm32.11.3.rel1.macos64_1.1.100.202310310803/tools/bin/../lib/gcc/arm-none-eabi/11.3.1/../../../../arm-none-eabi/lib/thumb/v7-m/nofp/libc.a(libc_a-lock.o)
                0x0000000008007b2a                __retarget_lock_close_recursive
 .text.__retarget_lock_acquire_recursive
                0x0000000008007b2c        0x2 /Applications/STM32CubeIDE.app/Contents/Eclipse/plugins/com.st.stm32cube.ide.mcu.externaltools.gnu-tools-for-stm32.11.3.rel1.macos64_1.1.100.202310310803/tools/bin/../lib/gcc/arm-none-eabi/11.3.1/../../../../arm-none-eabi/lib/thumb/v7-m/nofp/libc.a(libc_a-lock.o)
                0x0000000008007b2c                __retarget_lock_acquire_recursive
 .text.__retarget_lock_release_recursive
                0x0000000008007b2e        0x2 /Applications/STM32CubeIDE.app/Contents/Eclipse/plugins/com.st.stm32cube.ide.mcu.externaltools.gnu-tools-for-stm32.11.3.rel1.macos64_1.1.100.202310310803/tools/bin/../lib/gcc/arm-none-eabi/11.3.1/../../../../arm-none-eabi/lib/thumb/v7-m/nofp/libc.a(libc_a-lock.o)
                0x0000000008007b2e                __retarget_lock_release_recursive
 .text.memchr   0x0000000008007b30       0x1c /Applications/STM32CubeIDE.app/Contents/Eclipse/plugins/com.st.stm32cube.ide.mcu.externaltools.gnu-tools-for-stm32.11.3.rel1.macos64_1.1.100.202310310803/tools/bin/../lib/gcc/arm-none-eabi/11.3.1/../../../../arm-none-eabi/lib/thumb/v7-m/nofp/libc.a(libc_a-memchr-stub.o)
                0x0000000008007b30                memchr
 .text.memcpy   0x0000000008007b4c       0x1c /Applications/STM32CubeIDE.app/Contents/Eclipse/plugins/com.st.stm32cube.ide.mcu.externaltools.gnu-tools-for-stm32.11.3.rel1.macos64_1.1.100.202310310803/tools/bin/../lib/gcc/arm-none-eabi/11.3.1/../../../../arm-none-eabi/lib/thumb/v7-m/nofp/libc.a(libc_a-memcpy-stub.o)
                0x0000000008007b4c                memcpy
 .text._wcrtomb_r
                0x0000000008007b68       0x2c /Applications/STM32CubeIDE.app/Contents/Eclipse/plugins/com.st.stm32cube.ide.mcu.externaltools.gnu-tools-for-stm32.11.3.rel1.macos64_1.1.100.202310310803/tools/bin/../lib/gcc/arm-none-eabi/11.3.1/../../../../arm-none-eabi/lib/thumb/v7-m/nofp/libc.a(libc_a-wcrtomb.o)
                0x0000000008007b68                _wcrtomb_r
 .text.frexp    0x0000000008007b94       0x68 /Applications/STM32CubeIDE.app/Contents/Eclipse/plugins/com.st.stm32cube.ide.mcu.externaltools.gnu-tools-for-stm32.11.3.rel1.macos64_1.1.100.202310310803/tools/bin/../lib/gcc/arm-none-eabi/11.3.1/../../../../arm-none-eabi/lib/thumb/v7-m/nofp/libc.a(libm_a-s_frexp.o)
                0x0000000008007b94                frexp
 .text.startup.register_fini
                0x0000000008007bfc       0x14 /Applications/STM32CubeIDE.app/Contents/Eclipse/plugins/com.st.stm32cube.ide.mcu.externaltools.gnu-tools-for-stm32.11.3.rel1.macos64_1.1.100.202310310803/tools/bin/../lib/gcc/arm-none-eabi/11.3.1/../../../../arm-none-eabi/lib/thumb/v7-m/nofp/libc.a(libc_a-__call_atexit.o)
 .text.atexit   0x0000000008007c10        0xc /Applications/STM32CubeIDE.app/Contents/Eclipse/plugins/com.st.stm32cube.ide.mcu.externaltools.gnu-tools-for-stm32.11.3.rel1.macos64_1.1.100.202310310803/tools/bin/../lib/gcc/arm-none-eabi/11.3.1/../../../../arm-none-eabi/lib/thumb/v7-m/nofp/libc.a(libc_a-atexit.o)
                0x0000000008007c10                atexit
 .text.quorem   0x0000000008007c1c      0x112 /Applications/STM32CubeIDE.app/Contents/Eclipse/plugins/com.st.stm32cube.ide.mcu.externaltools.gnu-tools-for-stm32.11.3.rel1.macos64_1.1.100.202310310803/tools/bin/../lib/gcc/arm-none-eabi/11.3.1/../../../../arm-none-eabi/lib/thumb/v7-m/nofp/libc.a(libc_a-dtoa.o)
 *fill*         0x0000000008007d2e        0x2 
 .text._dtoa_r  0x0000000008007d30      0xb90 /Applications/STM32CubeIDE.app/Contents/Eclipse/plugins/com.st.stm32cube.ide.mcu.externaltools.gnu-tools-for-stm32.11.3.rel1.macos64_1.1.100.202310310803/tools/bin/../lib/gcc/arm-none-eabi/11.3.1/../../../../arm-none-eabi/lib/thumb/v7-m/nofp/libc.a(libc_a-dtoa.o)
                0x0000000008007d30                _dtoa_r
 .text._malloc_trim_r
                0x00000000080088c0       0xa8 /Applications/STM32CubeIDE.app/Contents/Eclipse/plugins/com.st.stm32cube.ide.mcu.externaltools.gnu-tools-for-stm32.11.3.rel1.macos64_1.1.100.202310310803/tools/bin/../lib/gcc/arm-none-eabi/11.3.1/../../../../arm-none-eabi/lib/thumb/v7-m/nofp/libc.a(libc_a-freer.o)
                0x00000000080088c0                _malloc_trim_r
 .text._free_r  0x0000000008008968      0x180 /Applications/STM32CubeIDE.app/Contents/Eclipse/plugins/com.st.stm32cube.ide.mcu.externaltools.gnu-tools-for-stm32.11.3.rel1.macos64_1.1.100.202310310803/tools/bin/../lib/gcc/arm-none-eabi/11.3.1/../../../../arm-none-eabi/lib/thumb/v7-m/nofp/libc.a(libc_a-freer.o)
                0x0000000008008968                _free_r
 .text.__ascii_mbtowc
                0x0000000008008ae8       0x24 /Applications/STM32CubeIDE.app/Contents/Eclipse/plugins/com.st.stm32cube.ide.mcu.externaltools.gnu-tools-for-stm32.11.3.rel1.macos64_1.1.100.202310310803/tools/bin/../lib/gcc/arm-none-eabi/11.3.1/../../../../arm-none-eabi/lib/thumb/v7-m/nofp/libc.a(libc_a-mbtowc_r.o)
                0x0000000008008ae8                __ascii_mbtowc
 .text._svfprintf_r
                0x0000000008008b0c     0x139c /Applications/STM32CubeIDE.app/Contents/Eclipse/plugins/com.st.stm32cube.ide.mcu.externaltools.gnu-tools-for-stm32.11.3.rel1.macos64_1.1.100.202310310803/tools/bin/../lib/gcc/arm-none-eabi/11.3.1/../../../../arm-none-eabi/lib/thumb/v7-m/nofp/libc.a(libc_a-svfprintf.o)
                0x0000000008008b0c                _svfprintf_r
 .text.__swhatbuf_r
                0x0000000008009ea8       0x50 /Applications/STM32CubeIDE.app/Contents/Eclipse/plugins/com.st.stm32cube.ide.mcu.externaltools.gnu-tools-for-stm32.11.3.rel1.macos64_1.1.100.202310310803/tools/bin/../lib/gcc/arm-none-eabi/11.3.1/../../../../arm-none-eabi/lib/thumb/v7-m/nofp/libc.a(libc_a-makebuf.o)
                0x0000000008009ea8                __swhatbuf_r
 .text.__smakebuf_r
                0x0000000008009ef8       0x78 /Applications/STM32CubeIDE.app/Contents/Eclipse/plugins/com.st.stm32cube.ide.mcu.externaltools.gnu-tools-for-stm32.11.3.rel1.macos64_1.1.100.202310310803/tools/bin/../lib/gcc/arm-none-eabi/11.3.1/../../../../arm-none-eabi/lib/thumb/v7-m/nofp/libc.a(libc_a-makebuf.o)
                0x0000000008009ef8                __smakebuf_r
 .text._Balloc  0x0000000008009f70       0x4a /Applications/STM32CubeIDE.app/Contents/Eclipse/plugins/com.st.stm32cube.ide.mcu.externaltools.gnu-tools-for-stm32.11.3.rel1.macos64_1.1.100.202310310803/tools/bin/../lib/gcc/arm-none-eabi/11.3.1/../../../../arm-none-eabi/lib/thumb/v7-m/nofp/libc.a(libc_a-mprec.o)
                0x0000000008009f70                _Balloc
 .text._Bfree   0x0000000008009fba       0x12 /Applications/STM32CubeIDE.app/Contents/Eclipse/plugins/com.st.stm32cube.ide.mcu.externaltools.gnu-tools-for-stm32.11.3.rel1.macos64_1.1.100.202310310803/tools/bin/../lib/gcc/arm-none-eabi/11.3.1/../../../../arm-none-eabi/lib/thumb/v7-m/nofp/libc.a(libc_a-mprec.o)
                0x0000000008009fba                _Bfree
 .text.__multadd
                0x0000000008009fcc       0x8c /Applications/STM32CubeIDE.app/Contents/Eclipse/plugins/com.st.stm32cube.ide.mcu.externaltools.gnu-tools-for-stm32.11.3.rel1.macos64_1.1.100.202310310803/tools/bin/../lib/gcc/arm-none-eabi/11.3.1/../../../../arm-none-eabi/lib/thumb/v7-m/nofp/libc.a(libc_a-mprec.o)
                0x0000000008009fcc                __multadd
 .text.__hi0bits
                0x000000000800a058       0x40 /Applications/STM32CubeIDE.app/Contents/Eclipse/plugins/com.st.stm32cube.ide.mcu.externaltools.gnu-tools-for-stm32.11.3.rel1.macos64_1.1.100.202310310803/tools/bin/../lib/gcc/arm-none-eabi/11.3.1/../../../../arm-none-eabi/lib/thumb/v7-m/nofp/libc.a(libc_a-mprec.o)
                0x000000000800a058                __hi0bits
 .text.__lo0bits
                0x000000000800a098       0x5a /Applications/STM32CubeIDE.app/Contents/Eclipse/plugins/com.st.stm32cube.ide.mcu.externaltools.gnu-tools-for-stm32.11.3.rel1.macos64_1.1.100.202310310803/tools/bin/../lib/gcc/arm-none-eabi/11.3.1/../../../../arm-none-eabi/lib/thumb/v7-m/nofp/libc.a(libc_a-mprec.o)
                0x000000000800a098                __lo0bits
 *fill*         0x000000000800a0f2        0x2 
 .text.__i2b    0x000000000800a0f4       0x2c /Applications/STM32CubeIDE.app/Contents/Eclipse/plugins/com.st.stm32cube.ide.mcu.externaltools.gnu-tools-for-stm32.11.3.rel1.macos64_1.1.100.202310310803/tools/bin/../lib/gcc/arm-none-eabi/11.3.1/../../../../arm-none-eabi/lib/thumb/v7-m/nofp/libc.a(libc_a-mprec.o)
                0x000000000800a0f4                __i2b
 .text.__multiply
                0x000000000800a120      0x150 /Applications/STM32CubeIDE.app/Contents/Eclipse/plugins/com.st.stm32cube.ide.mcu.externaltools.gnu-tools-for-stm32.11.3.rel1.macos64_1.1.100.202310310803/tools/bin/../lib/gcc/arm-none-eabi/11.3.1/../../../../arm-none-eabi/lib/thumb/v7-m/nofp/libc.a(libc_a-mprec.o)
                0x000000000800a120                __multiply
 .text.__pow5mult
                0x000000000800a270       0x80 /Applications/STM32CubeIDE.app/Contents/Eclipse/plugins/com.st.stm32cube.ide.mcu.externaltools.gnu-tools-for-stm32.11.3.rel1.macos64_1.1.100.202310310803/tools/bin/../lib/gcc/arm-none-eabi/11.3.1/../../../../arm-none-eabi/lib/thumb/v7-m/nofp/libc.a(libc_a-mprec.o)
                0x000000000800a270                __pow5mult
 .text.__lshift
                0x000000000800a2f0       0xd8 /Applications/STM32CubeIDE.app/Contents/Eclipse/plugins/com.st.stm32cube.ide.mcu.externaltools.gnu-tools-for-stm32.11.3.rel1.macos64_1.1.100.202310310803/tools/bin/../lib/gcc/arm-none-eabi/11.3.1/../../../../arm-none-eabi/lib/thumb/v7-m/nofp/libc.a(libc_a-mprec.o)
                0x000000000800a2f0                __lshift
 .text.__mcmp   0x000000000800a3c8       0x36 /Applications/STM32CubeIDE.app/Contents/Eclipse/plugins/com.st.stm32cube.ide.mcu.externaltools.gnu-tools-for-stm32.11.3.rel1.macos64_1.1.100.202310310803/tools/bin/../lib/gcc/arm-none-eabi/11.3.1/../../../../arm-none-eabi/lib/thumb/v7-m/nofp/libc.a(libc_a-mprec.o)
                0x000000000800a3c8                __mcmp
 *fill*         0x000000000800a3fe        0x2 
 .text.__mdiff  0x000000000800a400      0x118 /Applications/STM32CubeIDE.app/Contents/Eclipse/plugins/com.st.stm32cube.ide.mcu.externaltools.gnu-tools-for-stm32.11.3.rel1.macos64_1.1.100.202310310803/tools/bin/../lib/gcc/arm-none-eabi/11.3.1/../../../../arm-none-eabi/lib/thumb/v7-m/nofp/libc.a(libc_a-mprec.o)
                0x000000000800a400                __mdiff
 .text.__d2b    0x000000000800a518       0xac /Applications/STM32CubeIDE.app/Contents/Eclipse/plugins/com.st.stm32cube.ide.mcu.externaltools.gnu-tools-for-stm32.11.3.rel1.macos64_1.1.100.202310310803/tools/bin/../lib/gcc/arm-none-eabi/11.3.1/../../../../arm-none-eabi/lib/thumb/v7-m/nofp/libc.a(libc_a-mprec.o)
                0x000000000800a518                __d2b
 .text._fclose_r
                0x000000000800a5c4       0xae /Applications/STM32CubeIDE.app/Contents/Eclipse/plugins/com.st.stm32cube.ide.mcu.externaltools.gnu-tools-for-stm32.11.3.rel1.macos64_1.1.100.202310310803/tools/bin/../lib/gcc/arm-none-eabi/11.3.1/../../../../arm-none-eabi/lib/thumb/v7-m/nofp/libc.a(libc_a-fclose.o)
                0x000000000800a5c4                _fclose_r
 *fill*         0x000000000800a672        0x2 
 .text._realloc_r
                0x000000000800a674      0x354 /Applications/STM32CubeIDE.app/Contents/Eclipse/plugins/com.st.stm32cube.ide.mcu.externaltools.gnu-tools-for-stm32.11.3.rel1.macos64_1.1.100.202310310803/tools/bin/../lib/gcc/arm-none-eabi/11.3.1/../../../../arm-none-eabi/lib/thumb/v7-m/nofp/libc.a(libc_a-reallocr.o)
                0x000000000800a674                _realloc_r
 .text.__sread  0x000000000800a9c8       0x22 /Applications/STM32CubeIDE.app/Contents/Eclipse/plugins/com.st.stm32cube.ide.mcu.externaltools.gnu-tools-for-stm32.11.3.rel1.macos64_1.1.100.202310310803/tools/bin/../lib/gcc/arm-none-eabi/11.3.1/../../../../arm-none-eabi/lib/thumb/v7-m/nofp/libc.a(libc_a-stdio.o)
                0x000000000800a9c8                __sread
 .text.__swrite
                0x000000000800a9ea       0x38 /Applications/STM32CubeIDE.app/Contents/Eclipse/plugins/com.st.stm32cube.ide.mcu.externaltools.gnu-tools-for-stm32.11.3.rel1.macos64_1.1.100.202310310803/tools/bin/../lib/gcc/arm-none-eabi/11.3.1/../../../../arm-none-eabi/lib/thumb/v7-m/nofp/libc.a(libc_a-stdio.o)
                0x000000000800a9ea                __swrite
 .text.__sseek  0x000000000800aa22       0x24 /Applications/STM32CubeIDE.app/Contents/Eclipse/plugins/com.st.stm32cube.ide.mcu.externaltools.gnu-tools-for-stm32.11.3.rel1.macos64_1.1.100.202310310803/tools/bin/../lib/gcc/arm-none-eabi/11.3.1/../../../../arm-none-eabi/lib/thumb/v7-m/nofp/libc.a(libc_a-stdio.o)
                0x000000000800aa22                __sseek
 .text.__sclose
                0x000000000800aa46        0x8 /Applications/STM32CubeIDE.app/Contents/Eclipse/plugins/com.st.stm32cube.ide.mcu.externaltools.gnu-tools-for-stm32.11.3.rel1.macos64_1.1.100.202310310803/tools/bin/../lib/gcc/arm-none-eabi/11.3.1/../../../../arm-none-eabi/lib/thumb/v7-m/nofp/libc.a(libc_a-stdio.o)
                0x000000000800aa46                __sclose
 .text.__ascii_wctomb
                0x000000000800aa4e       0x1a /Applications/STM32CubeIDE.app/Contents/Eclipse/plugins/com.st.stm32cube.ide.mcu.externaltools.gnu-tools-for-stm32.11.3.rel1.macos64_1.1.100.202310310803/tools/bin/../lib/gcc/arm-none-eabi/11.3.1/../../../../arm-none-eabi/lib/thumb/v7-m/nofp/libc.a(libc_a-wctomb_r.o)
                0x000000000800aa4e                __ascii_wctomb
 .text.__swbuf_r
                0x000000000800aa68       0x92 /Applications/STM32CubeIDE.app/Contents/Eclipse/plugins/com.st.stm32cube.ide.mcu.externaltools.gnu-tools-for-stm32.11.3.rel1.macos64_1.1.100.202310310803/tools/bin/../lib/gcc/arm-none-eabi/11.3.1/../../../../arm-none-eabi/lib/thumb/v7-m/nofp/libc.a(libc_a-wbuf.o)
                0x000000000800aa68                __swbuf_r
 *fill*         0x000000000800aafa        0x2 
 .text._close_r
                0x000000000800aafc       0x20 /Applications/STM32CubeIDE.app/Contents/Eclipse/plugins/com.st.stm32cube.ide.mcu.externaltools.gnu-tools-for-stm32.11.3.rel1.macos64_1.1.100.202310310803/tools/bin/../lib/gcc/arm-none-eabi/11.3.1/../../../../arm-none-eabi/lib/thumb/v7-m/nofp/libc.a(libc_a-closer.o)
                0x000000000800aafc                _close_r
 .text._fstat_r
                0x000000000800ab1c       0x24 /Applications/STM32CubeIDE.app/Contents/Eclipse/plugins/com.st.stm32cube.ide.mcu.externaltools.gnu-tools-for-stm32.11.3.rel1.macos64_1.1.100.202310310803/tools/bin/../lib/gcc/arm-none-eabi/11.3.1/../../../../arm-none-eabi/lib/thumb/v7-m/nofp/libc.a(libc_a-fstatr.o)
                0x000000000800ab1c                _fstat_r
 .text._isatty_r
                0x000000000800ab40       0x20 /Applications/STM32CubeIDE.app/Contents/Eclipse/plugins/com.st.stm32cube.ide.mcu.externaltools.gnu-tools-for-stm32.11.3.rel1.macos64_1.1.100.202310310803/tools/bin/../lib/gcc/arm-none-eabi/11.3.1/../../../../arm-none-eabi/lib/thumb/v7-m/nofp/libc.a(libc_a-isattyr.o)
                0x000000000800ab40                _isatty_r
 .text._lseek_r
                0x000000000800ab60       0x24 /Applications/STM32CubeIDE.app/Contents/Eclipse/plugins/com.st.stm32cube.ide.mcu.externaltools.gnu-tools-for-stm32.11.3.rel1.macos64_1.1.100.202310310803/tools/bin/../lib/gcc/arm-none-eabi/11.3.1/../../../../arm-none-eabi/lib/thumb/v7-m/nofp/libc.a(libc_a-lseekr.o)
                0x000000000800ab60                _lseek_r
 .text._read_r  0x000000000800ab84       0x24 /Applications/STM32CubeIDE.app/Contents/Eclipse/plugins/com.st.stm32cube.ide.mcu.externaltools.gnu-tools-for-stm32.11.3.rel1.macos64_1.1.100.202310310803/tools/bin/../lib/gcc/arm-none-eabi/11.3.1/../../../../arm-none-eabi/lib/thumb/v7-m/nofp/libc.a(libc_a-readr.o)
                0x000000000800ab84                _read_r
 .text._write_r
                0x000000000800aba8       0x24 /Applications/STM32CubeIDE.app/Contents/Eclipse/plugins/com.st.stm32cube.ide.mcu.externaltools.gnu-tools-for-stm32.11.3.rel1.macos64_1.1.100.202310310803/tools/bin/../lib/gcc/arm-none-eabi/11.3.1/../../../../arm-none-eabi/lib/thumb/v7-m/nofp/libc.a(libc_a-writer.o)
                0x000000000800aba8                _write_r
 .text.__libc_fini_array
                0x000000000800abcc       0x28 /Applications/STM32CubeIDE.app/Contents/Eclipse/plugins/com.st.stm32cube.ide.mcu.externaltools.gnu-tools-for-stm32.11.3.rel1.macos64_1.1.100.202310310803/tools/bin/../lib/gcc/arm-none-eabi/11.3.1/../../../../arm-none-eabi/lib/thumb/v7-m/nofp/libc.a(libc_a-fini.o)
                0x000000000800abcc                __libc_fini_array
 .text.__register_exitproc
                0x000000000800abf4       0x80 /Applications/STM32CubeIDE.app/Contents/Eclipse/plugins/com.st.stm32cube.ide.mcu.externaltools.gnu-tools-for-stm32.11.3.rel1.macos64_1.1.100.202310310803/tools/bin/../lib/gcc/arm-none-eabi/11.3.1/../../../../arm-none-eabi/lib/thumb/v7-m/nofp/libc.a(libc_a-__atexit.o)
                0x000000000800abf4                __register_exitproc
 .text.__assert_func
                0x000000000800ac74       0x3c /Applications/STM32CubeIDE.app/Contents/Eclipse/plugins/com.st.stm32cube.ide.mcu.externaltools.gnu-tools-for-stm32.11.3.rel1.macos64_1.1.100.202310310803/tools/bin/../lib/gcc/arm-none-eabi/11.3.1/../../../../arm-none-eabi/lib/thumb/v7-m/nofp/libc.a(libc_a-assert.o)
                0x000000000800ac74                __assert_func
 .text._calloc_r
                0x000000000800acb0       0x6a /Applications/STM32CubeIDE.app/Contents/Eclipse/plugins/com.st.stm32cube.ide.mcu.externaltools.gnu-tools-for-stm32.11.3.rel1.macos64_1.1.100.202310310803/tools/bin/../lib/gcc/arm-none-eabi/11.3.1/../../../../arm-none-eabi/lib/thumb/v7-m/nofp/libc.a(libc_a-callocr.o)
                0x000000000800acb0                _calloc_r
 *fill*         0x000000000800ad1a        0x2 
 .text.fiprintf
                0x000000000800ad1c       0x24 /Applications/STM32CubeIDE.app/Contents/Eclipse/plugins/com.st.stm32cube.ide.mcu.externaltools.gnu-tools-for-stm32.11.3.rel1.macos64_1.1.100.202310310803/tools/bin/../lib/gcc/arm-none-eabi/11.3.1/../../../../arm-none-eabi/lib/thumb/v7-m/nofp/libc.a(libc_a-fiprintf.o)
                0x000000000800ad1c                fiprintf
 .text.__ssprint_r
                0x000000000800ad40       0xfa /Applications/STM32CubeIDE.app/Contents/Eclipse/plugins/com.st.stm32cube.ide.mcu.externaltools.gnu-tools-for-stm32.11.3.rel1.macos64_1.1.100.202310310803/tools/bin/../lib/gcc/arm-none-eabi/11.3.1/../../../../arm-none-eabi/lib/thumb/v7-m/nofp/libc.a(libc_a-svfiprintf.o)
                0x000000000800ad40                __ssprint_r
 .text.abort    0x000000000800ae3a        0xe /Applications/STM32CubeIDE.app/Contents/Eclipse/plugins/com.st.stm32cube.ide.mcu.externaltools.gnu-tools-for-stm32.11.3.rel1.macos64_1.1.100.202310310803/tools/bin/../lib/gcc/arm-none-eabi/11.3.1/../../../../arm-none-eabi/lib/thumb/v7-m/nofp/libc.a(libc_a-abort.o)
                0x000000000800ae3a                abort
 .text._raise_r
                0x000000000800ae48       0x52 /Applications/STM32CubeIDE.app/Contents/Eclipse/plugins/com.st.stm32cube.ide.mcu.externaltools.gnu-tools-for-stm32.11.3.rel1.macos64_1.1.100.202310310803/tools/bin/../lib/gcc/arm-none-eabi/11.3.1/../../../../arm-none-eabi/lib/thumb/v7-m/nofp/libc.a(libc_a-signal.o)
                0x000000000800ae48                _raise_r
 *fill*         0x000000000800ae9a        0x2 
 .text.raise    0x000000000800ae9c       0x10 /Applications/STM32CubeIDE.app/Contents/Eclipse/plugins/com.st.stm32cube.ide.mcu.externaltools.gnu-tools-for-stm32.11.3.rel1.macos64_1.1.100.202310310803/tools/bin/../lib/gcc/arm-none-eabi/11.3.1/../../../../arm-none-eabi/lib/thumb/v7-m/nofp/libc.a(libc_a-signal.o)
                0x000000000800ae9c                raise
 .text._kill_r  0x000000000800aeac       0x24 /Applications/STM32CubeIDE.app/Contents/Eclipse/plugins/com.st.stm32cube.ide.mcu.externaltools.gnu-tools-for-stm32.11.3.rel1.macos64_1.1.100.202310310803/tools/bin/../lib/gcc/arm-none-eabi/11.3.1/../../../../arm-none-eabi/lib/thumb/v7-m/nofp/libc.a(libc_a-signalr.o)
                0x000000000800aeac                _kill_r
 .text._getpid_r
                0x000000000800aed0        0x4 /Applications/STM32CubeIDE.app/Contents/Eclipse/plugins/com.st.stm32cube.ide.mcu.externaltools.gnu-tools-for-stm32.11.3.rel1.macos64_1.1.100.202310310803/tools/bin/../lib/gcc/arm-none-eabi/11.3.1/../../../../arm-none-eabi/lib/thumb/v7-m/nofp/libc.a(libc_a-signalr.o)
                0x000000000800aed0                _getpid_r
 *(.glue_7)
 .glue_7        0x000000000800aed4        0x0 linker stubs
 *(.glue_7t)
 .glue_7t       0x000000000800aed4        0x0 linker stubs
 *(.eh_frame)
 .eh_frame      0x000000000800aed4        0x0 /Applications/STM32CubeIDE.app/Contents/Eclipse/plugins/com.st.stm32cube.ide.mcu.externaltools.gnu-tools-for-stm32.11.3.rel1.macos64_1.1.100.202310310803/tools/bin/../lib/gcc/arm-none-eabi/11.3.1/thumb/v7-m/nofp/crtbegin.o
 *(.init)
 .init          0x000000000800aed4        0x4 /Applications/STM32CubeIDE.app/Contents/Eclipse/plugins/com.st.stm32cube.ide.mcu.externaltools.gnu-tools-for-stm32.11.3.rel1.macos64_1.1.100.202310310803/tools/bin/../lib/gcc/arm-none-eabi/11.3.1/thumb/v7-m/nofp/crti.o
                0x000000000800aed4                _init
 .init          0x000000000800aed8        0x8 /Applications/STM32CubeIDE.app/Contents/Eclipse/plugins/com.st.stm32cube.ide.mcu.externaltools.gnu-tools-for-stm32.11.3.rel1.macos64_1.1.100.202310310803/tools/bin/../lib/gcc/arm-none-eabi/11.3.1/thumb/v7-m/nofp/crtn.o
 *(.fini)
 .fini          0x000000000800aee0        0x4 /Applications/STM32CubeIDE.app/Contents/Eclipse/plugins/com.st.stm32cube.ide.mcu.externaltools.gnu-tools-for-stm32.11.3.rel1.macos64_1.1.100.202310310803/tools/bin/../lib/gcc/arm-none-eabi/11.3.1/thumb/v7-m/nofp/crti.o
                0x000000000800aee0                _fini
 .fini          0x000000000800aee4        0x8 /Applications/STM32CubeIDE.app/Contents/Eclipse/plugins/com.st.stm32cube.ide.mcu.externaltools.gnu-tools-for-stm32.11.3.rel1.macos64_1.1.100.202310310803/tools/bin/../lib/gcc/arm-none-eabi/11.3.1/thumb/v7-m/nofp/crtn.o
                0x000000000800aeec                . = ALIGN (0x4)
                0x000000000800aeec                _etext = .

.vfp11_veneer   0x000000000800aeec        0x0
 .vfp11_veneer  0x000000000800aeec        0x0 linker stubs

.v4_bx          0x000000000800aeec        0x0
 .v4_bx         0x000000000800aeec        0x0 linker stubs

.iplt           0x000000000800aeec        0x0
 .iplt          0x000000000800aeec        0x0 /Applications/STM32CubeIDE.app/Contents/Eclipse/plugins/com.st.stm32cube.ide.mcu.externaltools.gnu-tools-for-stm32.11.3.rel1.macos64_1.1.100.202310310803/tools/bin/../lib/gcc/arm-none-eabi/11.3.1/thumb/v7-m/nofp/crtbegin.o

.rodata         0x000000000800aef0     0x1950
                0x000000000800aef0                . = ALIGN (0x4)
 *(.rodata)
 *(.rodata*)
 .rodata.writeValueFloat.str1.4
                0x000000000800aef0        0x6 ./appli/affichageTFT.o
 *fill*         0x000000000800aef6        0x2 
 .rodata.initTemplate.str1.4
                0x000000000800aef8       0x13 ./appli/affichageTFT.o
 *fill*         0x000000000800af0b        0x1 
 .rodata.ADC_getValue.str1.4
                0x000000000800af0c       0x59 ./lib/bsp/stm32f1_adc.o
 *fill*         0x000000000800af65        0x3 
 .rodata.SPI_Init.str1.4
                0x000000000800af68       0x59 ./lib/bsp/stm32f1_spi.o
 *fill*         0x000000000800afc1        0x3 
 .rodata._exit.str1.4
                0x000000000800afc4        0x5 ./lib/bsp/stm32f1_sys.o
 *fill*         0x000000000800afc9        0x3 
 .rodata.dump_trap_info.str1.4
                0x000000000800afcc      0x126 ./lib/bsp/stm32f1_sys.o
                                        0x12a (size before relaxing)
 *fill*         0x000000000800b0f2        0x2 
 .rodata.NMI_Handler.str1.4
                0x000000000800b0f4       0x14 ./lib/bsp/stm32f1_sys.o
 .rodata.SVC_Handler.str1.4
                0x000000000800b108       0x14 ./lib/bsp/stm32f1_sys.o
                                         0x1e (size before relaxing)
 .rodata.DebugMon_Handler.str1.4
                0x000000000800b108       0x19 ./lib/bsp/stm32f1_sys.o
 *fill*         0x000000000800b121        0x3 
 .rodata.PendSV_Handler.str1.4
                0x000000000800b124       0x26 ./lib/bsp/stm32f1_sys.o
 *fill*         0x000000000800b14a        0x2 
 .rodata.instance_array
                0x000000000800b14c       0x10 ./lib/bsp/stm32f1_timer.o
 .rodata.nvic_irq_array
                0x000000000800b15c        0x4 ./lib/bsp/stm32f1_timer.o
 .rodata.UART_init.str1.4
                0x000000000800b160       0x61 ./lib/bsp/stm32f1_uart.o
 *fill*         0x000000000800b1c1        0x3 
 .rodata.instance_array
                0x000000000800b1c4        0xc ./lib/bsp/stm32f1_uart.o
 .rodata.nvic_irq_array
                0x000000000800b1d0        0x3 ./lib/bsp/stm32f1_uart.o
 *fill*         0x000000000800b1d3        0x1 
 .rodata.WWDG_IRQHandler.str1.4
                0x000000000800b1d4        0x5 ./lib/bsp/stm32f1_weak_it.o
 *fill*         0x000000000800b1d9        0x3 
 .rodata.PVD_IRQHandler.str1.4
                0x000000000800b1dc        0x4 ./lib/bsp/stm32f1_weak_it.o
 .rodata.TAMPER_IRQHandler.str1.4
                0x000000000800b1e0        0x7 ./lib/bsp/stm32f1_weak_it.o
 *fill*         0x000000000800b1e7        0x1 
 .rodata.RTC_IRQHandler.str1.4
                0x000000000800b1e8        0x4 ./lib/bsp/stm32f1_weak_it.o
 .rodata.FLASH_IRQHandler.str1.4
                0x000000000800b1ec        0x6 ./lib/bsp/stm32f1_weak_it.o
 *fill*         0x000000000800b1f2        0x2 
 .rodata.RCC_IRQHandler.str1.4
                0x000000000800b1f4        0x4 ./lib/bsp/stm32f1_weak_it.o
 .rodata.EXTI0_IRQHandler.str1.4
                0x000000000800b1f8        0x6 ./lib/bsp/stm32f1_weak_it.o
 *fill*         0x000000000800b1fe        0x2 
 .rodata.EXTI1_IRQHandler.str1.4
                0x000000000800b200        0x6 ./lib/bsp/stm32f1_weak_it.o
 *fill*         0x000000000800b206        0x2 
 .rodata.EXTI2_IRQHandler.str1.4
                0x000000000800b208        0x6 ./lib/bsp/stm32f1_weak_it.o
 *fill*         0x000000000800b20e        0x2 
 .rodata.EXTI3_IRQHandler.str1.4
                0x000000000800b210        0x6 ./lib/bsp/stm32f1_weak_it.o
 *fill*         0x000000000800b216        0x2 
 .rodata.EXTI4_IRQHandler.str1.4
                0x000000000800b218        0x6 ./lib/bsp/stm32f1_weak_it.o
 *fill*         0x000000000800b21e        0x2 
 .rodata.DMA1_Channel2_IRQHandler.str1.4
                0x000000000800b220        0xe ./lib/bsp/stm32f1_weak_it.o
 *fill*         0x000000000800b22e        0x2 
 .rodata.DMA1_Channel3_IRQHandler.str1.4
                0x000000000800b230        0xe ./lib/bsp/stm32f1_weak_it.o
 *fill*         0x000000000800b23e        0x2 
 .rodata.DMA1_Channel4_IRQHandler.str1.4
                0x000000000800b240        0xe ./lib/bsp/stm32f1_weak_it.o
 *fill*         0x000000000800b24e        0x2 
 .rodata.DMA1_Channel5_IRQHandler.str1.4
                0x000000000800b250        0xe ./lib/bsp/stm32f1_weak_it.o
 *fill*         0x000000000800b25e        0x2 
 .rodata.DMA1_Channel6_IRQHandler.str1.4
                0x000000000800b260        0xe ./lib/bsp/stm32f1_weak_it.o
 *fill*         0x000000000800b26e        0x2 
 .rodata.DMA1_Channel7_IRQHandler.str1.4
                0x000000000800b270        0xe ./lib/bsp/stm32f1_weak_it.o
 *fill*         0x000000000800b27e        0x2 
 .rodata.ADC1_2_IRQHandler.str1.4
                0x000000000800b280        0x7 ./lib/bsp/stm32f1_weak_it.o
 *fill*         0x000000000800b287        0x1 
 .rodata.USB_HP_CAN1_TX_IRQHandler.str1.4
                0x000000000800b288        0xf ./lib/bsp/stm32f1_weak_it.o
 *fill*         0x000000000800b297        0x1 
 .rodata.USB_LP_CAN1_RX0_IRQHandler.str1.4
                0x000000000800b298       0x10 ./lib/bsp/stm32f1_weak_it.o
 .rodata.CAN1_RX1_IRQHandler.str1.4
                0x000000000800b2a8        0x9 ./lib/bsp/stm32f1_weak_it.o
 *fill*         0x000000000800b2b1        0x3 
 .rodata.CAN1_SCE_IRQHandler.str1.4
                0x000000000800b2b4        0x9 ./lib/bsp/stm32f1_weak_it.o
 *fill*         0x000000000800b2bd        0x3 
 .rodata.EXTI9_5_IRQHandler.str1.4
                0x000000000800b2c0        0x8 ./lib/bsp/stm32f1_weak_it.o
 .rodata.TIM1_BRK_IRQHandler.str1.4
                0x000000000800b2c8        0x9 ./lib/bsp/stm32f1_weak_it.o
 *fill*         0x000000000800b2d1        0x3 
 .rodata.TIM1_TRG_COM_IRQHandler.str1.4
                0x000000000800b2d4        0xd ./lib/bsp/stm32f1_weak_it.o
 *fill*         0x000000000800b2e1        0x3 
 .rodata.TIM1_CC_IRQHandler.str1.4
                0x000000000800b2e4        0x8 ./lib/bsp/stm32f1_weak_it.o
 .rodata.I2C1_EV_IRQHandler.str1.4
                0x000000000800b2ec        0x8 ./lib/bsp/stm32f1_weak_it.o
 .rodata.I2C1_ER_IRQHandler.str1.4
                0x000000000800b2f4        0x8 ./lib/bsp/stm32f1_weak_it.o
 .rodata.I2C2_EV_IRQHandler.str1.4
                0x000000000800b2fc        0x8 ./lib/bsp/stm32f1_weak_it.o
 .rodata.I2C2_ER_IRQHandler.str1.4
                0x000000000800b304        0x8 ./lib/bsp/stm32f1_weak_it.o
 .rodata.SPI1_IRQHandler.str1.4
                0x000000000800b30c        0x5 ./lib/bsp/stm32f1_weak_it.o
 .rodata.SPI2_IRQHandler.str1.4
                0x000000000800b311        0x5 ./lib/bsp/stm32f1_weak_it.o
 *fill*         0x000000000800b311        0x3 
 .rodata.EXTI15_10_IRQHandler.str1.4
                0x000000000800b314        0xa ./lib/bsp/stm32f1_weak_it.o
 *fill*         0x000000000800b31e        0x2 
 .rodata.RTC_Alarm_IRQHandler.str1.4
                0x000000000800b320        0xa ./lib/bsp/stm32f1_weak_it.o
 *fill*         0x000000000800b32a        0x2 
 .rodata.USBWakeUp_IRQHandler.str1.4
                0x000000000800b32c        0xa ./lib/bsp/stm32f1_weak_it.o
 *fill*         0x000000000800b336        0x2 
 .rodata.str1.4
                0x000000000800b338       0x21 ./lib/bsp/stm32f1_weak_it.o
 *fill*         0x000000000800b359        0x3 
 .rodata.AHBPrescTable
                0x000000000800b35c       0x10 ./lib/bsp/system_stm32f1xx.o
                0x000000000800b35c                AHBPrescTable
 .rodata.APBPrescTable
                0x000000000800b36c        0x8 ./lib/bsp/system_stm32f1xx.o
                0x000000000800b36c                APBPrescTable
 .rodata.Font11x18
                0x000000000800b374      0xd5c ./lib/bsp/tft_ili9341/stm32f1_fonts.o
                0x000000000800b374                Font11x18
 .rodata.Font7x10
                0x000000000800c0d0      0x3b6 ./lib/bsp/tft_ili9341/stm32f1_fonts.o
                0x000000000800c0d0                Font7x10
 *fill*         0x000000000800c486        0x2 
 .rodata.HAL_RCC_GetSysClockFreq.str1.4
                0x000000000800c488       0x11 ./lib/hal/src/stm32f1xx_hal_rcc.o
 .rodata._vfprintf_r.str1.1
                0x000000000800c499       0x34 /Applications/STM32CubeIDE.app/Contents/Eclipse/plugins/com.st.stm32cube.ide.mcu.externaltools.gnu-tools-for-stm32.11.3.rel1.macos64_1.1.100.202310310803/tools/bin/../lib/gcc/arm-none-eabi/11.3.1/../../../../arm-none-eabi/lib/thumb/v7-m/nofp/libc.a(libc_a-vfprintf.o)
 .rodata.blanks.1
                0x000000000800c4cd       0x10 /Applications/STM32CubeIDE.app/Contents/Eclipse/plugins/com.st.stm32cube.ide.mcu.externaltools.gnu-tools-for-stm32.11.3.rel1.macos64_1.1.100.202310310803/tools/bin/../lib/gcc/arm-none-eabi/11.3.1/../../../../arm-none-eabi/lib/thumb/v7-m/nofp/libc.a(libc_a-vfprintf.o)
 .rodata.zeroes.0
                0x000000000800c4dd       0x10 /Applications/STM32CubeIDE.app/Contents/Eclipse/plugins/com.st.stm32cube.ide.mcu.externaltools.gnu-tools-for-stm32.11.3.rel1.macos64_1.1.100.202310310803/tools/bin/../lib/gcc/arm-none-eabi/11.3.1/../../../../arm-none-eabi/lib/thumb/v7-m/nofp/libc.a(libc_a-vfprintf.o)
 .rodata._vfiprintf_r.str1.1
                0x000000000800c4ed       0x22 /Applications/STM32CubeIDE.app/Contents/Eclipse/plugins/com.st.stm32cube.ide.mcu.externaltools.gnu-tools-for-stm32.11.3.rel1.macos64_1.1.100.202310310803/tools/bin/../lib/gcc/arm-none-eabi/11.3.1/../../../../arm-none-eabi/lib/thumb/v7-m/nofp/libc.a(libc_a-vfiprintf.o)
 .rodata.blanks.1
                0x000000000800c4ed       0x10 /Applications/STM32CubeIDE.app/Contents/Eclipse/plugins/com.st.stm32cube.ide.mcu.externaltools.gnu-tools-for-stm32.11.3.rel1.macos64_1.1.100.202310310803/tools/bin/../lib/gcc/arm-none-eabi/11.3.1/../../../../arm-none-eabi/lib/thumb/v7-m/nofp/libc.a(libc_a-vfiprintf.o)
 .rodata.zeroes.0
                0x000000000800c4fd       0x10 /Applications/STM32CubeIDE.app/Contents/Eclipse/plugins/com.st.stm32cube.ide.mcu.externaltools.gnu-tools-for-stm32.11.3.rel1.macos64_1.1.100.202310310803/tools/bin/../lib/gcc/arm-none-eabi/11.3.1/../../../../arm-none-eabi/lib/thumb/v7-m/nofp/libc.a(libc_a-vfiprintf.o)
 .rodata._setlocale_r.str1.1
                0x000000000800c50d        0x8 /Applications/STM32CubeIDE.app/Contents/Eclipse/plugins/com.st.stm32cube.ide.mcu.externaltools.gnu-tools-for-stm32.11.3.rel1.macos64_1.1.100.202310310803/tools/bin/../lib/gcc/arm-none-eabi/11.3.1/../../../../arm-none-eabi/lib/thumb/v7-m/nofp/libc.a(libc_a-locale.o)
                                          0x9 (size before relaxing)
 .rodata.str1.1
                0x000000000800c515        0x2 /Applications/STM32CubeIDE.app/Contents/Eclipse/plugins/com.st.stm32cube.ide.mcu.externaltools.gnu-tools-for-stm32.11.3.rel1.macos64_1.1.100.202310310803/tools/bin/../lib/gcc/arm-none-eabi/11.3.1/../../../../arm-none-eabi/lib/thumb/v7-m/nofp/libc.a(libc_a-locale.o)
 .rodata._ctype_
                0x000000000800c517      0x101 /Applications/STM32CubeIDE.app/Contents/Eclipse/plugins/com.st.stm32cube.ide.mcu.externaltools.gnu-tools-for-stm32.11.3.rel1.macos64_1.1.100.202310310803/tools/bin/../lib/gcc/arm-none-eabi/11.3.1/../../../../arm-none-eabi/lib/thumb/v7-m/nofp/libc.a(libc_a-ctype_.o)
                0x000000000800c517                _ctype_
 .rodata._dtoa_r.str1.1
                0x000000000800c618       0x76 /Applications/STM32CubeIDE.app/Contents/Eclipse/plugins/com.st.stm32cube.ide.mcu.externaltools.gnu-tools-for-stm32.11.3.rel1.macos64_1.1.100.202310310803/tools/bin/../lib/gcc/arm-none-eabi/11.3.1/../../../../arm-none-eabi/lib/thumb/v7-m/nofp/libc.a(libc_a-dtoa.o)
                                         0x78 (size before relaxing)
 .rodata._svfprintf_r.str1.1
                0x000000000800c68e       0x34 /Applications/STM32CubeIDE.app/Contents/Eclipse/plugins/com.st.stm32cube.ide.mcu.externaltools.gnu-tools-for-stm32.11.3.rel1.macos64_1.1.100.202310310803/tools/bin/../lib/gcc/arm-none-eabi/11.3.1/../../../../arm-none-eabi/lib/thumb/v7-m/nofp/libc.a(libc_a-svfprintf.o)
 .rodata.blanks.1
                0x000000000800c68e       0x10 /Applications/STM32CubeIDE.app/Contents/Eclipse/plugins/com.st.stm32cube.ide.mcu.externaltools.gnu-tools-for-stm32.11.3.rel1.macos64_1.1.100.202310310803/tools/bin/../lib/gcc/arm-none-eabi/11.3.1/../../../../arm-none-eabi/lib/thumb/v7-m/nofp/libc.a(libc_a-svfprintf.o)
 .rodata.zeroes.0
                0x000000000800c69e       0x10 /Applications/STM32CubeIDE.app/Contents/Eclipse/plugins/com.st.stm32cube.ide.mcu.externaltools.gnu-tools-for-stm32.11.3.rel1.macos64_1.1.100.202310310803/tools/bin/../lib/gcc/arm-none-eabi/11.3.1/../../../../arm-none-eabi/lib/thumb/v7-m/nofp/libc.a(libc_a-svfprintf.o)
 .rodata.__multadd.str1.1
                0x000000000800c6ae       0x59 /Applications/STM32CubeIDE.app/Contents/Eclipse/plugins/com.st.stm32cube.ide.mcu.externaltools.gnu-tools-for-stm32.11.3.rel1.macos64_1.1.100.202310310803/tools/bin/../lib/gcc/arm-none-eabi/11.3.1/../../../../arm-none-eabi/lib/thumb/v7-m/nofp/libc.a(libc_a-mprec.o)
                                         0x6a (size before relaxing)
 *fill*         0x000000000800c707        0x1 
 .rodata.__mprec_bigtens
                0x000000000800c708       0x28 /Applications/STM32CubeIDE.app/Contents/Eclipse/plugins/com.st.stm32cube.ide.mcu.externaltools.gnu-tools-for-stm32.11.3.rel1.macos64_1.1.100.202310310803/tools/bin/../lib/gcc/arm-none-eabi/11.3.1/../../../../arm-none-eabi/lib/thumb/v7-m/nofp/libc.a(libc_a-mprec.o)
                0x000000000800c708                __mprec_bigtens
 .rodata.__mprec_tens