../lib/bsp/tft_ili9341/stm32f1_ili9341.c:177:6:ILI9341_setConfig	8	static
../lib/bsp/tft_ili9341/stm32f1_ili9341.c:361:6:ILI9341_SendCommand	16	static
../lib/bsp/tft_ili9341/stm32f1_ili9341.c:343:6:ILI9341_DisplayOn	8	static
../lib/bsp/tft_ili9341/stm32f1_ili9341.c:352:6:ILI9341_DisplayOff	8	static
../lib/bsp/tft_ili9341/stm32f1_ili9341.c:377:6:ILI9341_SendData	16	static
../lib/bsp/tft_ili9341/stm32f1_ili9341.c:187:6:ILI9341_InitLCD	8	static
../lib/bsp/tft_ili9341/stm32f1_ili9341.c:385:6:ILI9341_ReadDatas	24	static
../lib/bsp/tft_ili9341/stm32f1_ili9341.c:425:6:ILI9341_SetCursorPosition	24	static
../lib/bsp/tft_ili9341/stm32f1_ili9341.c:401:6:ILI9341_DrawPixel	8	static
../lib/bsp/tft_ili9341/stm32f1_ili9341.c:409:10:ILI9341_ReadPixel	416	static
../lib/bsp/tft_ili9341/stm32f1_ili9341.c:458:6:ILI9341_INT_Fill	32	static
../lib/bsp/tft_ili9341/stm32f1_ili9341.c:444:6:ILI9341_Fill	16	static
../lib/bsp/tft_ili9341/stm32f1_ili9341.c:503:6:ILI9341_Delay	8	static
../lib/bsp/tft_ili9341/stm32f1_ili9341.c:512:6:ILI9341_Rotate	8	static
../lib/bsp/tft_ili9341/stm32f1_ili9341.c:141:6:ILI9341_Init	24	static
../lib/bsp/tft_ili9341/stm32f1_ili9341.c:629:6:ILI9341_GetStringSize	4	static
../lib/bsp/tft_ili9341/stm32f1_ili9341.c:648:6:ILI9341_Putc	40	static
../lib/bsp/tft_ili9341/stm32f1_ili9341.c:543:6:ILI9341_Puts	32	static
../lib/bsp/tft_ili9341/stm32f1_ili9341.c:698:6:ILI9341_PutBigc	56	static
../lib/bsp/tft_ili9341/stm32f1_ili9341.c:586:6:ILI9341_PutBigs	48	static
../lib/bsp/tft_ili9341/stm32f1_ili9341.c:760:6:ILI9341_DrawLine	56	static
../lib/bsp/tft_ili9341/stm32f1_ili9341.c:841:6:ILI9341_DrawRectangle	32	static
../lib/bsp/tft_ili9341/stm32f1_ili9341.c:857:6:ILI9341_DrawFilledRectangle	16	static
../lib/bsp/tft_ili9341/stm32f1_ili9341.c:887:6:ILI9341_DrawCircle	64	static
../lib/bsp/tft_ili9341/stm32f1_ili9341.c:929:6:ILI9341_DrawFilledCircle	64	static
../lib/bsp/tft_ili9341/stm32f1_ili9341.c:965:18:ILI9341_getOptions	0	static
../lib/bsp/tft_ili9341/stm32f1_ili9341.c:979:6:ILI9341_printf	296	static
../lib/bsp/tft_ili9341/stm32f1_ili9341.c:111:6:ILI9341_demo	32	static
../lib/bsp/tft_ili9341/stm32f1_ili9341.c:1010:6:ILI9341_putImage	24	static
../lib/bsp/tft_ili9341/stm32f1_ili9341.c:1047:6:ILI9341_putImage_monochrome	32	static
